/home/qfc2zn/DNN_NeuroSim_V1.4/Inference_pytorch/log/default/ADCprecision=6/batch_size=200/cellBit=2/dataset=cifar10/decreasing_lr=140,180/detect=0/grad_scale=8/inference=1/lr=0.01/mode=WAGE/model=VGG8/onoffratio=10/parallelRead=128/seed=117/subArray=128/t=0/target=0/v=0/vari=0.0/wl_activate=8/wl_error=8/wl_grad=8/wl_weight=8
=================FLAGS==================
dataset: cifar10
model: VGG8
mode: WAGE
batch_size: 200
epochs: 200
grad_scale: 8
seed: 117
log_interval: 100
test_interval: 1
logdir: /home/qfc2zn/DNN_NeuroSim_V1.4/Inference_pytorch/log/default/ADCprecision=6/batch_size=200/cellBit=2/dataset=cifar10/decreasing_lr=140,180/detect=0/grad_scale=8/inference=1/lr=0.01/mode=WAGE/model=VGG8/onoffratio=10/parallelRead=128/seed=117/subArray=128/t=0/target=0/v=0/vari=0.0/wl_activate=8/wl_error=8/wl_grad=8/wl_weight=8
lr: 0.01
decreasing_lr: 140,180
wl_weight: 8
wl_grad: 8
wl_activate: 8
wl_error: 8
inference: 1
subArray: 128
parallelRead: 128
ADCprecision: 6
cellBit: 2
onoffratio: 10
vari: 0.0
t: 0
v: 0
detect: 0
target: 0
========================================
Building CIFAR-10 data loader with 1 workers
fan_in     27, float_limit 0.333333, float std 0.272166, quant limit 0.9921875, scale 2.0
fan_in   1152, float_limit 0.051031, float std 0.041667, quant limit 0.9921875, scale 16.0
fan_in   1152, float_limit 0.051031, float std 0.041667, quant limit 0.9921875, scale 16.0
fan_in   2304, float_limit 0.036084, float std 0.029463, quant limit 0.9921875, scale 16.0
fan_in   2304, float_limit 0.036084, float std 0.029463, quant limit 0.9921875, scale 16.0
fan_in   4608, float_limit 0.025516, float std 0.020833, quant limit 0.9921875, scale 32.0
fan_in   8192, float_limit 0.019137, float std 0.015625, quant limit 0.9921875, scale 32.0
fan_in   1024, float_limit 0.054127, float std 0.044194, quant limit 0.9921875, scale 16.0
quantize layer  Conv0_
quantize layer  Conv1_
quantize layer  Conv3_
quantize layer  Conv4_
quantize layer  Conv6_
quantize layer  Conv7_
quantize layer  FC0_
quantize layer  FC1_
 --- Hardware Properties --- 
subArray size: 
128
parallel read: 
128
ADC precision: 
6
cell precision: 
2
on/off ratio: 
10
variation: 
0.0
Test set: Average loss: 1.5066, Accuracy: 9218/10000 (92%)
User assigned speed-up degree is larger than the upper bound (where no idle period during the whole process) 
The speed-up degree is auto-assigned as the upper bound (where no idle period during the whole process) 
------------------------------ FloorPlan --------------------------------

Tile and PE size are optimized to maximize memory utilization ( = memory mapped by synapse / total memory on chip)

Desired Conventional Mapped Tile Storage Size: 1024x1024
Desired Conventional PE Storage Size: 512x512
Desired Novel Mapped Tile Storage Size: 9x512x512
User-defined SubArray Size: 128x128

----------------- # of tile used for each layer -----------------
layer1: 2
layer2: 8
layer3: 4
layer4: 8
layer5: 8
layer6: 8
layer7: 64
layer8: 1

----------------- Speed-up of each layer ------------------
layer1: 16
layer2: 16
layer3: 4
layer4: 4
layer5: 2
layer6: 1
layer7: 1
layer8: 8

----------------- Utilization of each layer ------------------
layer1: 0.210938
layer2: 1
layer3: 1
layer4: 1
layer5: 1
layer6: 1
layer7: 1
layer8: 0.625
Memory Utilization of Whole Chip: 98.1038 % 

---------------------------- FloorPlan Done ------------------------------



clkPeriod: 0.00042028
-------------------------------------- Hardware Performance --------------------------------------
-------------------- Estimation of Layer 1 ----------------------
layer1's readLatency is: 3.28825e+10ns
layer1's readDynamicEnergy is: 1.16266e+06pJ
layer1's leakagePower is: 0uW
layer1's leakageEnergy is: 0pJ
layer1's buffer latency is: 2.59832e+10ns
layer1's buffer readDynamicEnergy is: 8031.1pJ
layer1's ic latency is: 5.27865e+09ns
layer1's ic readDynamicEnergy is: 546940pJ

************************ Breakdown of Latency and Dynamic Energy *************************

----------- ADC (or S/As and precharger for SRAM) readLatency is : 1.51301e+09ns
----------- Accumulation Circuits (subarray level: adders, shiftAdds; PE/Tile/Global level: accumulation units) readLatency is : 6.56688e+07ns
----------- Other Peripheries (e.g. decoders, mux, switchmatrix, buffers, IC, pooling and activation units) readLatency is : 3.13039e+10ns
----------- ADC (or S/As and precharger for SRAM) readDynamicEnergy is : 233345pJ
----------- Accumulation Circuits (subarray level: adders, shiftAdds; PE/Tile/Global level: accumulation units) readDynamicEnergy is : 123824pJ
----------- Other Peripheries (e.g. decoders, mux, switchmatrix, buffers, IC, pooling and activation units) readDynamicEnergy is : 805494pJ

************************ Breakdown of Latency and Dynamic Energy *************************

-------------------- Estimation of Layer 2 ----------------------
layer2's readLatency is: 1.56913e+10ns
layer2's readDynamicEnergy is: 9.15676e+06pJ
layer2's leakagePower is: 183.925uW
layer2's leakageEnergy is: 6.0479e+09pJ
layer2's buffer latency is: 9.6251e+09ns
layer2's buffer readDynamicEnergy is: 66070.4pJ
layer2's ic latency is: 3.78357e+09ns
layer2's ic readDynamicEnergy is: 2.30245e+06pJ

************************ Breakdown of Latency and Dynamic Energy *************************

----------- ADC (or S/As and precharger for SRAM) readLatency is : 1.51301e+09ns
----------- Accumulation Circuits (subarray level: adders, shiftAdds; PE/Tile/Global level: accumulation units) readLatency is : 4.43921e+08ns
----------- Other Peripheries (e.g. decoders, mux, switchmatrix, buffers, IC, pooling and activation units) readLatency is : 1.37344e+10ns
----------- ADC (or S/As and precharger for SRAM) readDynamicEnergy is : 3.17414e+06pJ
----------- Accumulation Circuits (subarray level: adders, shiftAdds; PE/Tile/Global level: accumulation units) readDynamicEnergy is : 1.11589e+06pJ
----------- Other Peripheries (e.g. decoders, mux, switchmatrix, buffers, IC, pooling and activation units) readDynamicEnergy is : 4.86673e+06pJ

************************ Breakdown of Latency and Dynamic Energy *************************

-------------------- Estimation of Layer 3 ----------------------
layer3's readLatency is: 6.76724e+09ns
layer3's readDynamicEnergy is: 3.99654e+06pJ
layer3's leakagePower is: 139.701uW
layer3's leakageEnergy is: 4.59371e+09pJ
layer3's buffer latency is: 2.29604e+09ns
layer3's buffer readDynamicEnergy is: 28736.9pJ
layer3's ic latency is: 3.03174e+09ns
layer3's ic readDynamicEnergy is: 1.01583e+06pJ

************************ Breakdown of Latency and Dynamic Energy *************************

----------- ADC (or S/As and precharger for SRAM) readLatency is : 1.318e+09ns
----------- Accumulation Circuits (subarray level: adders, shiftAdds; PE/Tile/Global level: accumulation units) readLatency is : 1.02969e+08ns
----------- Other Peripheries (e.g. decoders, mux, switchmatrix, buffers, IC, pooling and activation units) readLatency is : 5.34628e+09ns
----------- ADC (or S/As and precharger for SRAM) readDynamicEnergy is : 1.38256e+06pJ
----------- Accumulation Circuits (subarray level: adders, shiftAdds; PE/Tile/Global level: accumulation units) readDynamicEnergy is : 481486pJ
----------- Other Peripheries (e.g. decoders, mux, switchmatrix, buffers, IC, pooling and activation units) readDynamicEnergy is : 2.1325e+06pJ

************************ Breakdown of Latency and Dynamic Energy *************************

-------------------- Estimation of Layer 4 ----------------------
layer4's readLatency is: 7.68289e+09ns
layer4's readDynamicEnergy is: 5.73856e+06pJ
layer4's leakagePower is: 279.558uW
layer4's leakageEnergy is: 9.19258e+09pJ
layer4's buffer latency is: 3.30514e+09ns
layer4's buffer readDynamicEnergy is: 41564.3pJ
layer4's ic latency is: 2.79624e+09ns
layer4's ic readDynamicEnergy is: 1.28361e+06pJ

************************ Breakdown of Latency and Dynamic Energy *************************

----------- ADC (or S/As and precharger for SRAM) readLatency is : 1.318e+09ns
----------- Accumulation Circuits (subarray level: adders, shiftAdds; PE/Tile/Global level: accumulation units) readLatency is : 1.21461e+08ns
----------- Other Peripheries (e.g. decoders, mux, switchmatrix, buffers, IC, pooling and activation units) readLatency is : 6.24343e+09ns
----------- ADC (or S/As and precharger for SRAM) readDynamicEnergy is : 1.54214e+06pJ
----------- Accumulation Circuits (subarray level: adders, shiftAdds; PE/Tile/Global level: accumulation units) readDynamicEnergy is : 965026pJ
----------- Other Peripheries (e.g. decoders, mux, switchmatrix, buffers, IC, pooling and activation units) readDynamicEnergy is : 3.2314e+06pJ

************************ Breakdown of Latency and Dynamic Energy *************************

-------------------- Estimation of Layer 5 ----------------------
layer5's readLatency is: 2.22606e+09ns
layer5's readDynamicEnergy is: 2.31828e+06pJ
layer5's leakagePower is: 340.095uW
layer5's leakageEnergy is: 1.11832e+10pJ
layer5's buffer latency is: 6.75432e+08ns
layer5's buffer readDynamicEnergy is: 15245.7pJ
layer5's ic latency is: 1.03704e+09ns
layer5's ic readDynamicEnergy is: 476300pJ

************************ Breakdown of Latency and Dynamic Energy *************************

----------- ADC (or S/As and precharger for SRAM) readLatency is : 4.84163e+08ns
----------- Accumulation Circuits (subarray level: adders, shiftAdds; PE/Tile/Global level: accumulation units) readLatency is : 2.26951e+07ns
----------- Other Peripheries (e.g. decoders, mux, switchmatrix, buffers, IC, pooling and activation units) readLatency is : 1.7192e+09ns
----------- ADC (or S/As and precharger for SRAM) readDynamicEnergy is : 735429pJ
----------- Accumulation Circuits (subarray level: adders, shiftAdds; PE/Tile/Global level: accumulation units) readDynamicEnergy is : 353944pJ
----------- Other Peripheries (e.g. decoders, mux, switchmatrix, buffers, IC, pooling and activation units) readDynamicEnergy is : 1.22891e+06pJ

************************ Breakdown of Latency and Dynamic Energy *************************

-------------------- Estimation of Layer 6 ----------------------
layer6's readLatency is: 4.10492e+09ns
layer6's readDynamicEnergy is: 3.74852e+06pJ
layer6's leakagePower is: 342.526uW
layer6's leakageEnergy is: 1.12631e+10pJ
layer6's buffer latency is: 1.11147e+09ns
layer6's buffer readDynamicEnergy is: 24659.3pJ
layer6's ic latency is: 1.94275e+09ns
layer6's ic readDynamicEnergy is: 677807pJ

************************ Breakdown of Latency and Dynamic Energy *************************

----------- ADC (or S/As and precharger for SRAM) readLatency is : 9.68326e+08ns
----------- Accumulation Circuits (subarray level: adders, shiftAdds; PE/Tile/Global level: accumulation units) readLatency is : 3.02602e+07ns
----------- Other Peripheries (e.g. decoders, mux, switchmatrix, buffers, IC, pooling and activation units) readLatency is : 3.10633e+09ns
----------- ADC (or S/As and precharger for SRAM) readDynamicEnergy is : 972764pJ
----------- Accumulation Circuits (subarray level: adders, shiftAdds; PE/Tile/Global level: accumulation units) readDynamicEnergy is : 708262pJ
----------- Other Peripheries (e.g. decoders, mux, switchmatrix, buffers, IC, pooling and activation units) readDynamicEnergy is : 2.06749e+06pJ

************************ Breakdown of Latency and Dynamic Energy *************************

-------------------- Estimation of Layer 7 ----------------------
layer7's readLatency is: 1.82927e+08ns
layer7's readDynamicEnergy is: 308968pJ
layer7's leakagePower is: 776.479uW
layer7's leakageEnergy is: 2.55326e+10pJ
layer7's buffer latency is: 1.10534e+08ns
layer7's buffer readDynamicEnergy is: 2678.69pJ
layer7's ic latency is: 4.38142e+07ns
layer7's ic readDynamicEnergy is: 64258.7pJ

************************ Breakdown of Latency and Dynamic Energy *************************

----------- ADC (or S/As and precharger for SRAM) readLatency is : 2.68979e+07ns
----------- Accumulation Circuits (subarray level: adders, shiftAdds; PE/Tile/Global level: accumulation units) readLatency is : 1.26084e+06ns
----------- Other Peripheries (e.g. decoders, mux, switchmatrix, buffers, IC, pooling and activation units) readLatency is : 1.54768e+08ns
----------- ADC (or S/As and precharger for SRAM) readDynamicEnergy is : 46788.3pJ
----------- Accumulation Circuits (subarray level: adders, shiftAdds; PE/Tile/Global level: accumulation units) readDynamicEnergy is : 70068.3pJ
----------- Other Peripheries (e.g. decoders, mux, switchmatrix, buffers, IC, pooling and activation units) readDynamicEnergy is : 192111pJ

************************ Breakdown of Latency and Dynamic Energy *************************

-------------------- Estimation of Layer 8 ----------------------
layer8's readLatency is: 1.02153e+08ns
layer8's readDynamicEnergy is: 2038.74pJ
layer8's leakagePower is: 12.1625uW
layer8's leakageEnergy is: 3.99932e+08pJ
layer8's buffer latency is: 5.91253e+07ns
layer8's buffer readDynamicEnergy is: 26.7948pJ
layer8's ic latency is: 3.87725e+07ns
layer8's ic readDynamicEnergy is: 1422.08pJ

************************ Breakdown of Latency and Dynamic Energy *************************

----------- ADC (or S/As and precharger for SRAM) readLatency is : 3.36224e+06ns
----------- Accumulation Circuits (subarray level: adders, shiftAdds; PE/Tile/Global level: accumulation units) readLatency is : 472815ns
----------- Other Peripheries (e.g. decoders, mux, switchmatrix, buffers, IC, pooling and activation units) readLatency is : 9.8318e+07ns
----------- ADC (or S/As and precharger for SRAM) readDynamicEnergy is : 166.481pJ
----------- Accumulation Circuits (subarray level: adders, shiftAdds; PE/Tile/Global level: accumulation units) readDynamicEnergy is : 145.912pJ
----------- Other Peripheries (e.g. decoders, mux, switchmatrix, buffers, IC, pooling and activation units) readDynamicEnergy is : 1726.35pJ

************************ Breakdown of Latency and Dynamic Energy *************************

------------------------------ Summary --------------------------------

ChipArea : 3.2534e+08um^2
Chip total CIM array : 3.60536e+06um^2
Total IC Area on chip (Global and Tile/PE local): 2.55189e+07um^2
Total ADC (or S/As and precharger for SRAM) Area on chip : 1.43548e+06um^2
Total Accumulation Circuits (subarray level: adders, shiftAdds; PE/Tile/Global level: accumulation units) on chip : 1.54545e+07um^2
Other Peripheries (e.g. decoders, mux, switchmatrix, buffers, pooling and activation units) : 4.96364e+07um^2

Chip clock period is: 420280ns
Chip pipeline-system-clock-cycle (per image) is: 3.28825e+10ns
Chip pipeline-system readDynamicEnergy (per image) is: 2.64323e+07pJ
Chip pipeline-system leakage Energy (per image) is: 6.82131e+10pJ
Chip pipeline-system leakage Power (per image) is: 2074.45uW
Chip pipeline-system buffer readLatency (per image) is: 2.59832e+10ns
Chip pipeline-system buffer readDynamicEnergy (per image) is: 187013pJ
Chip pipeline-system ic readLatency (per image) is: 5.27865e+09ns
Chip pipeline-system ic readDynamicEnergy (per image) is: 6.36862e+06pJ

************************ Breakdown of Latency and Dynamic Energy *************************

----------- ADC (or S/As and precharger for SRAM) readLatency is : 1.51301e+09ns
----------- Accumulation Circuits (subarray level: adders, shiftAdds; PE/Tile/Global level: accumulation units) readLatency is : 4.43921e+08ns
----------- Other Peripheries (e.g. decoders, mux, switchmatrix, buffers, IC, pooling and activation units) readLatency is : 3.13039e+10ns
----------- ADC (or S/As and precharger for SRAM) readDynamicEnergy is : 8.08733e+06pJ
----------- Accumulation Circuits (subarray level: adders, shiftAdds; PE/Tile/Global level: accumulation units) readDynamicEnergy is : 3.81865e+06pJ
----------- Other Peripheries (e.g. decoders, mux, switchmatrix, buffers, IC, pooling and activation units) readDynamicEnergy is : 1.45264e+07pJ

************************ Breakdown of Latency and Dynamic Energy *************************


----------------------------- Performance -------------------------------
Energy Efficiency TOPS/W (Pipelined Process): 0.0147964
Throughput TOPS (Pipelined Process): 3.74617e-05
Throughput FPS (Pipelined Process): 0.0304113
Compute efficiency TOPS/mm^2 (Pipelined Process): 1.15146e-07
-------------------------------------- Hardware Performance Done --------------------------------------

------------------------------ Simulation Performance --------------------------------
Total Run-time of NeuroSim: 76 seconds
------------------------------ Simulation Performance --------------------------------
