nohup: ignoring input
/home/qfc2zn/DNN_NeuroSim_V1.4/Inference_pytorch/log/default/ADCprecision=6/batch_size=200/cellBit=2/dataset=cifar10/decreasing_lr=140,180/detect=0/grad_scale=8/inference=1/lr=0.01/mode=WAGE/model=DenseNet40/onoffratio=10/parallelRead=128/seed=117/subArray=128/t=0/target=0/v=0/vari=0.0/wl_activate=8/wl_error=8/wl_grad=8/wl_weight=8
=================FLAGS==================
dataset: cifar10
model: DenseNet40
mode: WAGE
batch_size: 200
epochs: 200
grad_scale: 8
seed: 117
log_interval: 100
test_interval: 1
logdir: /home/qfc2zn/DNN_NeuroSim_V1.4/Inference_pytorch/log/default/ADCprecision=6/batch_size=200/cellBit=2/dataset=cifar10/decreasing_lr=140,180/detect=0/grad_scale=8/inference=1/lr=0.01/mode=WAGE/model=DenseNet40/onoffratio=10/parallelRead=128/seed=117/subArray=128/t=0/target=0/v=0/vari=0.0/wl_activate=8/wl_error=8/wl_grad=8/wl_weight=8
lr: 0.01
decreasing_lr: 140,180
wl_weight: 8
wl_grad: 8
wl_activate: 8
wl_error: 8
inference: 1
subArray: 128
parallelRead: 128
ADCprecision: 6
cellBit: 2
onoffratio: 10
vari: 0.0
t: 0
v: 0
detect: 0
target: 0
========================================
Building CIFAR-10 data loader with 1 workers
Files already downloaded and verified
Files already downloaded and verified
fan_in     27, float_limit 0.333333, float std 0.272166, quant limit 0.9921875, scale 2.0
fan_in     24, float_limit 0.353553, float std 0.288675, quant limit 0.9921875, scale 2.0
fan_in    432, float_limit 0.083333, float std 0.068041, quant limit 0.9921875, scale 8.0
fan_in     36, float_limit 0.288675, float std 0.235702, quant limit 0.9921875, scale 2.0
fan_in    432, float_limit 0.083333, float std 0.068041, quant limit 0.9921875, scale 8.0
fan_in     48, float_limit 0.250000, float std 0.204124, quant limit 0.9921875, scale 4.0
fan_in    432, float_limit 0.083333, float std 0.068041, quant limit 0.9921875, scale 8.0
fan_in     60, float_limit 0.223607, float std 0.182574, quant limit 0.9921875, scale 4.0
fan_in    432, float_limit 0.083333, float std 0.068041, quant limit 0.9921875, scale 8.0
fan_in     72, float_limit 0.204124, float std 0.166667, quant limit 0.9921875, scale 4.0
fan_in    432, float_limit 0.083333, float std 0.068041, quant limit 0.9921875, scale 8.0
fan_in     84, float_limit 0.188982, float std 0.154303, quant limit 0.9921875, scale 4.0
fan_in    432, float_limit 0.083333, float std 0.068041, quant limit 0.9921875, scale 8.0
fan_in     96, float_limit 0.176777, float std 0.144338, quant limit 0.9921875, scale 4.0
fan_in     48, float_limit 0.250000, float std 0.204124, quant limit 0.9921875, scale 4.0
fan_in    432, float_limit 0.083333, float std 0.068041, quant limit 0.9921875, scale 8.0
fan_in     60, float_limit 0.223607, float std 0.182574, quant limit 0.9921875, scale 4.0
fan_in    432, float_limit 0.083333, float std 0.068041, quant limit 0.9921875, scale 8.0
fan_in     72, float_limit 0.204124, float std 0.166667, quant limit 0.9921875, scale 4.0
fan_in    432, float_limit 0.083333, float std 0.068041, quant limit 0.9921875, scale 8.0
fan_in     84, float_limit 0.188982, float std 0.154303, quant limit 0.9921875, scale 4.0
fan_in    432, float_limit 0.083333, float std 0.068041, quant limit 0.9921875, scale 8.0
fan_in     96, float_limit 0.176777, float std 0.144338, quant limit 0.9921875, scale 4.0
fan_in    432, float_limit 0.083333, float std 0.068041, quant limit 0.9921875, scale 8.0
fan_in    108, float_limit 0.166667, float std 0.136083, quant limit 0.9921875, scale 4.0
fan_in    432, float_limit 0.083333, float std 0.068041, quant limit 0.9921875, scale 8.0
fan_in    120, float_limit 0.158114, float std 0.129099, quant limit 0.9921875, scale 4.0
fan_in     60, float_limit 0.223607, float std 0.182574, quant limit 0.9921875, scale 4.0
fan_in    432, float_limit 0.083333, float std 0.068041, quant limit 0.9921875, scale 8.0
fan_in     72, float_limit 0.204124, float std 0.166667, quant limit 0.9921875, scale 4.0
fan_in    432, float_limit 0.083333, float std 0.068041, quant limit 0.9921875, scale 8.0
fan_in     84, float_limit 0.188982, float std 0.154303, quant limit 0.9921875, scale 4.0
fan_in    432, float_limit 0.083333, float std 0.068041, quant limit 0.9921875, scale 8.0
fan_in     96, float_limit 0.176777, float std 0.144338, quant limit 0.9921875, scale 4.0
fan_in    432, float_limit 0.083333, float std 0.068041, quant limit 0.9921875, scale 8.0
fan_in    108, float_limit 0.166667, float std 0.136083, quant limit 0.9921875, scale 4.0
fan_in    432, float_limit 0.083333, float std 0.068041, quant limit 0.9921875, scale 8.0
fan_in    120, float_limit 0.158114, float std 0.129099, quant limit 0.9921875, scale 4.0
fan_in    432, float_limit 0.083333, float std 0.068041, quant limit 0.9921875, scale 8.0
fan_in    132, float_limit 0.150756, float std 0.123091, quant limit 0.9921875, scale 4.0
/home/qfc2zn/DNN_NeuroSim_V1.4/Inference_pytorch/models/DenseNet.py:132: FutureWarning: You are using `torch.load` with `weights_only=False` (the current default value), which uses the default pickle module implicitly. It is possible to construct malicious pickle data which will execute arbitrary code during unpickling (See https://github.com/pytorch/pytorch/blob/main/SECURITY.md#untrusted-models for more details). In a future release, the default value for `weights_only` will be flipped to `True`. This limits the functions that could be executed during unpickling. Arbitrary objects will no longer be allowed to be loaded via this mode unless they are explicitly allowlisted by the user via `torch.serialization.add_safe_globals`. We recommend you start setting `weights_only=True` for any use case where you don't have full control of the loaded file. Please open an issue on GitHub for any issues related to this experimental feature.
  model.load_state_dict(torch.load(pretrained))
quantize layer  Conv0_
quantize layer  Conv1_
quantize layer  Conv2_
quantize layer  Conv3_
quantize layer  Conv4_
quantize layer  Conv5_
quantize layer  Conv6_
quantize layer  Conv7_
quantize layer  Conv8_
quantize layer  Conv9_
quantize layer  Conv10_
quantize layer  Conv11_
quantize layer  Conv12_
quantize layer  Conv13_
quantize layer  Conv14_
quantize layer  Conv15_
quantize layer  Conv16_
quantize layer  Conv17_
quantize layer  Conv18_
quantize layer  Conv19_
quantize layer  Conv20_
quantize layer  Conv21_
quantize layer  Conv22_
quantize layer  Conv23_
quantize layer  Conv24_
quantize layer  Conv25_
quantize layer  Conv26_
quantize layer  Conv27_
quantize layer  Conv28_
quantize layer  Conv29_
quantize layer  Conv30_
quantize layer  Conv31_
quantize layer  Conv32_
quantize layer  Conv33_
quantize layer  Conv34_
quantize layer  Conv35_
quantize layer  Conv36_
quantize layer  Conv37_
quantize layer  Conv38_
quantize layer  FC0_
 --- Hardware Properties --- 
subArray size: 
128
parallel read: 
128
ADC precision: 
6
cell precision: 
2
on/off ratio: 
10
variation: 
0.0
Test set: Average loss: 1.1747, Accuracy: 8029/10000 (80%)
User assigned speed-up degree is larger than the upper bound (where no idle period during the whole process) 
The speed-up degree is auto-assigned as the upper bound (where no idle period during the whole process) 
------------------------------ FloorPlan --------------------------------

Tile and PE size are optimized to maximize memory utilization ( = memory mapped by synapse / total memory on chip)

Desired Conventional Mapped Tile Storage Size: 512x512
Desired Conventional PE Storage Size: 256x256
Desired Novel Mapped Tile Storage Size: 9x512x512
User-defined SubArray Size: 128x128

----------------- # of tile used for each layer -----------------
layer1: 2
layer2: 4
layer3: 4
layer4: 4
layer5: 4
layer6: 4
layer7: 4
layer8: 4
layer9: 8
layer10: 4
layer11: 8
layer12: 4
layer13: 8
layer14: 4
layer15: 1
layer16: 1
layer17: 1
layer18: 2
layer19: 1
layer20: 2
layer21: 1
layer22: 2
layer23: 1
layer24: 2
layer25: 1
layer26: 2
layer27: 1
layer28: 1
layer29: 2
layer30: 1
layer31: 2
layer32: 1
layer33: 2
layer34: 1
layer35: 2
layer36: 1
layer37: 2
layer38: 1
layer39: 3
layer40: 1

----------------- Speed-up of each layer ------------------
layer1: 16
layer2: 16
layer3: 16
layer4: 16
layer5: 16
layer6: 16
layer7: 16
layer8: 16
layer9: 16
layer10: 16
layer11: 16
layer12: 16
layer13: 16
layer14: 16
layer15: 4
layer16: 4
layer17: 4
layer18: 4
layer19: 4
layer20: 4
layer21: 4
layer22: 4
layer23: 4
layer24: 4
layer25: 4
layer26: 4
layer27: 4
layer28: 4
layer29: 4
layer30: 4
layer31: 4
layer32: 4
layer33: 4
layer34: 4
layer35: 4
layer36: 4
layer37: 4
layer38: 4
layer39: 4
layer40: 8

----------------- Utilization of each layer ------------------
layer1: 0.158203
layer2: 0.140625
layer3: 0.210938
layer4: 0.210938
layer5: 0.28125
layer6: 0.28125
layer7: 0.351562
layer8: 0.351562
layer9: 0.210938
layer10: 0.421875
layer11: 0.246094
layer12: 0.492188
layer13: 0.28125
layer14: 0.5625
layer15: 0.28125
layer16: 0.351562
layer17: 0.351562
layer18: 0.210938
layer19: 0.421875
layer20: 0.246094
layer21: 0.492188
layer22: 0.28125
layer23: 0.5625
layer24: 0.316406
layer25: 0.632812
layer26: 0.351562
layer27: 0.878906
layer28: 0.351562
layer29: 0.210938
layer30: 0.421875
layer31: 0.246094
layer32: 0.492188
layer33: 0.28125
layer34: 0.5625
layer35: 0.316406
layer36: 0.632812
layer37: 0.351562
layer38: 0.703125
layer39: 0.257812
layer40: 0.322266
Memory Utilization of Whole Chip: 32.0181 % 

---------------------------- FloorPlan Done ------------------------------



clkPeriod: 1.66336e-09
-------------------------------------- Hardware Performance --------------------------------------
-------------------- Estimation of Layer 1 ----------------------
layer1's readLatency is: 34682ns
layer1's readDynamicEnergy is: 234578pJ
layer1's leakagePower is: 0uW
layer1's leakageEnergy is: 0pJ
layer1's buffer latency is: 23929.2ns
layer1's buffer readDynamicEnergy is: 1933.44pJ
layer1's ic latency is: 4626.13ns
layer1's ic readDynamicEnergy is: 63944.7pJ

************************ Breakdown of Latency and Dynamic Energy *************************

----------- ADC (or S/As and precharger for SRAM) readLatency is : 5988.11ns
----------- Accumulation Circuits (subarray level: adders, shiftAdds; PE/Tile/Global level: accumulation units) readLatency is : 123.505ns
----------- Other Peripheries (e.g. decoders, mux, switchmatrix, buffers, IC, pooling and activation units) readLatency is : 28570.3ns
----------- ADC (or S/As and precharger for SRAM) readDynamicEnergy is : 104296pJ
----------- Accumulation Circuits (subarray level: adders, shiftAdds; PE/Tile/Global level: accumulation units) readDynamicEnergy is : 30851.4pJ
----------- Other Peripheries (e.g. decoders, mux, switchmatrix, buffers, IC, pooling and activation units) readDynamicEnergy is : 99430.2pJ

************************ Breakdown of Latency and Dynamic Energy *************************

-------------------- Estimation of Layer 2 ----------------------
layer2's readLatency is: 61869.1ns
layer2's readDynamicEnergy is: 429684pJ
layer2's leakagePower is: 0uW
layer2's leakageEnergy is: 0pJ
layer2's buffer latency is: 46690.9ns
layer2's buffer readDynamicEnergy is: 3885.71pJ
layer2's ic latency is: 8163.79ns
layer2's ic readDynamicEnergy is: 125796pJ

************************ Breakdown of Latency and Dynamic Energy *************************

----------- ADC (or S/As and precharger for SRAM) readLatency is : 6813.14ns
----------- Accumulation Circuits (subarray level: adders, shiftAdds; PE/Tile/Global level: accumulation units) readLatency is : 169.663ns
----------- Other Peripheries (e.g. decoders, mux, switchmatrix, buffers, IC, pooling and activation units) readLatency is : 54886.3ns
----------- ADC (or S/As and precharger for SRAM) readDynamicEnergy is : 196737pJ
----------- Accumulation Circuits (subarray level: adders, shiftAdds; PE/Tile/Global level: accumulation units) readDynamicEnergy is : 56199.6pJ
----------- Other Peripheries (e.g. decoders, mux, switchmatrix, buffers, IC, pooling and activation units) readDynamicEnergy is : 176748pJ

************************ Breakdown of Latency and Dynamic Energy *************************

-------------------- Estimation of Layer 3 ----------------------
layer3's readLatency is: 35875.5ns
layer3's readDynamicEnergy is: 2.7859e+06pJ
layer3's leakagePower is: 81.5588uW
layer3's leakageEnergy is: 6465.67pJ
layer3's buffer latency is: 17036ns
layer3's buffer readDynamicEnergy is: 16279.7pJ
layer3's ic latency is: 9698.92ns
layer3's ic readDynamicEnergy is: 761768pJ

************************ Breakdown of Latency and Dynamic Energy *************************

----------- ADC (or S/As and precharger for SRAM) readLatency is : 5988.11ns
----------- Accumulation Circuits (subarray level: adders, shiftAdds; PE/Tile/Global level: accumulation units) readLatency is : 3130.87ns
----------- Other Peripheries (e.g. decoders, mux, switchmatrix, buffers, IC, pooling and activation units) readLatency is : 26756.5ns
----------- ADC (or S/As and precharger for SRAM) readDynamicEnergy is : 1.20503e+06pJ
----------- Accumulation Circuits (subarray level: adders, shiftAdds; PE/Tile/Global level: accumulation units) readDynamicEnergy is : 420601pJ
----------- Other Peripheries (e.g. decoders, mux, switchmatrix, buffers, IC, pooling and activation units) readDynamicEnergy is : 1.16026e+06pJ

************************ Breakdown of Latency and Dynamic Energy *************************

-------------------- Estimation of Layer 4 ----------------------
layer4's readLatency is: 65056.1ns
layer4's readDynamicEnergy is: 451213pJ
layer4's leakagePower is: 0uW
layer4's leakageEnergy is: 0pJ
layer4's buffer latency is: 49335.6ns
layer4's buffer readDynamicEnergy is: 4342.08pJ
layer4's ic latency is: 8706.05ns
layer4's ic readDynamicEnergy is: 134759pJ

************************ Breakdown of Latency and Dynamic Energy *************************

----------- ADC (or S/As and precharger for SRAM) readLatency is : 6813.14ns
----------- Accumulation Circuits (subarray level: adders, shiftAdds; PE/Tile/Global level: accumulation units) readLatency is : 169.663ns
----------- Other Peripheries (e.g. decoders, mux, switchmatrix, buffers, IC, pooling and activation units) readLatency is : 58073.3ns
----------- ADC (or S/As and precharger for SRAM) readDynamicEnergy is : 206358pJ
----------- Accumulation Circuits (subarray level: adders, shiftAdds; PE/Tile/Global level: accumulation units) readDynamicEnergy is : 56199.6pJ
----------- Other Peripheries (e.g. decoders, mux, switchmatrix, buffers, IC, pooling and activation units) readDynamicEnergy is : 188655pJ

************************ Breakdown of Latency and Dynamic Energy *************************

-------------------- Estimation of Layer 5 ----------------------
layer5's readLatency is: 40826ns
layer5's readDynamicEnergy is: 3.30018e+06pJ
layer5's leakagePower is: 72.3011uW
layer5's leakageEnergy is: 5731.75pJ
layer5's buffer latency is: 20426.3ns
layer5's buffer readDynamicEnergy is: 19621.1pJ
layer5's ic latency is: 11239.1ns
layer5's ic readDynamicEnergy is: 903941pJ

************************ Breakdown of Latency and Dynamic Energy *************************

----------- ADC (or S/As and precharger for SRAM) readLatency is : 5988.11ns
----------- Accumulation Circuits (subarray level: adders, shiftAdds; PE/Tile/Global level: accumulation units) readLatency is : 3144.18ns
----------- Other Peripheries (e.g. decoders, mux, switchmatrix, buffers, IC, pooling and activation units) readLatency is : 31693.8ns
----------- ADC (or S/As and precharger for SRAM) readDynamicEnergy is : 1.57649e+06pJ
----------- Accumulation Circuits (subarray level: adders, shiftAdds; PE/Tile/Global level: accumulation units) readDynamicEnergy is : 421619pJ
----------- Other Peripheries (e.g. decoders, mux, switchmatrix, buffers, IC, pooling and activation units) readDynamicEnergy is : 1.30207e+06pJ

************************ Breakdown of Latency and Dynamic Energy *************************

-------------------- Estimation of Layer 6 ----------------------
layer6's readLatency is: 68243.1ns
layer6's readDynamicEnergy is: 472448pJ
layer6's leakagePower is: 0uW
layer6's leakageEnergy is: 0pJ
layer6's buffer latency is: 51980.4ns
layer6's buffer readDynamicEnergy is: 4798.44pJ
layer6's ic latency is: 9248.31ns
layer6's ic readDynamicEnergy is: 143721pJ

************************ Breakdown of Latency and Dynamic Energy *************************

----------- ADC (or S/As and precharger for SRAM) readLatency is : 6813.14ns
----------- Accumulation Circuits (subarray level: adders, shiftAdds; PE/Tile/Global level: accumulation units) readLatency is : 169.663ns
----------- Other Peripheries (e.g. decoders, mux, switchmatrix, buffers, IC, pooling and activation units) readLatency is : 61260.3ns
----------- ADC (or S/As and precharger for SRAM) readDynamicEnergy is : 215249pJ
----------- Accumulation Circuits (subarray level: adders, shiftAdds; PE/Tile/Global level: accumulation units) readDynamicEnergy is : 56199.6pJ
----------- Other Peripheries (e.g. decoders, mux, switchmatrix, buffers, IC, pooling and activation units) readDynamicEnergy is : 200999pJ

************************ Breakdown of Latency and Dynamic Energy *************************

-------------------- Estimation of Layer 7 ----------------------
layer7's readLatency is: 45773.2ns
layer7's readDynamicEnergy is: 4.10837e+06pJ
layer7's leakagePower is: 63.9178uW
layer7's leakageEnergy is: 5067.16pJ
layer7's buffer latency is: 23816.6ns
layer7's buffer readDynamicEnergy is: 22957.8pJ
layer7's ic latency is: 12776ns
layer7's ic readDynamicEnergy is: 1.04611e+06pJ

************************ Breakdown of Latency and Dynamic Energy *************************

----------- ADC (or S/As and precharger for SRAM) readLatency is : 5988.11ns
----------- Accumulation Circuits (subarray level: adders, shiftAdds; PE/Tile/Global level: accumulation units) readLatency is : 3157.48ns
----------- Other Peripheries (e.g. decoders, mux, switchmatrix, buffers, IC, pooling and activation units) readLatency is : 36627.6ns
----------- ADC (or S/As and precharger for SRAM) readDynamicEnergy is : 1.97611e+06pJ
----------- Accumulation Circuits (subarray level: adders, shiftAdds; PE/Tile/Global level: accumulation units) readDynamicEnergy is : 558071pJ
----------- Other Peripheries (e.g. decoders, mux, switchmatrix, buffers, IC, pooling and activation units) readDynamicEnergy is : 1.5742e+06pJ

************************ Breakdown of Latency and Dynamic Energy *************************

-------------------- Estimation of Layer 8 ----------------------
layer8's readLatency is: 71430.1ns
layer8's readDynamicEnergy is: 490254pJ
layer8's leakagePower is: 0uW
layer8's leakageEnergy is: 0pJ
layer8's buffer latency is: 54625.1ns
layer8's buffer readDynamicEnergy is: 5254.81pJ
layer8's ic latency is: 9790.57ns
layer8's ic readDynamicEnergy is: 152684pJ

************************ Breakdown of Latency and Dynamic Energy *************************

----------- ADC (or S/As and precharger for SRAM) readLatency is : 6813.14ns
----------- Accumulation Circuits (subarray level: adders, shiftAdds; PE/Tile/Global level: accumulation units) readLatency is : 169.663ns
----------- Other Peripheries (e.g. decoders, mux, switchmatrix, buffers, IC, pooling and activation units) readLatency is : 64447.3ns
----------- ADC (or S/As and precharger for SRAM) readDynamicEnergy is : 221174pJ
----------- Accumulation Circuits (subarray level: adders, shiftAdds; PE/Tile/Global level: accumulation units) readDynamicEnergy is : 56199.6pJ
----------- Other Peripheries (e.g. decoders, mux, switchmatrix, buffers, IC, pooling and activation units) readDynamicEnergy is : 212881pJ

************************ Breakdown of Latency and Dynamic Energy *************************

-------------------- Estimation of Layer 9 ----------------------
layer9's readLatency is: 44156.6ns
layer9's readDynamicEnergy is: 5.09877e+06pJ
layer9's leakagePower is: 148.241uW
layer9's leakageEnergy is: 11752pJ
layer9's buffer latency is: 24993.4ns
layer9's buffer readDynamicEnergy is: 31792.9pJ
layer9's ic latency is: 9962.72ns
layer9's ic readDynamicEnergy is: 1.31245e+06pJ

************************ Breakdown of Latency and Dynamic Energy *************************

----------- ADC (or S/As and precharger for SRAM) readLatency is : 5988.11ns
----------- Accumulation Circuits (subarray level: adders, shiftAdds; PE/Tile/Global level: accumulation units) readLatency is : 3170.79ns
----------- Other Peripheries (e.g. decoders, mux, switchmatrix, buffers, IC, pooling and activation units) readLatency is : 34997.7ns
----------- ADC (or S/As and precharger for SRAM) readDynamicEnergy is : 2.40872e+06pJ
----------- Accumulation Circuits (subarray level: adders, shiftAdds; PE/Tile/Global level: accumulation units) readDynamicEnergy is : 705515pJ
----------- Other Peripheries (e.g. decoders, mux, switchmatrix, buffers, IC, pooling and activation units) readDynamicEnergy is : 1.98454e+06pJ

************************ Breakdown of Latency and Dynamic Energy *************************

-------------------- Estimation of Layer 10 ----------------------
layer10's readLatency is: 74617.1ns
layer10's readDynamicEnergy is: 507996pJ
layer10's leakagePower is: 0uW
layer10's leakageEnergy is: 0pJ
layer10's buffer latency is: 57269.9ns
layer10's buffer readDynamicEnergy is: 5711.17pJ
layer10's ic latency is: 10332.8ns
layer10's ic readDynamicEnergy is: 161647pJ

************************ Breakdown of Latency and Dynamic Energy *************************

----------- ADC (or S/As and precharger for SRAM) readLatency is : 6813.14ns
----------- Accumulation Circuits (subarray level: adders, shiftAdds; PE/Tile/Global level: accumulation units) readLatency is : 169.663ns
----------- Other Peripheries (e.g. decoders, mux, switchmatrix, buffers, IC, pooling and activation units) readLatency is : 67634.3ns
----------- ADC (or S/As and precharger for SRAM) readDynamicEnergy is : 226975pJ
----------- Accumulation Circuits (subarray level: adders, shiftAdds; PE/Tile/Global level: accumulation units) readDynamicEnergy is : 56199.6pJ
----------- Other Peripheries (e.g. decoders, mux, switchmatrix, buffers, IC, pooling and activation units) readDynamicEnergy is : 224822pJ

************************ Breakdown of Latency and Dynamic Energy *************************

-------------------- Estimation of Layer 11 ----------------------
layer11's readLatency is: 44958.7ns
layer11's readDynamicEnergy is: 5.84929e+06pJ
layer11's leakagePower is: 154.319uW
layer11's leakageEnergy is: 12233.8pJ
layer11's buffer latency is: 25063.6ns
layer11's buffer readDynamicEnergy is: 35134.2pJ
layer11's ic latency is: 10674.6ns
layer11's ic readDynamicEnergy is: 1.45463e+06pJ

************************ Breakdown of Latency and Dynamic Energy *************************

----------- ADC (or S/As and precharger for SRAM) readLatency is : 5988.11ns
----------- Accumulation Circuits (subarray level: adders, shiftAdds; PE/Tile/Global level: accumulation units) readLatency is : 3184.1ns
----------- Other Peripheries (e.g. decoders, mux, switchmatrix, buffers, IC, pooling and activation units) readLatency is : 35786.5ns
----------- ADC (or S/As and precharger for SRAM) readDynamicEnergy is : 2.76443e+06pJ
----------- Accumulation Circuits (subarray level: adders, shiftAdds; PE/Tile/Global level: accumulation units) readDynamicEnergy is : 841966pJ
----------- Other Peripheries (e.g. decoders, mux, switchmatrix, buffers, IC, pooling and activation units) readDynamicEnergy is : 2.24289e+06pJ

************************ Breakdown of Latency and Dynamic Energy *************************

-------------------- Estimation of Layer 12 ----------------------
layer12's readLatency is: 77804.1ns
layer12's readDynamicEnergy is: 524341pJ
layer12's leakagePower is: 0uW
layer12's leakageEnergy is: 0pJ
layer12's buffer latency is: 59914.6ns
layer12's buffer readDynamicEnergy is: 6167.54pJ
layer12's ic latency is: 10875.1ns
layer12's ic readDynamicEnergy is: 170609pJ

************************ Breakdown of Latency and Dynamic Energy *************************

----------- ADC (or S/As and precharger for SRAM) readLatency is : 6813.14ns
----------- Accumulation Circuits (subarray level: adders, shiftAdds; PE/Tile/Global level: accumulation units) readLatency is : 169.663ns
----------- Other Peripheries (e.g. decoders, mux, switchmatrix, buffers, IC, pooling and activation units) readLatency is : 70821.3ns
----------- ADC (or S/As and precharger for SRAM) readDynamicEnergy is : 231739pJ
----------- Accumulation Circuits (subarray level: adders, shiftAdds; PE/Tile/Global level: accumulation units) readDynamicEnergy is : 56199.6pJ
----------- Other Peripheries (e.g. decoders, mux, switchmatrix, buffers, IC, pooling and activation units) readDynamicEnergy is : 236402pJ

************************ Breakdown of Latency and Dynamic Energy *************************

-------------------- Estimation of Layer 13 ----------------------
layer13's readLatency is: 45764.1ns
layer13's readDynamicEnergy is: 6.32367e+06pJ
layer13's leakagePower is: 159.882uW
layer13's leakageEnergy is: 12674.8pJ
layer13's buffer latency is: 25133.8ns
layer13's buffer readDynamicEnergy is: 38470.9pJ
layer13's ic latency is: 11389.9ns
layer13's ic readDynamicEnergy is: 1.5968e+06pJ

************************ Breakdown of Latency and Dynamic Energy *************************

----------- ADC (or S/As and precharger for SRAM) readLatency is : 5988.11ns
----------- Accumulation Circuits (subarray level: adders, shiftAdds; PE/Tile/Global level: accumulation units) readLatency is : 3197.4ns
----------- Other Peripheries (e.g. decoders, mux, switchmatrix, buffers, IC, pooling and activation units) readLatency is : 36578.5ns
----------- ADC (or S/As and precharger for SRAM) readDynamicEnergy is : 3.0992e+06pJ
----------- Accumulation Circuits (subarray level: adders, shiftAdds; PE/Tile/Global level: accumulation units) readDynamicEnergy is : 842984pJ
----------- Other Peripheries (e.g. decoders, mux, switchmatrix, buffers, IC, pooling and activation units) readDynamicEnergy is : 2.38149e+06pJ

************************ Breakdown of Latency and Dynamic Energy *************************

-------------------- Estimation of Layer 14 ----------------------
layer14's readLatency is: 79276.2ns
layer14's readDynamicEnergy is: 498038pJ
layer14's leakagePower is: 0uW
layer14's leakageEnergy is: 0pJ
layer14's buffer latency is: 62319.8ns
layer14's buffer readDynamicEnergy is: 6216.1pJ
layer14's ic latency is: 8983.83ns
layer14's ic readDynamicEnergy is: 136347pJ

************************ Breakdown of Latency and Dynamic Energy *************************

----------- ADC (or S/As and precharger for SRAM) readLatency is : 6813.14ns
----------- Accumulation Circuits (subarray level: adders, shiftAdds; PE/Tile/Global level: accumulation units) readLatency is : 169.663ns
----------- Other Peripheries (e.g. decoders, mux, switchmatrix, buffers, IC, pooling and activation units) readLatency is : 72293.4ns
----------- ADC (or S/As and precharger for SRAM) readDynamicEnergy is : 236965pJ
----------- Accumulation Circuits (subarray level: adders, shiftAdds; PE/Tile/Global level: accumulation units) readDynamicEnergy is : 56199.6pJ
----------- Other Peripheries (e.g. decoders, mux, switchmatrix, buffers, IC, pooling and activation units) readDynamicEnergy is : 204874pJ

************************ Breakdown of Latency and Dynamic Energy *************************

-------------------- Estimation of Layer 15 ----------------------
layer15's readLatency is: 23087.5ns
layer15's readDynamicEnergy is: 117423pJ
layer15's leakagePower is: 2.04916uW
layer15's leakageEnergy is: 162.45pJ
layer15's buffer latency is: 13177.2ns
layer15's buffer readDynamicEnergy is: 1199.24pJ
layer15's ic latency is: 2982.41ns
layer15's ic readDynamicEnergy is: 35930.4pJ

************************ Breakdown of Latency and Dynamic Energy *************************

----------- ADC (or S/As and precharger for SRAM) readLatency is : 6813.14ns
----------- Accumulation Circuits (subarray level: adders, shiftAdds; PE/Tile/Global level: accumulation units) readLatency is : 106.455ns
----------- Other Peripheries (e.g. decoders, mux, switchmatrix, buffers, IC, pooling and activation units) readLatency is : 16167.9ns
----------- ADC (or S/As and precharger for SRAM) readDynamicEnergy is : 54070.9pJ
----------- Accumulation Circuits (subarray level: adders, shiftAdds; PE/Tile/Global level: accumulation units) readDynamicEnergy is : 12841.1pJ
----------- Other Peripheries (e.g. decoders, mux, switchmatrix, buffers, IC, pooling and activation units) readDynamicEnergy is : 50510.9pJ

************************ Breakdown of Latency and Dynamic Energy *************************

-------------------- Estimation of Layer 16 ----------------------
layer16's readLatency is: 17233.6ns
layer16's readDynamicEnergy is: 906399pJ
layer16's leakagePower is: 37.9809uW
layer16's leakageEnergy is: 3010.98pJ
layer16's buffer latency is: 5418.72ns
layer16's buffer readDynamicEnergy is: 4994.73pJ
layer16's ic latency is: 5856.73ns
layer16's ic readDynamicEnergy is: 227820pJ

************************ Breakdown of Latency and Dynamic Energy *************************

----------- ADC (or S/As and precharger for SRAM) readLatency is : 5216.31ns
----------- Accumulation Circuits (subarray level: adders, shiftAdds; PE/Tile/Global level: accumulation units) readLatency is : 733.544ns
----------- Other Peripheries (e.g. decoders, mux, switchmatrix, buffers, IC, pooling and activation units) readLatency is : 11283.8ns
----------- ADC (or S/As and precharger for SRAM) readDynamicEnergy is : 440344pJ
----------- Accumulation Circuits (subarray level: adders, shiftAdds; PE/Tile/Global level: accumulation units) readDynamicEnergy is : 120372pJ
----------- Other Peripheries (e.g. decoders, mux, switchmatrix, buffers, IC, pooling and activation units) readDynamicEnergy is : 345684pJ

************************ Breakdown of Latency and Dynamic Energy *************************

-------------------- Estimation of Layer 17 ----------------------
layer17's readLatency is: 24058.9ns
layer17's readDynamicEnergy is: 122028pJ
layer17's leakagePower is: 2.01374uW
layer17's leakageEnergy is: 159.641pJ
layer17's buffer latency is: 13845.8ns
layer17's buffer readDynamicEnergy is: 1313.33pJ
layer17's ic latency is: 3285.15ns
layer17's ic readDynamicEnergy is: 38171pJ

************************ Breakdown of Latency and Dynamic Energy *************************

----------- ADC (or S/As and precharger for SRAM) readLatency is : 6813.14ns
----------- Accumulation Circuits (subarray level: adders, shiftAdds; PE/Tile/Global level: accumulation units) readLatency is : 106.455ns
----------- Other Peripheries (e.g. decoders, mux, switchmatrix, buffers, IC, pooling and activation units) readLatency is : 17139.3ns
----------- ADC (or S/As and precharger for SRAM) readDynamicEnergy is : 55694.7pJ
----------- Accumulation Circuits (subarray level: adders, shiftAdds; PE/Tile/Global level: accumulation units) readDynamicEnergy is : 12841.1pJ
----------- Other Peripheries (e.g. decoders, mux, switchmatrix, buffers, IC, pooling and activation units) readDynamicEnergy is : 53491.8pJ

************************ Breakdown of Latency and Dynamic Energy *************************

-------------------- Estimation of Layer 18 ----------------------
layer18's readLatency is: 16891.3ns
layer18's readDynamicEnergy is: 1.09986e+06pJ
layer18's leakagePower is: 76.381uW
layer18's leakageEnergy is: 6055.19pJ
layer18's buffer latency is: 5688.67ns
layer18's buffer readDynamicEnergy is: 6909.37pJ
layer18's ic latency is: 5242.83ns
layer18's ic readDynamicEnergy is: 285823pJ

************************ Breakdown of Latency and Dynamic Energy *************************

----------- ADC (or S/As and precharger for SRAM) readLatency is : 5216.31ns
----------- Accumulation Circuits (subarray level: adders, shiftAdds; PE/Tile/Global level: accumulation units) readLatency is : 733.544ns
----------- Other Peripheries (e.g. decoders, mux, switchmatrix, buffers, IC, pooling and activation units) readLatency is : 10941.5ns
----------- ADC (or S/As and precharger for SRAM) readDynamicEnergy is : 517313pJ
----------- Accumulation Circuits (subarray level: adders, shiftAdds; PE/Tile/Global level: accumulation units) readDynamicEnergy is : 152260pJ
----------- Other Peripheries (e.g. decoders, mux, switchmatrix, buffers, IC, pooling and activation units) readDynamicEnergy is : 430284pJ

************************ Breakdown of Latency and Dynamic Energy *************************

-------------------- Estimation of Layer 19 ----------------------
layer19's readLatency is: 25030.3ns
layer19's readDynamicEnergy is: 126740pJ
layer19's leakagePower is: 1.97831uW
layer19's leakageEnergy is: 156.833pJ
layer19's buffer latency is: 14514.5ns
layer19's buffer readDynamicEnergy is: 1427.42pJ
layer19's ic latency is: 3587.88ns
layer19's ic readDynamicEnergy is: 40411.6pJ

************************ Breakdown of Latency and Dynamic Energy *************************

----------- ADC (or S/As and precharger for SRAM) readLatency is : 6813.14ns
----------- Accumulation Circuits (subarray level: adders, shiftAdds; PE/Tile/Global level: accumulation units) readLatency is : 106.455ns
----------- Other Peripheries (e.g. decoders, mux, switchmatrix, buffers, IC, pooling and activation units) readLatency is : 18110.7ns
----------- ADC (or S/As and precharger for SRAM) readDynamicEnergy is : 57336.9pJ
----------- Accumulation Circuits (subarray level: adders, shiftAdds; PE/Tile/Global level: accumulation units) readDynamicEnergy is : 12841.1pJ
----------- Other Peripheries (e.g. decoders, mux, switchmatrix, buffers, IC, pooling and activation units) readDynamicEnergy is : 56562.5pJ

************************ Breakdown of Latency and Dynamic Energy *************************

-------------------- Estimation of Layer 20 ----------------------
layer20's readLatency is: 17064.6ns
layer20's readDynamicEnergy is: 1.27106e+06pJ
layer20's leakagePower is: 76.1688uW
layer20's leakageEnergy is: 6038.37pJ
layer20's buffer latency is: 5703.95ns
layer20's buffer readDynamicEnergy is: 7635.33pJ
layer20's ic latency is: 5399.19ns
layer20's ic readDynamicEnergy is: 316785pJ

************************ Breakdown of Latency and Dynamic Energy *************************

----------- ADC (or S/As and precharger for SRAM) readLatency is : 5216.31ns
----------- Accumulation Circuits (subarray level: adders, shiftAdds; PE/Tile/Global level: accumulation units) readLatency is : 733.544ns
----------- Other Peripheries (e.g. decoders, mux, switchmatrix, buffers, IC, pooling and activation units) readLatency is : 11114.8ns
----------- ADC (or S/As and precharger for SRAM) readDynamicEnergy is : 601014pJ
----------- Accumulation Circuits (subarray level: adders, shiftAdds; PE/Tile/Global level: accumulation units) readDynamicEnergy is : 181754pJ
----------- Other Peripheries (e.g. decoders, mux, switchmatrix, buffers, IC, pooling and activation units) readDynamicEnergy is : 488293pJ

************************ Breakdown of Latency and Dynamic Energy *************************

-------------------- Estimation of Layer 21 ----------------------
layer21's readLatency is: 26001.7ns
layer21's readDynamicEnergy is: 130996pJ
layer21's leakagePower is: 1.94288uW
layer21's leakageEnergy is: 154.024pJ
layer21's buffer latency is: 15183.2ns
layer21's buffer readDynamicEnergy is: 1541.51pJ
layer21's ic latency is: 3890.61ns
layer21's ic readDynamicEnergy is: 42652.3pJ

************************ Breakdown of Latency and Dynamic Energy *************************

----------- ADC (or S/As and precharger for SRAM) readLatency is : 6813.14ns
----------- Accumulation Circuits (subarray level: adders, shiftAdds; PE/Tile/Global level: accumulation units) readLatency is : 106.455ns
----------- Other Peripheries (e.g. decoders, mux, switchmatrix, buffers, IC, pooling and activation units) readLatency is : 19082.1ns
----------- ADC (or S/As and precharger for SRAM) readDynamicEnergy is : 58626.5pJ
----------- Accumulation Circuits (subarray level: adders, shiftAdds; PE/Tile/Global level: accumulation units) readDynamicEnergy is : 12841.1pJ
----------- Other Peripheries (e.g. decoders, mux, switchmatrix, buffers, IC, pooling and activation units) readDynamicEnergy is : 59528.1pJ

************************ Breakdown of Latency and Dynamic Energy *************************

-------------------- Estimation of Layer 22 ----------------------
layer22's readLatency is: 17237.9ns
layer22's readDynamicEnergy is: 1.38655e+06pJ
layer22's leakagePower is: 75.9566uW
layer22's leakageEnergy is: 6021.55pJ
layer22's buffer latency is: 5719.23ns
layer22's buffer readDynamicEnergy is: 8361.28pJ
layer22's ic latency is: 5555.55ns
layer22's ic readDynamicEnergy is: 347747pJ

************************ Breakdown of Latency and Dynamic Energy *************************

----------- ADC (or S/As and precharger for SRAM) readLatency is : 5216.31ns
----------- Accumulation Circuits (subarray level: adders, shiftAdds; PE/Tile/Global level: accumulation units) readLatency is : 733.544ns
----------- Other Peripheries (e.g. decoders, mux, switchmatrix, buffers, IC, pooling and activation units) readLatency is : 11288.1ns
----------- ADC (or S/As and precharger for SRAM) readDynamicEnergy is : 683501pJ
----------- Accumulation Circuits (subarray level: adders, shiftAdds; PE/Tile/Global level: accumulation units) readDynamicEnergy is : 181754pJ
----------- Other Peripheries (e.g. decoders, mux, switchmatrix, buffers, IC, pooling and activation units) readDynamicEnergy is : 521296pJ

************************ Breakdown of Latency and Dynamic Energy *************************

-------------------- Estimation of Layer 23 ----------------------
layer23's readLatency is: 26973.1ns
layer23's readDynamicEnergy is: 135017pJ
layer23's leakagePower is: 1.90746uW
layer23's leakageEnergy is: 151.216pJ
layer23's buffer latency is: 15851.9ns
layer23's buffer readDynamicEnergy is: 1655.6pJ
layer23's ic latency is: 4193.34ns
layer23's ic readDynamicEnergy is: 44892.9pJ

************************ Breakdown of Latency and Dynamic Energy *************************

----------- ADC (or S/As and precharger for SRAM) readLatency is : 6813.14ns
----------- Accumulation Circuits (subarray level: adders, shiftAdds; PE/Tile/Global level: accumulation units) readLatency is : 106.455ns
----------- Other Peripheries (e.g. decoders, mux, switchmatrix, buffers, IC, pooling and activation units) readLatency is : 20053.5ns
----------- ADC (or S/As and precharger for SRAM) readDynamicEnergy is : 59741.3pJ
----------- Accumulation Circuits (subarray level: adders, shiftAdds; PE/Tile/Global level: accumulation units) readDynamicEnergy is : 12841.1pJ
----------- Other Peripheries (e.g. decoders, mux, switchmatrix, buffers, IC, pooling and activation units) readDynamicEnergy is : 62434.1pJ

************************ Breakdown of Latency and Dynamic Energy *************************

-------------------- Estimation of Layer 24 ----------------------
layer24's readLatency is: 17407.9ns
layer24's readDynamicEnergy is: 1.521e+06pJ
layer24's leakagePower is: 75.7485uW
layer24's leakageEnergy is: 6005.05pJ
layer24's buffer latency is: 5734.51ns
layer24's buffer readDynamicEnergy is: 9091.91pJ
layer24's ic latency is: 5708.58ns
layer24's ic readDynamicEnergy is: 378709pJ

************************ Breakdown of Latency and Dynamic Energy *************************

----------- ADC (or S/As and precharger for SRAM) readLatency is : 5216.31ns
----------- Accumulation Circuits (subarray level: adders, shiftAdds; PE/Tile/Global level: accumulation units) readLatency is : 733.544ns
----------- Other Peripheries (e.g. decoders, mux, switchmatrix, buffers, IC, pooling and activation units) readLatency is : 11458.1ns
----------- ADC (or S/As and precharger for SRAM) readDynamicEnergy is : 737064pJ
----------- Accumulation Circuits (subarray level: adders, shiftAdds; PE/Tile/Global level: accumulation units) readDynamicEnergy is : 211249pJ
----------- Other Peripheries (e.g. decoders, mux, switchmatrix, buffers, IC, pooling and activation units) readDynamicEnergy is : 572687pJ

************************ Breakdown of Latency and Dynamic Energy *************************

-------------------- Estimation of Layer 25 ----------------------
layer25's readLatency is: 27944.5ns
layer25's readDynamicEnergy is: 139228pJ
layer25's leakagePower is: 1.87203uW
layer25's leakageEnergy is: 148.407pJ
layer25's buffer latency is: 16520.5ns
layer25's buffer readDynamicEnergy is: 1769.7pJ
layer25's ic latency is: 4496.08ns
layer25's ic readDynamicEnergy is: 47133.6pJ

************************ Breakdown of Latency and Dynamic Energy *************************

----------- ADC (or S/As and precharger for SRAM) readLatency is : 6813.14ns
----------- Accumulation Circuits (subarray level: adders, shiftAdds; PE/Tile/Global level: accumulation units) readLatency is : 106.455ns
----------- Other Peripheries (e.g. decoders, mux, switchmatrix, buffers, IC, pooling and activation units) readLatency is : 21024.9ns
----------- ADC (or S/As and precharger for SRAM) readDynamicEnergy is : 60954.6pJ
----------- Accumulation Circuits (subarray level: adders, shiftAdds; PE/Tile/Global level: accumulation units) readDynamicEnergy is : 12841.1pJ
----------- Other Peripheries (e.g. decoders, mux, switchmatrix, buffers, IC, pooling and activation units) readDynamicEnergy is : 65432.5pJ

************************ Breakdown of Latency and Dynamic Energy *************************

-------------------- Estimation of Layer 26 ----------------------
layer26's readLatency is: 17579.6ns
layer26's readDynamicEnergy is: 1.69457e+06pJ
layer26's leakagePower is: 75.5383uW
layer26's leakageEnergy is: 5988.39pJ
layer26's buffer latency is: 5749.79ns
layer26's buffer readDynamicEnergy is: 9817.86pJ
layer26's ic latency is: 5864.93ns
layer26's ic readDynamicEnergy is: 409671pJ

************************ Breakdown of Latency and Dynamic Energy *************************

----------- ADC (or S/As and precharger for SRAM) readLatency is : 5216.31ns
----------- Accumulation Circuits (subarray level: adders, shiftAdds; PE/Tile/Global level: accumulation units) readLatency is : 733.544ns
----------- Other Peripheries (e.g. decoders, mux, switchmatrix, buffers, IC, pooling and activation units) readLatency is : 11629.7ns
----------- ADC (or S/As and precharger for SRAM) readDynamicEnergy is : 822800pJ
----------- Accumulation Circuits (subarray level: adders, shiftAdds; PE/Tile/Global level: accumulation units) readDynamicEnergy is : 240743pJ
----------- Other Peripheries (e.g. decoders, mux, switchmatrix, buffers, IC, pooling and activation units) readDynamicEnergy is : 631025pJ

************************ Breakdown of Latency and Dynamic Energy *************************

-------------------- Estimation of Layer 27 ----------------------
layer27's readLatency is: 31399.3ns
layer27's readDynamicEnergy is: 162344pJ
layer27's leakagePower is: 1.74604uW
layer27's leakageEnergy is: 138.419pJ
layer27's buffer latency is: 19689.3ns
layer27's buffer readDynamicEnergy is: 1942.07pJ
layer27's ic latency is: 4481.11ns
layer27's ic readDynamicEnergy is: 42608.4pJ

************************ Breakdown of Latency and Dynamic Energy *************************

----------- ADC (or S/As and precharger for SRAM) readLatency is : 6813.14ns
----------- Accumulation Circuits (subarray level: adders, shiftAdds; PE/Tile/Global level: accumulation units) readLatency is : 106.455ns
----------- Other Peripheries (e.g. decoders, mux, switchmatrix, buffers, IC, pooling and activation units) readLatency is : 24479.7ns
----------- ADC (or S/As and precharger for SRAM) readDynamicEnergy is : 77990.7pJ
----------- Accumulation Circuits (subarray level: adders, shiftAdds; PE/Tile/Global level: accumulation units) readDynamicEnergy is : 17121.5pJ
----------- Other Peripheries (e.g. decoders, mux, switchmatrix, buffers, IC, pooling and activation units) readDynamicEnergy is : 67231.7pJ

************************ Breakdown of Latency and Dynamic Energy *************************

-------------------- Estimation of Layer 28 ----------------------
layer28's readLatency is: 6016.39ns
layer28's readDynamicEnergy is: 30567.8pJ
layer28's leakagePower is: 2.67174uW
layer28's leakageEnergy is: 211.805pJ
layer28's buffer latency is: 3461.46ns
layer28's buffer readDynamicEnergy is: 328.332pJ
layer28's ic latency is: 821.702ns
layer28's ic readDynamicEnergy is: 9542.75pJ

************************ Breakdown of Latency and Dynamic Energy *************************

----------- ADC (or S/As and precharger for SRAM) readLatency is : 1703.29ns
----------- Accumulation Circuits (subarray level: adders, shiftAdds; PE/Tile/Global level: accumulation units) readLatency is : 26.6138ns
----------- Other Peripheries (e.g. decoders, mux, switchmatrix, buffers, IC, pooling and activation units) readLatency is : 4286.49ns
----------- ADC (or S/As and precharger for SRAM) readDynamicEnergy is : 13963.4pJ
----------- Accumulation Circuits (subarray level: adders, shiftAdds; PE/Tile/Global level: accumulation units) readDynamicEnergy is : 3210.27pJ
----------- Other Peripheries (e.g. decoders, mux, switchmatrix, buffers, IC, pooling and activation units) readDynamicEnergy is : 13394.1pJ

************************ Breakdown of Latency and Dynamic Energy *************************

-------------------- Estimation of Layer 29 ----------------------
layer29's readLatency is: 3106.29ns
layer29's readDynamicEnergy is: 203812pJ
layer29's leakagePower is: 93.2587uW
layer29's leakageEnergy is: 7393.19pJ
layer29's buffer latency is: 1044.55ns
layer29's buffer readDynamicEnergy is: 1255.31pJ
layer29's ic latency is: 967.247ns
layer29's ic readDynamicEnergy is: 52498.1pJ

************************ Breakdown of Latency and Dynamic Energy *************************

----------- ADC (or S/As and precharger for SRAM) readLatency is : 958.098ns
----------- Accumulation Circuits (subarray level: adders, shiftAdds; PE/Tile/Global level: accumulation units) readLatency is : 134.733ns
----------- Other Peripheries (e.g. decoders, mux, switchmatrix, buffers, IC, pooling and activation units) readLatency is : 2013.46ns
----------- ADC (or S/As and precharger for SRAM) readDynamicEnergy is : 96482.4pJ
----------- Accumulation Circuits (subarray level: adders, shiftAdds; PE/Tile/Global level: accumulation units) readDynamicEnergy is : 27966.1pJ
----------- Other Peripheries (e.g. decoders, mux, switchmatrix, buffers, IC, pooling and activation units) readDynamicEnergy is : 79363.3pJ

************************ Breakdown of Latency and Dynamic Energy *************************

-------------------- Estimation of Layer 30 ----------------------
layer30's readLatency is: 6260.07ns
layer30's readDynamicEnergy is: 32134.1pJ
layer30's leakagePower is: 2.66285uW
layer30's leakageEnergy is: 211.101pJ
layer30's buffer latency is: 3628.63ns
layer30's buffer readDynamicEnergy is: 356.855pJ
layer30's ic latency is: 898.217ns
layer30's ic readDynamicEnergy is: 10102.9pJ

************************ Breakdown of Latency and Dynamic Energy *************************

----------- ADC (or S/As and precharger for SRAM) readLatency is : 1703.29ns
----------- Accumulation Circuits (subarray level: adders, shiftAdds; PE/Tile/Global level: accumulation units) readLatency is : 26.6138ns
----------- Other Peripheries (e.g. decoders, mux, switchmatrix, buffers, IC, pooling and activation units) readLatency is : 4530.17ns
----------- ADC (or S/As and precharger for SRAM) readDynamicEnergy is : 14639.8pJ
----------- Accumulation Circuits (subarray level: adders, shiftAdds; PE/Tile/Global level: accumulation units) readDynamicEnergy is : 3210.27pJ
----------- Other Peripheries (e.g. decoders, mux, switchmatrix, buffers, IC, pooling and activation units) readDynamicEnergy is : 14284pJ

************************ Breakdown of Latency and Dynamic Energy *************************

-------------------- Estimation of Layer 31 ----------------------
layer31's readLatency is: 3137.38ns
layer31's readDynamicEnergy is: 237465pJ
layer31's leakagePower is: 93.2206uW
layer31's leakageEnergy is: 7390.18pJ
layer31's buffer latency is: 1047.36ns
layer31's buffer readDynamicEnergy is: 1390.46pJ
layer31's ic latency is: 993.861ns
layer31's ic readDynamicEnergy is: 58185pJ

************************ Breakdown of Latency and Dynamic Energy *************************

----------- ADC (or S/As and precharger for SRAM) readLatency is : 958.098ns
----------- Accumulation Circuits (subarray level: adders, shiftAdds; PE/Tile/Global level: accumulation units) readLatency is : 134.733ns
----------- Other Peripheries (e.g. decoders, mux, switchmatrix, buffers, IC, pooling and activation units) readLatency is : 2044.55ns
----------- ADC (or S/As and precharger for SRAM) readDynamicEnergy is : 113485pJ
----------- Accumulation Circuits (subarray level: adders, shiftAdds; PE/Tile/Global level: accumulation units) readDynamicEnergy is : 33383.4pJ
----------- Other Peripheries (e.g. decoders, mux, switchmatrix, buffers, IC, pooling and activation units) readDynamicEnergy is : 90596pJ

************************ Breakdown of Latency and Dynamic Energy *************************

-------------------- Estimation of Layer 32 ----------------------
layer32's readLatency is: 6502.09ns
layer32's readDynamicEnergy is: 33438.3pJ
layer32's leakagePower is: 2.65402uW
layer32's leakageEnergy is: 210.401pJ
layer32's buffer latency is: 3795.8ns
layer32's buffer readDynamicEnergy is: 385.378pJ
layer32's ic latency is: 973.068ns
layer32's ic readDynamicEnergy is: 10663.1pJ

************************ Breakdown of Latency and Dynamic Energy *************************

----------- ADC (or S/As and precharger for SRAM) readLatency is : 1703.29ns
----------- Accumulation Circuits (subarray level: adders, shiftAdds; PE/Tile/Global level: accumulation units) readLatency is : 26.6138ns
----------- Other Peripheries (e.g. decoders, mux, switchmatrix, buffers, IC, pooling and activation units) readLatency is : 4772.19ns
----------- ADC (or S/As and precharger for SRAM) readDynamicEnergy is : 15115pJ
----------- Accumulation Circuits (subarray level: adders, shiftAdds; PE/Tile/Global level: accumulation units) readDynamicEnergy is : 3210.27pJ
----------- Other Peripheries (e.g. decoders, mux, switchmatrix, buffers, IC, pooling and activation units) readDynamicEnergy is : 15113.1pJ

************************ Breakdown of Latency and Dynamic Energy *************************

-------------------- Estimation of Layer 33 ----------------------
layer33's readLatency is: 3170.12ns
layer33's readDynamicEnergy is: 251779pJ
layer33's leakagePower is: 93.1805uW
layer33's leakageEnergy is: 7387pJ
layer33's buffer latency is: 1050.17ns
layer33's buffer readDynamicEnergy is: 1520.93pJ
layer33's ic latency is: 1023.8ns
layer33's ic readDynamicEnergy is: 63871.9pJ

************************ Breakdown of Latency and Dynamic Energy *************************

----------- ADC (or S/As and precharger for SRAM) readLatency is : 958.098ns
----------- Accumulation Circuits (subarray level: adders, shiftAdds; PE/Tile/Global level: accumulation units) readLatency is : 134.733ns
----------- Other Peripheries (e.g. decoders, mux, switchmatrix, buffers, IC, pooling and activation units) readLatency is : 2077.29ns
----------- ADC (or S/As and precharger for SRAM) readDynamicEnergy is : 123431pJ
----------- Accumulation Circuits (subarray level: adders, shiftAdds; PE/Tile/Global level: accumulation units) readDynamicEnergy is : 33383.4pJ
----------- Other Peripheries (e.g. decoders, mux, switchmatrix, buffers, IC, pooling and activation units) readDynamicEnergy is : 94963.9pJ

************************ Breakdown of Latency and Dynamic Energy *************************

-------------------- Estimation of Layer 34 ----------------------
layer34's readLatency is: 6745.78ns
layer34's readDynamicEnergy is: 34763.7pJ
layer34's leakagePower is: 2.64514uW
layer34's leakageEnergy is: 209.696pJ
layer34's buffer latency is: 3962.97ns
layer34's buffer readDynamicEnergy is: 413.901pJ
layer34's ic latency is: 1049.58ns
layer34's ic readDynamicEnergy is: 11223.2pJ

************************ Breakdown of Latency and Dynamic Energy *************************

----------- ADC (or S/As and precharger for SRAM) readLatency is : 1703.29ns
----------- Accumulation Circuits (subarray level: adders, shiftAdds; PE/Tile/Global level: accumulation units) readLatency is : 26.6138ns
----------- Other Peripheries (e.g. decoders, mux, switchmatrix, buffers, IC, pooling and activation units) readLatency is : 5015.88ns
----------- ADC (or S/As and precharger for SRAM) readDynamicEnergy is : 15585.7pJ
----------- Accumulation Circuits (subarray level: adders, shiftAdds; PE/Tile/Global level: accumulation units) readDynamicEnergy is : 3210.27pJ
----------- Other Peripheries (e.g. decoders, mux, switchmatrix, buffers, IC, pooling and activation units) readDynamicEnergy is : 15967.8pJ

************************ Breakdown of Latency and Dynamic Energy *************************

-------------------- Estimation of Layer 35 ----------------------
layer35's readLatency is: 3202.87ns
layer35's readDynamicEnergy is: 280704pJ
layer35's leakagePower is: 93.1405uW
layer35's leakageEnergy is: 7383.82pJ
layer35's buffer latency is: 1052.97ns
layer35's buffer readDynamicEnergy is: 1656.08pJ
layer35's ic latency is: 1053.74ns
layer35's ic readDynamicEnergy is: 69558.8pJ

************************ Breakdown of Latency and Dynamic Energy *************************

----------- ADC (or S/As and precharger for SRAM) readLatency is : 958.098ns
----------- Accumulation Circuits (subarray level: adders, shiftAdds; PE/Tile/Global level: accumulation units) readLatency is : 134.733ns
----------- Other Peripheries (e.g. decoders, mux, switchmatrix, buffers, IC, pooling and activation units) readLatency is : 2110.04ns
----------- ADC (or S/As and precharger for SRAM) readDynamicEnergy is : 136502pJ
----------- Accumulation Circuits (subarray level: adders, shiftAdds; PE/Tile/Global level: accumulation units) readDynamicEnergy is : 38800.8pJ
----------- Other Peripheries (e.g. decoders, mux, switchmatrix, buffers, IC, pooling and activation units) readDynamicEnergy is : 105401pJ

************************ Breakdown of Latency and Dynamic Energy *************************

-------------------- Estimation of Layer 36 ----------------------
layer36's readLatency is: 6987.8ns
layer36's readDynamicEnergy is: 35822.4pJ
layer36's leakagePower is: 2.63631uW
layer36's leakageEnergy is: 208.997pJ
layer36's buffer latency is: 4130.14ns
layer36's buffer readDynamicEnergy is: 442.424pJ
layer36's ic latency is: 1124.43ns
layer36's ic readDynamicEnergy is: 11783.4pJ

************************ Breakdown of Latency and Dynamic Energy *************************

----------- ADC (or S/As and precharger for SRAM) readLatency is : 1703.29ns
----------- Accumulation Circuits (subarray level: adders, shiftAdds; PE/Tile/Global level: accumulation units) readLatency is : 26.6138ns
----------- Other Peripheries (e.g. decoders, mux, switchmatrix, buffers, IC, pooling and activation units) readLatency is : 5257.9ns
----------- ADC (or S/As and precharger for SRAM) readDynamicEnergy is : 15889pJ
----------- Accumulation Circuits (subarray level: adders, shiftAdds; PE/Tile/Global level: accumulation units) readDynamicEnergy is : 3210.27pJ
----------- Other Peripheries (e.g. decoders, mux, switchmatrix, buffers, IC, pooling and activation units) readDynamicEnergy is : 16723.1pJ

************************ Breakdown of Latency and Dynamic Energy *************************

-------------------- Estimation of Layer 37 ----------------------
layer37's readLatency is: 3232.29ns
layer37's readDynamicEnergy is: 313213pJ
layer37's leakagePower is: 93.1044uW
layer37's leakageEnergy is: 7380.96pJ
layer37's buffer latency is: 1055.78ns
layer37's buffer readDynamicEnergy is: 1791.23pJ
layer37's ic latency is: 1080.36ns
layer37's ic readDynamicEnergy is: 75245.7pJ

************************ Breakdown of Latency and Dynamic Energy *************************

----------- ADC (or S/As and precharger for SRAM) readLatency is : 958.098ns
----------- Accumulation Circuits (subarray level: adders, shiftAdds; PE/Tile/Global level: accumulation units) readLatency is : 134.733ns
----------- Other Peripheries (e.g. decoders, mux, switchmatrix, buffers, IC, pooling and activation units) readLatency is : 2139.46ns
----------- ADC (or S/As and precharger for SRAM) readDynamicEnergy is : 152575pJ
----------- Accumulation Circuits (subarray level: adders, shiftAdds; PE/Tile/Global level: accumulation units) readDynamicEnergy is : 44218.1pJ
----------- Other Peripheries (e.g. decoders, mux, switchmatrix, buffers, IC, pooling and activation units) readDynamicEnergy is : 116420pJ

************************ Breakdown of Latency and Dynamic Energy *************************

-------------------- Estimation of Layer 38 ----------------------
layer38's readLatency is: 7231.48ns
layer38's readDynamicEnergy is: 36880.8pJ
layer38's leakagePower is: 2.62742uW
layer38's leakageEnergy is: 208.292pJ
layer38's buffer latency is: 4297.3ns
layer38's buffer readDynamicEnergy is: 470.947pJ
layer38's ic latency is: 1200.95ns
layer38's ic readDynamicEnergy is: 12343.6pJ

************************ Breakdown of Latency and Dynamic Energy *************************

----------- ADC (or S/As and precharger for SRAM) readLatency is : 1703.29ns
----------- Accumulation Circuits (subarray level: adders, shiftAdds; PE/Tile/Global level: accumulation units) readLatency is : 26.6138ns
----------- Other Peripheries (e.g. decoders, mux, switchmatrix, buffers, IC, pooling and activation units) readLatency is : 5501.58ns
----------- ADC (or S/As and precharger for SRAM) readDynamicEnergy is : 16178.4pJ
----------- Accumulation Circuits (subarray level: adders, shiftAdds; PE/Tile/Global level: accumulation units) readDynamicEnergy is : 3210.27pJ
----------- Other Peripheries (e.g. decoders, mux, switchmatrix, buffers, IC, pooling and activation units) readDynamicEnergy is : 17492.1pJ

************************ Breakdown of Latency and Dynamic Energy *************************

-------------------- Estimation of Layer 39 ----------------------
layer39's readLatency is: 3073.88ns
layer39's readDynamicEnergy is: 347919pJ
layer39's leakagePower is: 139.948uW
layer39's leakageEnergy is: 11094.5pJ
layer39's buffer latency is: 1035.43ns
layer39's buffer readDynamicEnergy is: 2096.17pJ
layer39's ic latency is: 847.484ns
layer39's ic readDynamicEnergy is: 72999.8pJ

************************ Breakdown of Latency and Dynamic Energy *************************

----------- ADC (or S/As and precharger for SRAM) readLatency is : 958.098ns
----------- Accumulation Circuits (subarray level: adders, shiftAdds; PE/Tile/Global level: accumulation units) readLatency is : 134.733ns
----------- Other Peripheries (e.g. decoders, mux, switchmatrix, buffers, IC, pooling and activation units) readLatency is : 1981.05ns
----------- ADC (or S/As and precharger for SRAM) readDynamicEnergy is : 176397pJ
----------- Accumulation Circuits (subarray level: adders, shiftAdds; PE/Tile/Global level: accumulation units) readDynamicEnergy is : 50075.2pJ
----------- Other Peripheries (e.g. decoders, mux, switchmatrix, buffers, IC, pooling and activation units) readDynamicEnergy is : 121447pJ

************************ Breakdown of Latency and Dynamic Energy *************************

-------------------- Estimation of Layer 40 ----------------------
layer40's readLatency is: 68.133ns
layer40's readDynamicEnergy is: 320.232pJ
layer40's leakagePower is: 3.24914uW
layer40's leakageEnergy is: 257.579pJ
layer40's buffer latency is: 37.1008ns
layer40's buffer readDynamicEnergy is: 3.67595pJ
layer40's ic latency is: 15.8539ns
layer40's ic readDynamicEnergy is: 111.795pJ

************************ Breakdown of Latency and Dynamic Energy *************************

----------- ADC (or S/As and precharger for SRAM) readLatency is : 13.3069ns
----------- Accumulation Circuits (subarray level: adders, shiftAdds; PE/Tile/Global level: accumulation units) readLatency is : 0.207921ns
----------- Other Peripheries (e.g. decoders, mux, switchmatrix, buffers, IC, pooling and activation units) readLatency is : 54.6181ns
----------- ADC (or S/As and precharger for SRAM) readDynamicEnergy is : 98.0948pJ
----------- Accumulation Circuits (subarray level: adders, shiftAdds; PE/Tile/Global level: accumulation units) readDynamicEnergy is : 34.8741pJ
----------- Other Peripheries (e.g. decoders, mux, switchmatrix, buffers, IC, pooling and activation units) readDynamicEnergy is : 187.263pJ

************************ Breakdown of Latency and Dynamic Energy *************************

------------------------------ Summary --------------------------------

ChipArea : 3.74547e+08um^2
Chip total CIM array : 3.55664e+06um^2
Total IC Area on chip (Global and Tile/PE local): 4.35338e+07um^2
Total ADC (or S/As and precharger for SRAM) Area on chip : 7.84171e+06um^2
Total Accumulation Circuits (subarray level: adders, shiftAdds; PE/Tile/Global level: accumulation units) on chip : 1.53616e+07um^2
Other Peripheries (e.g. decoders, mux, switchmatrix, buffers, pooling and activation units) : 5.04815e+07um^2

Chip clock period is: 1.66336ns
Chip pipeline-system-clock-cycle (per image) is: 79276.2ns
Chip pipeline-system readDynamicEnergy (per image) is: 4.17268e+07pJ
Chip pipeline-system leakage Energy (per image) is: 137663pJ
Chip pipeline-system leakage Power (per image) is: 1736.5uW
Chip pipeline-system buffer readLatency (per image) is: 62319.8ns
Chip pipeline-system buffer readDynamicEnergy (per image) is: 272337pJ
Chip pipeline-system ic readLatency (per image) is: 12776ns
Chip pipeline-system ic readDynamicEnergy (per image) is: 1.08817e+07pJ

************************ Breakdown of Latency and Dynamic Energy *************************

----------- ADC (or S/As and precharger for SRAM) readLatency is : 6813.14ns
----------- Accumulation Circuits (subarray level: adders, shiftAdds; PE/Tile/Global level: accumulation units) readLatency is : 3197.4ns
----------- Other Peripheries (e.g. decoders, mux, switchmatrix, buffers, IC, pooling and activation units) readLatency is : 72293.4ns
----------- ADC (or S/As and precharger for SRAM) readDynamicEnergy is : 1.97863e+07pJ
----------- Accumulation Circuits (subarray level: adders, shiftAdds; PE/Tile/Global level: accumulation units) readDynamicEnergy is : 5.64443e+06pJ
----------- Other Peripheries (e.g. decoders, mux, switchmatrix, buffers, IC, pooling and activation units) readDynamicEnergy is : 1.62961e+07pJ

************************ Breakdown of Latency and Dynamic Energy *************************


----------------------------- Performance -------------------------------
Energy Efficiency TOPS/W (Pipelined Process): 11.0575
Throughput TOPS (Pipelined Process): 7.12394
Throughput FPS (Pipelined Process): 12614.1
Compute efficiency TOPS/mm^2 (Pipelined Process): 0.0190202
-------------------------------------- Hardware Performance Done --------------------------------------

------------------------------ Simulation Performance --------------------------------
Total Run-time of NeuroSim: 68 seconds
------------------------------ Simulation Performance --------------------------------
