nohup: ignoring input
=================FLAGS==================
dataset: cifar10
model: VGG8
mode: WAGE
batch_size: 200
epochs: 200
grad_scale: 8
seed: 117
log_interval: 100
test_interval: 1
logdir: /home/qfc2zn/DNN_NeuroSim_V1.4/Inference_pytorch/log/default/ADCprecision=5/batch_size=200/cellBit=1/dataset=cifar10/decreasing_lr=140,180/detect=0/grad_scale=8/inference=1/lr=0.01/mode=WAGE/model=VGG8/onoffratio=20.0/parallelRead=128/seed=117/subArray=128/t=0/target=0/v=0/vari=0.25/wl_activate=8/wl_error=8/wl_grad=8/wl_weight=8
lr: 0.01
decreasing_lr: 140,180
wl_weight: 8
wl_grad: 8
wl_activate: 8
wl_error: 8
inference: 1
subArray: 128
parallelRead: 128
ADCprecision: 5
cellBit: 1
onoffratio: 20.0
vari: 0.25
t: 0
v: 0
detect: 0
target: 0
========================================
/home/qfc2zn/DNN_NeuroSim_V1.4/Inference_pytorch/log/default/ADCprecision=5/batch_size=200/cellBit=1/dataset=cifar10/decreasing_lr=140,180/detect=0/grad_scale=8/inference=1/lr=0.01/mode=WAGE/model=VGG8/onoffratio=20.0/parallelRead=128/seed=117/subArray=128/t=0/target=0/v=0/vari=0.25/wl_activate=8/wl_error=8/wl_grad=8/wl_weight=8
Building CIFAR-10 data loader with 1 workers
fan_in     27, float_limit 0.333333, float std 0.272166, quant limit 0.9921875, scale 2.0
fan_in   1152, float_limit 0.051031, float std 0.041667, quant limit 0.9921875, scale 16.0
fan_in   1152, float_limit 0.051031, float std 0.041667, quant limit 0.9921875, scale 16.0
fan_in   2304, float_limit 0.036084, float std 0.029463, quant limit 0.9921875, scale 16.0
fan_in   2304, float_limit 0.036084, float std 0.029463, quant limit 0.9921875, scale 16.0
fan_in   4608, float_limit 0.025516, float std 0.020833, quant limit 0.9921875, scale 32.0
fan_in   8192, float_limit 0.019137, float std 0.015625, quant limit 0.9921875, scale 32.0
fan_in   1024, float_limit 0.054127, float std 0.044194, quant limit 0.9921875, scale 16.0
Traceback (most recent call last):
  File "/home/qfc2zn/DNN_NeuroSim_V1.4/Inference_pytorch/inference.py", line 86, in <module>
    modelCF = VGG.vgg8(args = args, logger=logger, pretrained = model_path)
  File "/home/qfc2zn/DNN_NeuroSim_V1.4/Inference_pytorch/models/VGG.py", line 91, in vgg8
    model.load_state_dict(torch.load(pretrained))
  File "/home/qfc2zn/.conda/envs/neurosim/lib/python3.10/site-packages/torch/serialization.py", line 1546, in load
    return _legacy_load(
  File "/home/qfc2zn/.conda/envs/neurosim/lib/python3.10/site-packages/torch/serialization.py", line 1812, in _legacy_load
    result = unpickler.load()
  File "/home/qfc2zn/.conda/envs/neurosim/lib/python3.10/site-packages/torch/_weights_only_unpickler.py", line 535, in load
    self.append(self.persistent_load(pid))
  File "/home/qfc2zn/.conda/envs/neurosim/lib/python3.10/site-packages/torch/serialization.py", line 1747, in persistent_load
    obj = restore_location(obj, location)
  File "/home/qfc2zn/.conda/envs/neurosim/lib/python3.10/site-packages/torch/serialization.py", line 698, in default_restore_location
    result = fn(storage, location)
  File "/home/qfc2zn/.conda/envs/neurosim/lib/python3.10/site-packages/torch/serialization.py", line 636, in _deserialize
    device = _validate_device(location, backend_name)
  File "/home/qfc2zn/.conda/envs/neurosim/lib/python3.10/site-packages/torch/serialization.py", line 605, in _validate_device
    raise RuntimeError(
RuntimeError: Attempting to deserialize object on a CUDA device but torch.cuda.is_available() is False. If you are running on a CPU-only machine, please use torch.load with map_location=torch.device('cpu') to map your storages to the CPU.
