/home/qfc2zn/DNN_NeuroSim_V1.4/Inference_pytorch/log/default/ADCprecision=6/batch_size=200/cellBit=2/dataset=cifar10/decreasing_lr=140,180/detect=0/grad_scale=8/inference=1/lr=0.01/mode=WAGE/model=DenseNet40/onoffratio=10/parallelRead=128/seed=117/subArray=128/t=0/target=0/v=0/vari=0.0/wl_activate=8/wl_error=8/wl_grad=8/wl_weight=8
=================FLAGS==================
dataset: cifar10
model: DenseNet40
mode: WAGE
batch_size: 200
epochs: 200
grad_scale: 8
seed: 117
log_interval: 100
test_interval: 1
logdir: /home/qfc2zn/DNN_NeuroSim_V1.4/Inference_pytorch/log/default/ADCprecision=6/batch_size=200/cellBit=2/dataset=cifar10/decreasing_lr=140,180/detect=0/grad_scale=8/inference=1/lr=0.01/mode=WAGE/model=DenseNet40/onoffratio=10/parallelRead=128/seed=117/subArray=128/t=0/target=0/v=0/vari=0.0/wl_activate=8/wl_error=8/wl_grad=8/wl_weight=8
lr: 0.01
decreasing_lr: 140,180
wl_weight: 8
wl_grad: 8
wl_activate: 8
wl_error: 8
inference: 1
subArray: 128
parallelRead: 128
ADCprecision: 6
cellBit: 2
onoffratio: 10
vari: 0.0
t: 0
v: 0
detect: 0
target: 0
========================================
Building CIFAR-10 data loader with 1 workers
fan_in     27, float_limit 0.333333, float std 0.272166, quant limit 0.9921875, scale 2.0
fan_in     24, float_limit 0.353553, float std 0.288675, quant limit 0.9921875, scale 2.0
fan_in    432, float_limit 0.083333, float std 0.068041, quant limit 0.9921875, scale 8.0
fan_in     36, float_limit 0.288675, float std 0.235702, quant limit 0.9921875, scale 2.0
fan_in    432, float_limit 0.083333, float std 0.068041, quant limit 0.9921875, scale 8.0
fan_in     48, float_limit 0.250000, float std 0.204124, quant limit 0.9921875, scale 4.0
fan_in    432, float_limit 0.083333, float std 0.068041, quant limit 0.9921875, scale 8.0
fan_in     60, float_limit 0.223607, float std 0.182574, quant limit 0.9921875, scale 4.0
fan_in    432, float_limit 0.083333, float std 0.068041, quant limit 0.9921875, scale 8.0
fan_in     72, float_limit 0.204124, float std 0.166667, quant limit 0.9921875, scale 4.0
fan_in    432, float_limit 0.083333, float std 0.068041, quant limit 0.9921875, scale 8.0
fan_in     84, float_limit 0.188982, float std 0.154303, quant limit 0.9921875, scale 4.0
fan_in    432, float_limit 0.083333, float std 0.068041, quant limit 0.9921875, scale 8.0
fan_in     96, float_limit 0.176777, float std 0.144338, quant limit 0.9921875, scale 4.0
fan_in     48, float_limit 0.250000, float std 0.204124, quant limit 0.9921875, scale 4.0
fan_in    432, float_limit 0.083333, float std 0.068041, quant limit 0.9921875, scale 8.0
fan_in     60, float_limit 0.223607, float std 0.182574, quant limit 0.9921875, scale 4.0
fan_in    432, float_limit 0.083333, float std 0.068041, quant limit 0.9921875, scale 8.0
fan_in     72, float_limit 0.204124, float std 0.166667, quant limit 0.9921875, scale 4.0
fan_in    432, float_limit 0.083333, float std 0.068041, quant limit 0.9921875, scale 8.0
fan_in     84, float_limit 0.188982, float std 0.154303, quant limit 0.9921875, scale 4.0
fan_in    432, float_limit 0.083333, float std 0.068041, quant limit 0.9921875, scale 8.0
fan_in     96, float_limit 0.176777, float std 0.144338, quant limit 0.9921875, scale 4.0
fan_in    432, float_limit 0.083333, float std 0.068041, quant limit 0.9921875, scale 8.0
fan_in    108, float_limit 0.166667, float std 0.136083, quant limit 0.9921875, scale 4.0
fan_in    432, float_limit 0.083333, float std 0.068041, quant limit 0.9921875, scale 8.0
fan_in    120, float_limit 0.158114, float std 0.129099, quant limit 0.9921875, scale 4.0
fan_in     60, float_limit 0.223607, float std 0.182574, quant limit 0.9921875, scale 4.0
fan_in    432, float_limit 0.083333, float std 0.068041, quant limit 0.9921875, scale 8.0
fan_in     72, float_limit 0.204124, float std 0.166667, quant limit 0.9921875, scale 4.0
fan_in    432, float_limit 0.083333, float std 0.068041, quant limit 0.9921875, scale 8.0
fan_in     84, float_limit 0.188982, float std 0.154303, quant limit 0.9921875, scale 4.0
fan_in    432, float_limit 0.083333, float std 0.068041, quant limit 0.9921875, scale 8.0
fan_in     96, float_limit 0.176777, float std 0.144338, quant limit 0.9921875, scale 4.0
fan_in    432, float_limit 0.083333, float std 0.068041, quant limit 0.9921875, scale 8.0
fan_in    108, float_limit 0.166667, float std 0.136083, quant limit 0.9921875, scale 4.0
fan_in    432, float_limit 0.083333, float std 0.068041, quant limit 0.9921875, scale 8.0
fan_in    120, float_limit 0.158114, float std 0.129099, quant limit 0.9921875, scale 4.0
fan_in    432, float_limit 0.083333, float std 0.068041, quant limit 0.9921875, scale 8.0
fan_in    132, float_limit 0.150756, float std 0.123091, quant limit 0.9921875, scale 4.0
quantize layer  Conv0_
quantize layer  Conv1_
quantize layer  Conv2_
quantize layer  Conv3_
quantize layer  Conv4_
quantize layer  Conv5_
quantize layer  Conv6_
quantize layer  Conv7_
quantize layer  Conv8_
quantize layer  Conv9_
quantize layer  Conv10_
quantize layer  Conv11_
quantize layer  Conv12_
quantize layer  Conv13_
quantize layer  Conv14_
quantize layer  Conv15_
quantize layer  Conv16_
quantize layer  Conv17_
quantize layer  Conv18_
quantize layer  Conv19_
quantize layer  Conv20_
quantize layer  Conv21_
quantize layer  Conv22_
quantize layer  Conv23_
quantize layer  Conv24_
quantize layer  Conv25_
quantize layer  Conv26_
quantize layer  Conv27_
quantize layer  Conv28_
quantize layer  Conv29_
quantize layer  Conv30_
quantize layer  Conv31_
quantize layer  Conv32_
quantize layer  Conv33_
quantize layer  Conv34_
quantize layer  Conv35_
quantize layer  Conv36_
quantize layer  Conv37_
quantize layer  Conv38_
quantize layer  FC0_
 --- Hardware Properties --- 
subArray size: 
128
parallel read: 
128
ADC precision: 
6
cell precision: 
2
on/off ratio: 
10
variation: 
0.0
Test set: Average loss: 1.1747, Accuracy: 8029/10000 (80%)
User assigned speed-up degree is larger than the upper bound (where no idle period during the whole process) 
The speed-up degree is auto-assigned as the upper bound (where no idle period during the whole process) 
------------------------------ FloorPlan --------------------------------

Tile and PE size are optimized to maximize memory utilization ( = memory mapped by synapse / total memory on chip)

Desired Conventional Mapped Tile Storage Size: 512x512
Desired Conventional PE Storage Size: 256x256
Desired Novel Mapped Tile Storage Size: 9x512x512
User-defined SubArray Size: 128x128

----------------- # of tile used for each layer -----------------
layer1: 2
layer2: 4
layer3: 4
layer4: 4
layer5: 4
layer6: 4
layer7: 4
layer8: 4
layer9: 8
layer10: 4
layer11: 8
layer12: 4
layer13: 8
layer14: 4
layer15: 1
layer16: 1
layer17: 1
layer18: 2
layer19: 1
layer20: 2
layer21: 1
layer22: 2
layer23: 1
layer24: 2
layer25: 1
layer26: 2
layer27: 1
layer28: 1
layer29: 2
layer30: 1
layer31: 2
layer32: 1
layer33: 2
layer34: 1
layer35: 2
layer36: 1
layer37: 2
layer38: 1
layer39: 3
layer40: 1

----------------- Speed-up of each layer ------------------
layer1: 16
layer2: 16
layer3: 16
layer4: 16
layer5: 16
layer6: 16
layer7: 16
layer8: 16
layer9: 16
layer10: 16
layer11: 16
layer12: 16
layer13: 16
layer14: 16
layer15: 4
layer16: 4
layer17: 4
layer18: 4
layer19: 4
layer20: 4
layer21: 4
layer22: 4
layer23: 4
layer24: 4
layer25: 4
layer26: 4
layer27: 4
layer28: 4
layer29: 4
layer30: 4
layer31: 4
layer32: 4
layer33: 4
layer34: 4
layer35: 4
layer36: 4
layer37: 4
layer38: 4
layer39: 4
layer40: 8

----------------- Utilization of each layer ------------------
layer1: 0.158203
layer2: 0.140625
layer3: 0.210938
layer4: 0.210938
layer5: 0.28125
layer6: 0.28125
layer7: 0.351562
layer8: 0.351562
layer9: 0.210938
layer10: 0.421875
layer11: 0.246094
layer12: 0.492188
layer13: 0.28125
layer14: 0.5625
layer15: 0.28125
layer16: 0.351562
layer17: 0.351562
layer18: 0.210938
layer19: 0.421875
layer20: 0.246094
layer21: 0.492188
layer22: 0.28125
layer23: 0.5625
layer24: 0.316406
layer25: 0.632812
layer26: 0.351562
layer27: 0.878906
layer28: 0.351562
layer29: 0.210938
layer30: 0.421875
layer31: 0.246094
layer32: 0.492188
layer33: 0.28125
layer34: 0.5625
layer35: 0.316406
layer36: 0.632812
layer37: 0.351562
layer38: 0.703125
layer39: 0.257812
layer40: 0.322266
Memory Utilization of Whole Chip: 32.0181 % 

---------------------------- FloorPlan Done ------------------------------



clkPeriod: 7.42262e-07
-------------------------------------- Hardware Performance --------------------------------------
-------------------- Estimation of Layer 1 ----------------------
layer1's readLatency is: 1.54698e+07ns
layer1's readDynamicEnergy is: 856575pJ
layer1's leakagePower is: 0uW
layer1's leakageEnergy is: 0pJ
layer1's buffer latency is: 1.06782e+07ns
layer1's buffer readDynamicEnergy is: 1933.44pJ
layer1's ic latency is: 2.06437e+06ns
layer1's ic readDynamicEnergy is: 60742.2pJ

************************ Breakdown of Latency and Dynamic Energy *************************

----------- ADC (or S/As and precharger for SRAM) readLatency is : 2.67214e+06ns
----------- Accumulation Circuits (subarray level: adders, shiftAdds; PE/Tile/Global level: accumulation units) readLatency is : 48432.6ns
----------- Other Peripheries (e.g. decoders, mux, switchmatrix, buffers, IC, pooling and activation units) readLatency is : 1.27493e+07ns
----------- ADC (or S/As and precharger for SRAM) readDynamicEnergy is : 700475pJ
----------- Accumulation Circuits (subarray level: adders, shiftAdds; PE/Tile/Global level: accumulation units) readDynamicEnergy is : 30851.4pJ
----------- Other Peripheries (e.g. decoders, mux, switchmatrix, buffers, IC, pooling and activation units) readDynamicEnergy is : 125248pJ

************************ Breakdown of Latency and Dynamic Energy *************************

-------------------- Estimation of Layer 2 ----------------------
layer2's readLatency is: 2.75944e+07ns
layer2's readDynamicEnergy is: 1.5978e+06pJ
layer2's leakagePower is: 0uW
layer2's leakageEnergy is: 0pJ
layer2's buffer latency is: 2.08354e+07ns
layer2's buffer readDynamicEnergy is: 3885.71pJ
layer2's ic latency is: 3.64302e+06ns
layer2's ic readDynamicEnergy is: 119447pJ

************************ Breakdown of Latency and Dynamic Energy *************************

----------- ADC (or S/As and precharger for SRAM) readLatency is : 3.04031e+06ns
----------- Accumulation Circuits (subarray level: adders, shiftAdds; PE/Tile/Global level: accumulation units) readLatency is : 61607.8ns
----------- Other Peripheries (e.g. decoders, mux, switchmatrix, buffers, IC, pooling and activation units) readLatency is : 2.44925e+07ns
----------- ADC (or S/As and precharger for SRAM) readDynamicEnergy is : 1.32168e+06pJ
----------- Accumulation Circuits (subarray level: adders, shiftAdds; PE/Tile/Global level: accumulation units) readDynamicEnergy is : 56199.6pJ
----------- Other Peripheries (e.g. decoders, mux, switchmatrix, buffers, IC, pooling and activation units) readDynamicEnergy is : 219926pJ

************************ Breakdown of Latency and Dynamic Energy *************************

-------------------- Estimation of Layer 3 ----------------------
layer3's readLatency is: 1.33266e+07ns
layer3's readDynamicEnergy is: 9.23795e+06pJ
layer3's leakagePower is: 90.9505uW
layer3's leakageEnergy is: 3.21621e+06pJ
layer3's buffer latency is: 7.60216e+06ns
layer3's buffer readDynamicEnergy is: 16279.7pJ
layer3's ic latency is: 2.32321e+06ns
layer3's ic readDynamicEnergy is: 721267pJ

************************ Breakdown of Latency and Dynamic Energy *************************

----------- ADC (or S/As and precharger for SRAM) readLatency is : 2.67214e+06ns
----------- Accumulation Circuits (subarray level: adders, shiftAdds; PE/Tile/Global level: accumulation units) readLatency is : 719438ns
----------- Other Peripheries (e.g. decoders, mux, switchmatrix, buffers, IC, pooling and activation units) readLatency is : 9.93502e+06ns
----------- ADC (or S/As and precharger for SRAM) readDynamicEnergy is : 7.30582e+06pJ
----------- Accumulation Circuits (subarray level: adders, shiftAdds; PE/Tile/Global level: accumulation units) readDynamicEnergy is : 420601pJ
----------- Other Peripheries (e.g. decoders, mux, switchmatrix, buffers, IC, pooling and activation units) readDynamicEnergy is : 1.51153e+06pJ

************************ Breakdown of Latency and Dynamic Energy *************************

-------------------- Estimation of Layer 4 ----------------------
layer4's readLatency is: 2.90166e+07ns
layer4's readDynamicEnergy is: 1.63688e+06pJ
layer4's leakagePower is: 0uW
layer4's leakageEnergy is: 0pJ
layer4's buffer latency is: 2.20156e+07ns
layer4's buffer readDynamicEnergy is: 4342.08pJ
layer4's ic latency is: 3.885e+06ns
layer4's ic readDynamicEnergy is: 128034pJ

************************ Breakdown of Latency and Dynamic Energy *************************

----------- ADC (or S/As and precharger for SRAM) readLatency is : 3.04031e+06ns
----------- Accumulation Circuits (subarray level: adders, shiftAdds; PE/Tile/Global level: accumulation units) readLatency is : 61607.8ns
----------- Other Peripheries (e.g. decoders, mux, switchmatrix, buffers, IC, pooling and activation units) readLatency is : 2.59147e+07ns
----------- ADC (or S/As and precharger for SRAM) readDynamicEnergy is : 1.34923e+06pJ
----------- Accumulation Circuits (subarray level: adders, shiftAdds; PE/Tile/Global level: accumulation units) readDynamicEnergy is : 56199.6pJ
----------- Other Peripheries (e.g. decoders, mux, switchmatrix, buffers, IC, pooling and activation units) readDynamicEnergy is : 231458pJ

************************ Breakdown of Latency and Dynamic Energy *************************

-------------------- Estimation of Layer 5 ----------------------
layer5's readLatency is: 1.52143e+07ns
layer5's readDynamicEnergy is: 1.19759e+07pJ
layer5's leakagePower is: 83.6705uW
layer5's leakageEnergy is: 2.95877e+06pJ
layer5's buffer latency is: 9.11507e+06ns
layer5's buffer readDynamicEnergy is: 19621.1pJ
layer5's ic latency is: 2.69209e+06ns
layer5's ic readDynamicEnergy is: 854334pJ

************************ Breakdown of Latency and Dynamic Energy *************************

----------- ADC (or S/As and precharger for SRAM) readLatency is : 2.67214e+06ns
----------- Accumulation Circuits (subarray level: adders, shiftAdds; PE/Tile/Global level: accumulation units) readLatency is : 722407ns
----------- Other Peripheries (e.g. decoders, mux, switchmatrix, buffers, IC, pooling and activation units) readLatency is : 1.18198e+07ns
----------- ADC (or S/As and precharger for SRAM) readDynamicEnergy is : 9.91009e+06pJ
----------- Accumulation Circuits (subarray level: adders, shiftAdds; PE/Tile/Global level: accumulation units) readDynamicEnergy is : 421619pJ
----------- Other Peripheries (e.g. decoders, mux, switchmatrix, buffers, IC, pooling and activation units) readDynamicEnergy is : 1.64424e+06pJ

************************ Breakdown of Latency and Dynamic Energy *************************

-------------------- Estimation of Layer 6 ----------------------
layer6's readLatency is: 3.04388e+07ns
layer6's readDynamicEnergy is: 1.66886e+06pJ
layer6's leakagePower is: 0uW
layer6's leakageEnergy is: 0pJ
layer6's buffer latency is: 2.31958e+07ns
layer6's buffer readDynamicEnergy is: 4798.44pJ
layer6's ic latency is: 4.12698e+06ns
layer6's ic readDynamicEnergy is: 136622pJ

************************ Breakdown of Latency and Dynamic Energy *************************

----------- ADC (or S/As and precharger for SRAM) readLatency is : 3.04031e+06ns
----------- Accumulation Circuits (subarray level: adders, shiftAdds; PE/Tile/Global level: accumulation units) readLatency is : 61607.8ns
----------- Other Peripheries (e.g. decoders, mux, switchmatrix, buffers, IC, pooling and activation units) readLatency is : 2.73369e+07ns
----------- ADC (or S/As and precharger for SRAM) readDynamicEnergy is : 1.36923e+06pJ
----------- Accumulation Circuits (subarray level: adders, shiftAdds; PE/Tile/Global level: accumulation units) readDynamicEnergy is : 56199.6pJ
----------- Other Peripheries (e.g. decoders, mux, switchmatrix, buffers, IC, pooling and activation units) readDynamicEnergy is : 243427pJ

************************ Breakdown of Latency and Dynamic Energy *************************

-------------------- Estimation of Layer 7 ----------------------
layer7's readLatency is: 1.71013e+07ns
layer7's readDynamicEnergy is: 1.48938e+07pJ
layer7's leakagePower is: 77.0754uW
layer7's leakageEnergy is: 2.72556e+06pJ
layer7's buffer latency is: 1.06279e+07ns
layer7's buffer readDynamicEnergy is: 22957.8pJ
layer7's ic latency is: 3.06023e+06ns
layer7's ic readDynamicEnergy is: 987401pJ

************************ Breakdown of Latency and Dynamic Energy *************************

----------- ADC (or S/As and precharger for SRAM) readLatency is : 2.67214e+06ns
----------- Accumulation Circuits (subarray level: adders, shiftAdds; PE/Tile/Global level: accumulation units) readLatency is : 725376ns
----------- Other Peripheries (e.g. decoders, mux, switchmatrix, buffers, IC, pooling and activation units) readLatency is : 1.37038e+07ns
----------- ADC (or S/As and precharger for SRAM) readDynamicEnergy is : 1.22979e+07pJ
----------- Accumulation Circuits (subarray level: adders, shiftAdds; PE/Tile/Global level: accumulation units) readDynamicEnergy is : 558071pJ
----------- Other Peripheries (e.g. decoders, mux, switchmatrix, buffers, IC, pooling and activation units) readDynamicEnergy is : 2.03784e+06pJ

************************ Breakdown of Latency and Dynamic Energy *************************

-------------------- Estimation of Layer 8 ----------------------
layer8's readLatency is: 3.1861e+07ns
layer8's readDynamicEnergy is: 1.69287e+06pJ
layer8's leakagePower is: 0uW
layer8's leakageEnergy is: 0pJ
layer8's buffer latency is: 2.4376e+07ns
layer8's buffer readDynamicEnergy is: 5254.81pJ
layer8's ic latency is: 4.36896e+06ns
layer8's ic readDynamicEnergy is: 145209pJ

************************ Breakdown of Latency and Dynamic Energy *************************

----------- ADC (or S/As and precharger for SRAM) readLatency is : 3.04031e+06ns
----------- Accumulation Circuits (subarray level: adders, shiftAdds; PE/Tile/Global level: accumulation units) readLatency is : 61607.8ns
----------- Other Peripheries (e.g. decoders, mux, switchmatrix, buffers, IC, pooling and activation units) readLatency is : 2.8759e+07ns
----------- ADC (or S/As and precharger for SRAM) readDynamicEnergy is : 1.38173e+06pJ
----------- Accumulation Circuits (subarray level: adders, shiftAdds; PE/Tile/Global level: accumulation units) readDynamicEnergy is : 56199.6pJ
----------- Other Peripheries (e.g. decoders, mux, switchmatrix, buffers, IC, pooling and activation units) readDynamicEnergy is : 254933pJ

************************ Breakdown of Latency and Dynamic Energy *************************

-------------------- Estimation of Layer 9 ----------------------
layer9's readLatency is: 1.70131e+07ns
layer9's readDynamicEnergy is: 1.84912e+07pJ
layer9's leakagePower is: 163.947uW
layer9's leakageEnergy is: 5.79754e+06pJ
layer9's buffer latency is: 1.11531e+07ns
layer9's buffer readDynamicEnergy is: 31792.9pJ
layer9's ic latency is: 2.44093e+06ns
layer9's ic readDynamicEnergy is: 1.24133e+06pJ

************************ Breakdown of Latency and Dynamic Energy *************************

----------- ADC (or S/As and precharger for SRAM) readLatency is : 2.67214e+06ns
----------- Accumulation Circuits (subarray level: adders, shiftAdds; PE/Tile/Global level: accumulation units) readLatency is : 728345ns
----------- Other Peripheries (e.g. decoders, mux, switchmatrix, buffers, IC, pooling and activation units) readLatency is : 1.36126e+07ns
----------- ADC (or S/As and precharger for SRAM) readDynamicEnergy is : 1.52193e+07pJ
----------- Accumulation Circuits (subarray level: adders, shiftAdds; PE/Tile/Global level: accumulation units) readDynamicEnergy is : 705515pJ
----------- Other Peripheries (e.g. decoders, mux, switchmatrix, buffers, IC, pooling and activation units) readDynamicEnergy is : 2.56637e+06pJ

************************ Breakdown of Latency and Dynamic Energy *************************

-------------------- Estimation of Layer 10 ----------------------
layer10's readLatency is: 3.32831e+07ns
layer10's readDynamicEnergy is: 1.71703e+06pJ
layer10's leakagePower is: 0uW
layer10's leakageEnergy is: 0pJ
layer10's buffer latency is: 2.55562e+07ns
layer10's buffer readDynamicEnergy is: 5711.17pJ
layer10's ic latency is: 4.61093e+06ns
layer10's ic readDynamicEnergy is: 153796pJ

************************ Breakdown of Latency and Dynamic Energy *************************

----------- ADC (or S/As and precharger for SRAM) readLatency is : 3.04031e+06ns
----------- Accumulation Circuits (subarray level: adders, shiftAdds; PE/Tile/Global level: accumulation units) readLatency is : 61607.8ns
----------- Other Peripheries (e.g. decoders, mux, switchmatrix, buffers, IC, pooling and activation units) readLatency is : 3.01812e+07ns
----------- ADC (or S/As and precharger for SRAM) readDynamicEnergy is : 1.39434e+06pJ
----------- Accumulation Circuits (subarray level: adders, shiftAdds; PE/Tile/Global level: accumulation units) readDynamicEnergy is : 56199.6pJ
----------- Other Peripheries (e.g. decoders, mux, switchmatrix, buffers, IC, pooling and activation units) readDynamicEnergy is : 266499pJ

************************ Breakdown of Latency and Dynamic Energy *************************

-------------------- Estimation of Layer 11 ----------------------
layer11's readLatency is: 1.72092e+07ns
layer11's readDynamicEnergy is: 2.15855e+07pJ
layer11's leakagePower is: 169.902uW
layer11's leakageEnergy is: 6.0081e+06pJ
layer11's buffer latency is: 1.11844e+07ns
layer11's buffer readDynamicEnergy is: 35134.2pJ
layer11's ic latency is: 2.59977e+06ns
layer11's ic readDynamicEnergy is: 1.3744e+06pJ

************************ Breakdown of Latency and Dynamic Energy *************************

----------- ADC (or S/As and precharger for SRAM) readLatency is : 2.67214e+06ns
----------- Accumulation Circuits (subarray level: adders, shiftAdds; PE/Tile/Global level: accumulation units) readLatency is : 731314ns
----------- Other Peripheries (e.g. decoders, mux, switchmatrix, buffers, IC, pooling and activation units) readLatency is : 1.38057e+07ns
----------- ADC (or S/As and precharger for SRAM) readDynamicEnergy is : 1.77974e+07pJ
----------- Accumulation Circuits (subarray level: adders, shiftAdds; PE/Tile/Global level: accumulation units) readDynamicEnergy is : 841966pJ
----------- Other Peripheries (e.g. decoders, mux, switchmatrix, buffers, IC, pooling and activation units) readDynamicEnergy is : 2.9462e+06pJ

************************ Breakdown of Latency and Dynamic Energy *************************

-------------------- Estimation of Layer 12 ----------------------
layer12's readLatency is: 3.47053e+07ns
layer12's readDynamicEnergy is: 1.73863e+06pJ
layer12's leakagePower is: 0uW
layer12's leakageEnergy is: 0pJ
layer12's buffer latency is: 2.67364e+07ns
layer12's buffer readDynamicEnergy is: 6167.54pJ
layer12's ic latency is: 4.85291e+06ns
layer12's ic readDynamicEnergy is: 162383pJ

************************ Breakdown of Latency and Dynamic Energy *************************

----------- ADC (or S/As and precharger for SRAM) readLatency is : 3.04031e+06ns
----------- Accumulation Circuits (subarray level: adders, shiftAdds; PE/Tile/Global level: accumulation units) readLatency is : 61607.8ns
----------- Other Peripheries (e.g. decoders, mux, switchmatrix, buffers, IC, pooling and activation units) readLatency is : 3.16034e+07ns
----------- ADC (or S/As and precharger for SRAM) readDynamicEnergy is : 1.40472e+06pJ
----------- Accumulation Circuits (subarray level: adders, shiftAdds; PE/Tile/Global level: accumulation units) readDynamicEnergy is : 56199.6pJ
----------- Other Peripheries (e.g. decoders, mux, switchmatrix, buffers, IC, pooling and activation units) readDynamicEnergy is : 277703pJ

************************ Breakdown of Latency and Dynamic Energy *************************

-------------------- Estimation of Layer 13 ----------------------
layer13's readLatency is: 1.7406e+07ns
layer13's readDynamicEnergy is: 2.35066e+07pJ
layer13's leakagePower is: 175.36uW
layer13's leakageEnergy is: 6.20113e+06pJ
layer13's buffer latency is: 1.12157e+07ns
layer13's buffer readDynamicEnergy is: 38470.9pJ
layer13's ic latency is: 2.75936e+06ns
layer13's ic readDynamicEnergy is: 1.50747e+06pJ

************************ Breakdown of Latency and Dynamic Energy *************************

----------- ADC (or S/As and precharger for SRAM) readLatency is : 2.67214e+06ns
----------- Accumulation Circuits (subarray level: adders, shiftAdds; PE/Tile/Global level: accumulation units) readLatency is : 734283ns
----------- Other Peripheries (e.g. decoders, mux, switchmatrix, buffers, IC, pooling and activation units) readLatency is : 1.39996e+07ns
----------- ADC (or S/As and precharger for SRAM) readDynamicEnergy is : 1.95879e+07pJ
----------- Accumulation Circuits (subarray level: adders, shiftAdds; PE/Tile/Global level: accumulation units) readDynamicEnergy is : 842984pJ
----------- Other Peripheries (e.g. decoders, mux, switchmatrix, buffers, IC, pooling and activation units) readDynamicEnergy is : 3.0757e+06pJ

************************ Breakdown of Latency and Dynamic Energy *************************

-------------------- Estimation of Layer 14 ----------------------
layer14's readLatency is: 3.53622e+07ns
layer14's readDynamicEnergy is: 1.72115e+06pJ
layer14's leakagePower is: 0uW
layer14's leakageEnergy is: 0pJ
layer14's buffer latency is: 2.78097e+07ns
layer14's buffer readDynamicEnergy is: 6216.1pJ
layer14's ic latency is: 4.00896e+06ns
layer14's ic readDynamicEnergy is: 129829pJ

************************ Breakdown of Latency and Dynamic Energy *************************

----------- ADC (or S/As and precharger for SRAM) readLatency is : 3.04031e+06ns
----------- Accumulation Circuits (subarray level: adders, shiftAdds; PE/Tile/Global level: accumulation units) readLatency is : 61607.8ns
----------- Other Peripheries (e.g. decoders, mux, switchmatrix, buffers, IC, pooling and activation units) readLatency is : 3.22603e+07ns
----------- ADC (or S/As and precharger for SRAM) readDynamicEnergy is : 1.41706e+06pJ
----------- Accumulation Circuits (subarray level: adders, shiftAdds; PE/Tile/Global level: accumulation units) readDynamicEnergy is : 56199.6pJ
----------- Other Peripheries (e.g. decoders, mux, switchmatrix, buffers, IC, pooling and activation units) readDynamicEnergy is : 247884pJ

************************ Breakdown of Latency and Dynamic Energy *************************

-------------------- Estimation of Layer 15 ----------------------
layer15's readLatency is: 1.03026e+07ns
layer15's readDynamicEnergy is: 415379pJ
layer15's leakagePower is: 1.78914uW
layer15's leakageEnergy is: 63267.9pJ
layer15's buffer latency is: 5.8802e+06ns
layer15's buffer readDynamicEnergy is: 1199.24pJ
layer15's ic latency is: 1.33088e+06ns
layer15's ic readDynamicEnergy is: 34155.4pJ

************************ Breakdown of Latency and Dynamic Energy *************************

----------- ADC (or S/As and precharger for SRAM) readLatency is : 3.04031e+06ns
----------- Accumulation Circuits (subarray level: adders, shiftAdds; PE/Tile/Global level: accumulation units) readLatency is : 47504.8ns
----------- Other Peripheries (e.g. decoders, mux, switchmatrix, buffers, IC, pooling and activation units) readLatency is : 7.21479e+06ns
----------- ADC (or S/As and precharger for SRAM) readDynamicEnergy is : 341420pJ
----------- Accumulation Circuits (subarray level: adders, shiftAdds; PE/Tile/Global level: accumulation units) readDynamicEnergy is : 12841.1pJ
----------- Other Peripheries (e.g. decoders, mux, switchmatrix, buffers, IC, pooling and activation units) readDynamicEnergy is : 61117.8pJ

************************ Breakdown of Latency and Dynamic Energy *************************

-------------------- Estimation of Layer 16 ----------------------
layer16's readLatency is: 6.28377e+06ns
layer16's readDynamicEnergy is: 3.36232e+06pJ
layer16's leakagePower is: 36.161uW
layer16's leakageEnergy is: 1.27873e+06pJ
layer16's buffer latency is: 2.41806e+06ns
layer16's buffer readDynamicEnergy is: 4994.73pJ
layer16's ic latency is: 1.35241e+06ns
layer16's ic readDynamicEnergy is: 215034pJ

************************ Breakdown of Latency and Dynamic Energy *************************

----------- ADC (or S/As and precharger for SRAM) readLatency is : 2.32773e+06ns
----------- Accumulation Circuits (subarray level: adders, shiftAdds; PE/Tile/Global level: accumulation units) readLatency is : 181854ns
----------- Other Peripheries (e.g. decoders, mux, switchmatrix, buffers, IC, pooling and activation units) readLatency is : 3.77418e+06ns
----------- ADC (or S/As and precharger for SRAM) readDynamicEnergy is : 2.79529e+06pJ
----------- Accumulation Circuits (subarray level: adders, shiftAdds; PE/Tile/Global level: accumulation units) readDynamicEnergy is : 120372pJ
----------- Other Peripheries (e.g. decoders, mux, switchmatrix, buffers, IC, pooling and activation units) readDynamicEnergy is : 446656pJ

************************ Breakdown of Latency and Dynamic Energy *************************

-------------------- Estimation of Layer 17 ----------------------
layer17's readLatency is: 1.07361e+07ns
layer17's readDynamicEnergy is: 422491pJ
layer17's leakagePower is: 1.75819uW
layer17's leakageEnergy is: 62173.5pJ
layer17's buffer latency is: 6.17859e+06ns
layer17's buffer readDynamicEnergy is: 1313.33pJ
layer17's ic latency is: 1.46597e+06ns
layer17's ic readDynamicEnergy is: 36302.2pJ

************************ Breakdown of Latency and Dynamic Energy *************************

----------- ADC (or S/As and precharger for SRAM) readLatency is : 3.04031e+06ns
----------- Accumulation Circuits (subarray level: adders, shiftAdds; PE/Tile/Global level: accumulation units) readLatency is : 47504.8ns
----------- Other Peripheries (e.g. decoders, mux, switchmatrix, buffers, IC, pooling and activation units) readLatency is : 7.64827e+06ns
----------- ADC (or S/As and precharger for SRAM) readDynamicEnergy is : 345645pJ
----------- Accumulation Circuits (subarray level: adders, shiftAdds; PE/Tile/Global level: accumulation units) readDynamicEnergy is : 12841.1pJ
----------- Other Peripheries (e.g. decoders, mux, switchmatrix, buffers, IC, pooling and activation units) readDynamicEnergy is : 64004.9pJ

************************ Breakdown of Latency and Dynamic Energy *************************

-------------------- Estimation of Layer 18 ----------------------
layer18's readLatency is: 6.26983e+06ns
layer18's readDynamicEnergy is: 3.98015e+06pJ
layer18's leakagePower is: 72.3566uW
layer18's leakageEnergy is: 2.55869e+06pJ
layer18's buffer latency is: 2.53852e+06ns
layer18's buffer readDynamicEnergy is: 6909.37pJ
layer18's ic latency is: 1.21727e+06ns
layer18's ic readDynamicEnergy is: 270335pJ

************************ Breakdown of Latency and Dynamic Energy *************************

----------- ADC (or S/As and precharger for SRAM) readLatency is : 2.32773e+06ns
----------- Accumulation Circuits (subarray level: adders, shiftAdds; PE/Tile/Global level: accumulation units) readLatency is : 181854ns
----------- Other Peripheries (e.g. decoders, mux, switchmatrix, buffers, IC, pooling and activation units) readLatency is : 3.76024e+06ns
----------- ADC (or S/As and precharger for SRAM) readDynamicEnergy is : 3.2709e+06pJ
----------- Accumulation Circuits (subarray level: adders, shiftAdds; PE/Tile/Global level: accumulation units) readDynamicEnergy is : 152260pJ
----------- Other Peripheries (e.g. decoders, mux, switchmatrix, buffers, IC, pooling and activation units) readDynamicEnergy is : 556993pJ

************************ Breakdown of Latency and Dynamic Energy *************************

-------------------- Estimation of Layer 19 ----------------------
layer19's readLatency is: 1.11696e+07ns
layer19's readDynamicEnergy is: 429920pJ
layer19's leakagePower is: 1.72724uW
layer19's leakageEnergy is: 61079pJ
layer19's buffer latency is: 6.47698e+06ns
layer19's buffer readDynamicEnergy is: 1427.42pJ
layer19's ic latency is: 1.60106e+06ns
layer19's ic readDynamicEnergy is: 38449pJ

************************ Breakdown of Latency and Dynamic Energy *************************

----------- ADC (or S/As and precharger for SRAM) readLatency is : 3.04031e+06ns
----------- Accumulation Circuits (subarray level: adders, shiftAdds; PE/Tile/Global level: accumulation units) readLatency is : 47504.8ns
----------- Other Peripheries (e.g. decoders, mux, switchmatrix, buffers, IC, pooling and activation units) readLatency is : 8.08175e+06ns
----------- ADC (or S/As and precharger for SRAM) readDynamicEnergy is : 350098pJ
----------- Accumulation Circuits (subarray level: adders, shiftAdds; PE/Tile/Global level: accumulation units) readDynamicEnergy is : 12841.1pJ
----------- Other Peripheries (e.g. decoders, mux, switchmatrix, buffers, IC, pooling and activation units) readDynamicEnergy is : 66981.7pJ

************************ Breakdown of Latency and Dynamic Energy *************************

-------------------- Estimation of Layer 20 ----------------------
layer20's readLatency is: 6.31228e+06ns
layer20's readDynamicEnergy is: 4.60704e+06pJ
layer20's leakagePower is: 72.2511uW
layer20's leakageEnergy is: 2.55496e+06pJ
layer20's buffer latency is: 2.54534e+06ns
layer20's buffer readDynamicEnergy is: 7635.33pJ
layer20's ic latency is: 1.25216e+06ns
layer20's ic readDynamicEnergy is: 299314pJ

************************ Breakdown of Latency and Dynamic Energy *************************

----------- ADC (or S/As and precharger for SRAM) readLatency is : 2.32773e+06ns
----------- Accumulation Circuits (subarray level: adders, shiftAdds; PE/Tile/Global level: accumulation units) readLatency is : 181854ns
----------- Other Peripheries (e.g. decoders, mux, switchmatrix, buffers, IC, pooling and activation units) readLatency is : 3.80269e+06ns
----------- ADC (or S/As and precharger for SRAM) readDynamicEnergy is : 3.78382e+06pJ
----------- Accumulation Circuits (subarray level: adders, shiftAdds; PE/Tile/Global level: accumulation units) readDynamicEnergy is : 181754pJ
----------- Other Peripheries (e.g. decoders, mux, switchmatrix, buffers, IC, pooling and activation units) readDynamicEnergy is : 641459pJ

************************ Breakdown of Latency and Dynamic Energy *************************

-------------------- Estimation of Layer 21 ----------------------
layer21's readLatency is: 1.1603e+07ns
layer21's readDynamicEnergy is: 435844pJ
layer21's leakagePower is: 1.69629uW
layer21's leakageEnergy is: 59984.6pJ
layer21's buffer latency is: 6.77537e+06ns
layer21's buffer readDynamicEnergy is: 1541.51pJ
layer21's ic latency is: 1.73615e+06ns
layer21's ic readDynamicEnergy is: 40595.8pJ

************************ Breakdown of Latency and Dynamic Energy *************************

----------- ADC (or S/As and precharger for SRAM) readLatency is : 3.04031e+06ns
----------- Accumulation Circuits (subarray level: adders, shiftAdds; PE/Tile/Global level: accumulation units) readLatency is : 47504.8ns
----------- Other Peripheries (e.g. decoders, mux, switchmatrix, buffers, IC, pooling and activation units) readLatency is : 8.51523e+06ns
----------- ADC (or S/As and precharger for SRAM) readDynamicEnergy is : 353150pJ
----------- Accumulation Circuits (subarray level: adders, shiftAdds; PE/Tile/Global level: accumulation units) readDynamicEnergy is : 12841.1pJ
----------- Other Peripheries (e.g. decoders, mux, switchmatrix, buffers, IC, pooling and activation units) readDynamicEnergy is : 69853.5pJ

************************ Breakdown of Latency and Dynamic Energy *************************

-------------------- Estimation of Layer 22 ----------------------
layer22's readLatency is: 6.35473e+06ns
layer22's readDynamicEnergy is: 5.05489e+06pJ
layer22's leakagePower is: 72.1455uW
layer22's leakageEnergy is: 2.55122e+06pJ
layer22's buffer latency is: 2.55216e+06ns
layer22's buffer readDynamicEnergy is: 8361.28pJ
layer22's ic latency is: 1.28704e+06ns
layer22's ic readDynamicEnergy is: 328293pJ

************************ Breakdown of Latency and Dynamic Energy *************************

----------- ADC (or S/As and precharger for SRAM) readLatency is : 2.32773e+06ns
----------- Accumulation Circuits (subarray level: adders, shiftAdds; PE/Tile/Global level: accumulation units) readLatency is : 181854ns
----------- Other Peripheries (e.g. decoders, mux, switchmatrix, buffers, IC, pooling and activation units) readLatency is : 3.84514e+06ns
----------- ADC (or S/As and precharger for SRAM) readDynamicEnergy is : 4.20066e+06pJ
----------- Accumulation Circuits (subarray level: adders, shiftAdds; PE/Tile/Global level: accumulation units) readDynamicEnergy is : 181754pJ
----------- Other Peripheries (e.g. decoders, mux, switchmatrix, buffers, IC, pooling and activation units) readDynamicEnergy is : 672479pJ

************************ Breakdown of Latency and Dynamic Energy *************************

-------------------- Estimation of Layer 23 ----------------------
layer23's readLatency is: 1.20365e+07ns
layer23's readDynamicEnergy is: 441252pJ
layer23's leakagePower is: 1.66534uW
layer23's leakageEnergy is: 58890.2pJ
layer23's buffer latency is: 7.07376e+06ns
layer23's buffer readDynamicEnergy is: 1655.6pJ
layer23's ic latency is: 1.87124e+06ns
layer23's ic readDynamicEnergy is: 42742.7pJ

************************ Breakdown of Latency and Dynamic Energy *************************

----------- ADC (or S/As and precharger for SRAM) readLatency is : 3.04031e+06ns
----------- Accumulation Circuits (subarray level: adders, shiftAdds; PE/Tile/Global level: accumulation units) readLatency is : 47504.8ns
----------- Other Peripheries (e.g. decoders, mux, switchmatrix, buffers, IC, pooling and activation units) readLatency is : 8.94871e+06ns
----------- ADC (or S/As and precharger for SRAM) readDynamicEnergy is : 355746pJ
----------- Accumulation Circuits (subarray level: adders, shiftAdds; PE/Tile/Global level: accumulation units) readDynamicEnergy is : 12841.1pJ
----------- Other Peripheries (e.g. decoders, mux, switchmatrix, buffers, IC, pooling and activation units) readDynamicEnergy is : 72665.7pJ

************************ Breakdown of Latency and Dynamic Energy *************************

-------------------- Estimation of Layer 24 ----------------------
layer24's readLatency is: 6.39643e+06ns
layer24's readDynamicEnergy is: 5.38077e+06pJ
layer24's leakagePower is: 72.0418uW
layer24's leakageEnergy is: 2.54756e+06pJ
layer24's buffer latency is: 2.55898e+06ns
layer24's buffer readDynamicEnergy is: 9091.91pJ
layer24's ic latency is: 1.32119e+06ns
layer24's ic readDynamicEnergy is: 357272pJ

************************ Breakdown of Latency and Dynamic Energy *************************

----------- ADC (or S/As and precharger for SRAM) readLatency is : 2.32773e+06ns
----------- Accumulation Circuits (subarray level: adders, shiftAdds; PE/Tile/Global level: accumulation units) readLatency is : 181854ns
----------- Other Peripheries (e.g. decoders, mux, switchmatrix, buffers, IC, pooling and activation units) readLatency is : 3.88684e+06ns
----------- ADC (or S/As and precharger for SRAM) readDynamicEnergy is : 4.4192e+06pJ
----------- Accumulation Circuits (subarray level: adders, shiftAdds; PE/Tile/Global level: accumulation units) readDynamicEnergy is : 211249pJ
----------- Other Peripheries (e.g. decoders, mux, switchmatrix, buffers, IC, pooling and activation units) readDynamicEnergy is : 750327pJ

************************ Breakdown of Latency and Dynamic Energy *************************

-------------------- Estimation of Layer 25 ----------------------
layer25's readLatency is: 1.247e+07ns
layer25's readDynamicEnergy is: 447183pJ
layer25's leakagePower is: 1.6344uW
layer25's leakageEnergy is: 57795.8pJ
layer25's buffer latency is: 7.37215e+06ns
layer25's buffer readDynamicEnergy is: 1769.7pJ
layer25's ic latency is: 2.00634e+06ns
layer25's ic readDynamicEnergy is: 44889.5pJ

************************ Breakdown of Latency and Dynamic Energy *************************

----------- ADC (or S/As and precharger for SRAM) readLatency is : 3.04031e+06ns
----------- Accumulation Circuits (subarray level: adders, shiftAdds; PE/Tile/Global level: accumulation units) readLatency is : 47504.8ns
----------- Other Peripheries (e.g. decoders, mux, switchmatrix, buffers, IC, pooling and activation units) readLatency is : 9.3822e+06ns
----------- ADC (or S/As and precharger for SRAM) readDynamicEnergy is : 358771pJ
----------- Accumulation Circuits (subarray level: adders, shiftAdds; PE/Tile/Global level: accumulation units) readDynamicEnergy is : 12841.1pJ
----------- Other Peripheries (e.g. decoders, mux, switchmatrix, buffers, IC, pooling and activation units) readDynamicEnergy is : 75570.3pJ

************************ Breakdown of Latency and Dynamic Energy *************************

-------------------- Estimation of Layer 26 ----------------------
layer26's readLatency is: 6.43814e+06ns
layer26's readDynamicEnergy is: 6.10342e+06pJ
layer26's leakagePower is: 71.938uW
layer26's leakageEnergy is: 2.54389e+06pJ
layer26's buffer latency is: 2.5658e+06ns
layer26's buffer readDynamicEnergy is: 9817.86pJ
layer26's ic latency is: 1.35607e+06ns
layer26's ic readDynamicEnergy is: 386251pJ

************************ Breakdown of Latency and Dynamic Energy *************************

----------- ADC (or S/As and precharger for SRAM) readLatency is : 2.32773e+06ns
----------- Accumulation Circuits (subarray level: adders, shiftAdds; PE/Tile/Global level: accumulation units) readLatency is : 181854ns
----------- Other Peripheries (e.g. decoders, mux, switchmatrix, buffers, IC, pooling and activation units) readLatency is : 3.92855e+06ns
----------- ADC (or S/As and precharger for SRAM) readDynamicEnergy is : 5.02756e+06pJ
----------- Accumulation Circuits (subarray level: adders, shiftAdds; PE/Tile/Global level: accumulation units) readDynamicEnergy is : 240743pJ
----------- Other Peripheries (e.g. decoders, mux, switchmatrix, buffers, IC, pooling and activation units) readDynamicEnergy is : 835122pJ

************************ Breakdown of Latency and Dynamic Energy *************************

-------------------- Estimation of Layer 27 ----------------------
layer27's readLatency is: 1.40117e+07ns
layer27's readDynamicEnergy is: 552566pJ
layer27's leakagePower is: 1.52433uW
layer27's leakageEnergy is: 53903.6pJ
layer27's buffer latency is: 8.78616e+06ns
layer27's buffer readDynamicEnergy is: 1942.07pJ
layer27's ic latency is: 1.99965e+06ns
layer27's ic readDynamicEnergy is: 40571.6pJ

************************ Breakdown of Latency and Dynamic Energy *************************

----------- ADC (or S/As and precharger for SRAM) readLatency is : 3.04031e+06ns
----------- Accumulation Circuits (subarray level: adders, shiftAdds; PE/Tile/Global level: accumulation units) readLatency is : 47504.8ns
----------- Other Peripheries (e.g. decoders, mux, switchmatrix, buffers, IC, pooling and activation units) readLatency is : 1.09239e+07ns
----------- ADC (or S/As and precharger for SRAM) readDynamicEnergy is : 453740pJ
----------- Accumulation Circuits (subarray level: adders, shiftAdds; PE/Tile/Global level: accumulation units) readDynamicEnergy is : 17121.5pJ
----------- Other Peripheries (e.g. decoders, mux, switchmatrix, buffers, IC, pooling and activation units) readDynamicEnergy is : 81704.1pJ

************************ Breakdown of Latency and Dynamic Energy *************************

-------------------- Estimation of Layer 28 ----------------------
layer28's readLatency is: 2.68476e+06ns
layer28's readDynamicEnergy is: 105956pJ
layer28's leakagePower is: 2.33302uW
layer28's leakageEnergy is: 82500.6pJ
layer28's buffer latency is: 1.54465e+06ns
layer28's buffer readDynamicEnergy is: 328.332pJ
layer28's ic latency is: 366678ns
layer28's ic readDynamicEnergy is: 9075.56pJ

************************ Breakdown of Latency and Dynamic Energy *************************

----------- ADC (or S/As and precharger for SRAM) readLatency is : 760077ns
----------- Accumulation Circuits (subarray level: adders, shiftAdds; PE/Tile/Global level: accumulation units) readLatency is : 11876.2ns
----------- Other Peripheries (e.g. decoders, mux, switchmatrix, buffers, IC, pooling and activation units) readLatency is : 1.91281e+06ns
----------- ADC (or S/As and precharger for SRAM) readDynamicEnergy is : 86723.6pJ
----------- Accumulation Circuits (subarray level: adders, shiftAdds; PE/Tile/Global level: accumulation units) readDynamicEnergy is : 3210.27pJ
----------- Other Peripheries (e.g. decoders, mux, switchmatrix, buffers, IC, pooling and activation units) readDynamicEnergy is : 16022.4pJ

************************ Breakdown of Latency and Dynamic Energy *************************

-------------------- Estimation of Layer 29 ----------------------
layer29's readLatency is: 1.15234e+06ns
layer29's readDynamicEnergy is: 746703pJ
layer29's leakagePower is: 85.0845uW
layer29's leakageEnergy is: 3.00878e+06pJ
layer29's buffer latency is: 466122ns
layer29's buffer readDynamicEnergy is: 1255.31pJ
layer29's ic latency is: 224534ns
layer29's ic readDynamicEnergy is: 49653.3pJ

************************ Breakdown of Latency and Dynamic Energy *************************

----------- ADC (or S/As and precharger for SRAM) readLatency is : 427543ns
----------- Accumulation Circuits (subarray level: adders, shiftAdds; PE/Tile/Global level: accumulation units) readLatency is : 33401.8ns
----------- Other Peripheries (e.g. decoders, mux, switchmatrix, buffers, IC, pooling and activation units) readLatency is : 691399ns
----------- ADC (or S/As and precharger for SRAM) readDynamicEnergy is : 616101pJ
----------- Accumulation Circuits (subarray level: adders, shiftAdds; PE/Tile/Global level: accumulation units) readDynamicEnergy is : 27966.1pJ
----------- Other Peripheries (e.g. decoders, mux, switchmatrix, buffers, IC, pooling and activation units) readDynamicEnergy is : 102637pJ

************************ Breakdown of Latency and Dynamic Energy *************************

-------------------- Estimation of Layer 30 ----------------------
layer30's readLatency is: 2.7935e+06ns
layer30's readDynamicEnergy is: 108241pJ
layer30's leakagePower is: 2.32525uW
layer30's leakageEnergy is: 82226pJ
layer30's buffer latency is: 1.61925e+06ns
layer30's buffer readDynamicEnergy is: 356.855pJ
layer30's ic latency is: 400822ns
layer30's ic readDynamicEnergy is: 9612.26pJ

************************ Breakdown of Latency and Dynamic Energy *************************

----------- ADC (or S/As and precharger for SRAM) readLatency is : 760077ns
----------- Accumulation Circuits (subarray level: adders, shiftAdds; PE/Tile/Global level: accumulation units) readLatency is : 11876.2ns
----------- Other Peripheries (e.g. decoders, mux, switchmatrix, buffers, IC, pooling and activation units) readLatency is : 2.02155e+06ns
----------- ADC (or S/As and precharger for SRAM) readDynamicEnergy is : 88142.4pJ
----------- Accumulation Circuits (subarray level: adders, shiftAdds; PE/Tile/Global level: accumulation units) readDynamicEnergy is : 3210.27pJ
----------- Other Peripheries (e.g. decoders, mux, switchmatrix, buffers, IC, pooling and activation units) readDynamicEnergy is : 16888.8pJ

************************ Breakdown of Latency and Dynamic Energy *************************

-------------------- Estimation of Layer 31 ----------------------
layer31's readLatency is: 1.16028e+06ns
layer31's readDynamicEnergy is: 859856pJ
layer31's leakagePower is: 85.0648uW
layer31's leakageEnergy is: 3.00808e+06pJ
layer31's buffer latency is: 467375ns
layer31's buffer readDynamicEnergy is: 1390.46pJ
layer31's ic latency is: 230472ns
layer31's ic readDynamicEnergy is: 54976pJ

************************ Breakdown of Latency and Dynamic Energy *************************

----------- ADC (or S/As and precharger for SRAM) readLatency is : 427543ns
----------- Accumulation Circuits (subarray level: adders, shiftAdds; PE/Tile/Global level: accumulation units) readLatency is : 33401.8ns
----------- Other Peripheries (e.g. decoders, mux, switchmatrix, buffers, IC, pooling and activation units) readLatency is : 699332ns
----------- ADC (or S/As and precharger for SRAM) readDynamicEnergy is : 707744pJ
----------- Accumulation Circuits (subarray level: adders, shiftAdds; PE/Tile/Global level: accumulation units) readDynamicEnergy is : 33383.4pJ
----------- Other Peripheries (e.g. decoders, mux, switchmatrix, buffers, IC, pooling and activation units) readDynamicEnergy is : 118729pJ

************************ Breakdown of Latency and Dynamic Energy *************************

-------------------- Estimation of Layer 32 ----------------------
layer32's readLatency is: 2.9015e+06ns
layer32's readDynamicEnergy is: 110178pJ
layer32's leakagePower is: 2.31754uW
layer32's leakageEnergy is: 81953.4pJ
layer32's buffer latency is: 1.69384e+06ns
layer32's buffer readDynamicEnergy is: 385.378pJ
layer32's ic latency is: 434223ns
layer32's ic readDynamicEnergy is: 10149pJ

************************ Breakdown of Latency and Dynamic Energy *************************

----------- ADC (or S/As and precharger for SRAM) readLatency is : 760077ns
----------- Accumulation Circuits (subarray level: adders, shiftAdds; PE/Tile/Global level: accumulation units) readLatency is : 11876.2ns
----------- Other Peripheries (e.g. decoders, mux, switchmatrix, buffers, IC, pooling and activation units) readLatency is : 2.12955e+06ns
----------- ADC (or S/As and precharger for SRAM) readDynamicEnergy is : 89272.8pJ
----------- Accumulation Circuits (subarray level: adders, shiftAdds; PE/Tile/Global level: accumulation units) readDynamicEnergy is : 3210.27pJ
----------- Other Peripheries (e.g. decoders, mux, switchmatrix, buffers, IC, pooling and activation units) readDynamicEnergy is : 17694.4pJ

************************ Breakdown of Latency and Dynamic Energy *************************

-------------------- Estimation of Layer 33 ----------------------
layer33's readLatency is: 1.16821e+06ns
layer33's readDynamicEnergy is: 928511pJ
layer33's leakagePower is: 85.045uW
layer33's leakageEnergy is: 3.00738e+06pJ
layer33's buffer latency is: 468627ns
layer33's buffer readDynamicEnergy is: 1520.93pJ
layer33's ic latency is: 237153ns
layer33's ic readDynamicEnergy is: 60298.7pJ

************************ Breakdown of Latency and Dynamic Energy *************************

----------- ADC (or S/As and precharger for SRAM) readLatency is : 427543ns
----------- Accumulation Circuits (subarray level: adders, shiftAdds; PE/Tile/Global level: accumulation units) readLatency is : 33401.8ns
----------- Other Peripheries (e.g. decoders, mux, switchmatrix, buffers, IC, pooling and activation units) readLatency is : 707265ns
----------- ADC (or S/As and precharger for SRAM) readDynamicEnergy is : 772395pJ
----------- Accumulation Circuits (subarray level: adders, shiftAdds; PE/Tile/Global level: accumulation units) readDynamicEnergy is : 33383.4pJ
----------- Other Peripheries (e.g. decoders, mux, switchmatrix, buffers, IC, pooling and activation units) readDynamicEnergy is : 122732pJ

************************ Breakdown of Latency and Dynamic Energy *************************

-------------------- Estimation of Layer 34 ----------------------
layer34's readLatency is: 3.01024e+06ns
layer34's readDynamicEnergy is: 112254pJ
layer34's leakagePower is: 2.30978uW
layer34's leakageEnergy is: 81678.8pJ
layer34's buffer latency is: 1.76844e+06ns
layer34's buffer readDynamicEnergy is: 413.901pJ
layer34's ic latency is: 468368ns
layer34's ic readDynamicEnergy is: 10685.7pJ

************************ Breakdown of Latency and Dynamic Energy *************************

----------- ADC (or S/As and precharger for SRAM) readLatency is : 760077ns
----------- Accumulation Circuits (subarray level: adders, shiftAdds; PE/Tile/Global level: accumulation units) readLatency is : 11876.2ns
----------- Other Peripheries (e.g. decoders, mux, switchmatrix, buffers, IC, pooling and activation units) readLatency is : 2.23829e+06ns
----------- ADC (or S/As and precharger for SRAM) readDynamicEnergy is : 90518.2pJ
----------- Accumulation Circuits (subarray level: adders, shiftAdds; PE/Tile/Global level: accumulation units) readDynamicEnergy is : 3210.27pJ
----------- Other Peripheries (e.g. decoders, mux, switchmatrix, buffers, IC, pooling and activation units) readDynamicEnergy is : 18525.7pJ

************************ Breakdown of Latency and Dynamic Energy *************************

-------------------- Estimation of Layer 35 ----------------------
layer35's readLatency is: 1.17614e+06ns
layer35's readDynamicEnergy is: 1.03141e+06pJ
layer35's leakagePower is: 85.0253uW
layer35's leakageEnergy is: 3.00668e+06pJ
layer35's buffer latency is: 469880ns
layer35's buffer readDynamicEnergy is: 1656.08pJ
layer35's ic latency is: 243833ns
layer35's ic readDynamicEnergy is: 65621.3pJ

************************ Breakdown of Latency and Dynamic Energy *************************

----------- ADC (or S/As and precharger for SRAM) readLatency is : 427543ns
----------- Accumulation Circuits (subarray level: adders, shiftAdds; PE/Tile/Global level: accumulation units) readLatency is : 33401.8ns
----------- Other Peripheries (e.g. decoders, mux, switchmatrix, buffers, IC, pooling and activation units) readLatency is : 715198ns
----------- ADC (or S/As and precharger for SRAM) readDynamicEnergy is : 854577pJ
----------- Accumulation Circuits (subarray level: adders, shiftAdds; PE/Tile/Global level: accumulation units) readDynamicEnergy is : 38800.8pJ
----------- Other Peripheries (e.g. decoders, mux, switchmatrix, buffers, IC, pooling and activation units) readDynamicEnergy is : 138029pJ

************************ Breakdown of Latency and Dynamic Energy *************************

-------------------- Estimation of Layer 36 ----------------------
layer36's readLatency is: 3.11824e+06ns
layer36's readDynamicEnergy is: 113772pJ
layer36's leakagePower is: 2.30207uW
layer36's leakageEnergy is: 81406.2pJ
layer36's buffer latency is: 1.84304e+06ns
layer36's buffer readDynamicEnergy is: 442.424pJ
layer36's ic latency is: 501769ns
layer36's ic readDynamicEnergy is: 11222.4pJ

************************ Breakdown of Latency and Dynamic Energy *************************

----------- ADC (or S/As and precharger for SRAM) readLatency is : 760077ns
----------- Accumulation Circuits (subarray level: adders, shiftAdds; PE/Tile/Global level: accumulation units) readLatency is : 11876.2ns
----------- Other Peripheries (e.g. decoders, mux, switchmatrix, buffers, IC, pooling and activation units) readLatency is : 2.34629e+06ns
----------- ADC (or S/As and precharger for SRAM) readDynamicEnergy is : 91304pJ
----------- Accumulation Circuits (subarray level: adders, shiftAdds; PE/Tile/Global level: accumulation units) readDynamicEnergy is : 3210.27pJ
----------- Other Peripheries (e.g. decoders, mux, switchmatrix, buffers, IC, pooling and activation units) readDynamicEnergy is : 19257.6pJ

************************ Breakdown of Latency and Dynamic Energy *************************

-------------------- Estimation of Layer 37 ----------------------
layer37's readLatency is: 1.18333e+06ns
layer37's readDynamicEnergy is: 1.08284e+06pJ
layer37's leakagePower is: 85.0074uW
layer37's leakageEnergy is: 3.00605e+06pJ
layer37's buffer latency is: 471132ns
layer37's buffer readDynamicEnergy is: 1791.23pJ
layer37's ic latency is: 249771ns
layer37's ic readDynamicEnergy is: 70944pJ

************************ Breakdown of Latency and Dynamic Energy *************************

----------- ADC (or S/As and precharger for SRAM) readLatency is : 427543ns
----------- Accumulation Circuits (subarray level: adders, shiftAdds; PE/Tile/Global level: accumulation units) readLatency is : 33401.8ns
----------- Other Peripheries (e.g. decoders, mux, switchmatrix, buffers, IC, pooling and activation units) readLatency is : 722388ns
----------- ADC (or S/As and precharger for SRAM) readDynamicEnergy is : 884719pJ
----------- Accumulation Circuits (subarray level: adders, shiftAdds; PE/Tile/Global level: accumulation units) readDynamicEnergy is : 44218.1pJ
----------- Other Peripheries (e.g. decoders, mux, switchmatrix, buffers, IC, pooling and activation units) readDynamicEnergy is : 153907pJ

************************ Breakdown of Latency and Dynamic Energy *************************

-------------------- Estimation of Layer 38 ----------------------
layer38's readLatency is: 3.22699e+06ns
layer38's readDynamicEnergy is: 115361pJ
layer38's leakagePower is: 2.2943uW
layer38's leakageEnergy is: 81131.6pJ
layer38's buffer latency is: 1.91763e+06ns
layer38's buffer readDynamicEnergy is: 470.947pJ
layer38's ic latency is: 535913ns
layer38's ic readDynamicEnergy is: 11759.1pJ

************************ Breakdown of Latency and Dynamic Energy *************************

----------- ADC (or S/As and precharger for SRAM) readLatency is : 760077ns
----------- Accumulation Circuits (subarray level: adders, shiftAdds; PE/Tile/Global level: accumulation units) readLatency is : 11876.2ns
----------- Other Peripheries (e.g. decoders, mux, switchmatrix, buffers, IC, pooling and activation units) readLatency is : 2.45503e+06ns
----------- ADC (or S/As and precharger for SRAM) readDynamicEnergy is : 92147.6pJ
----------- Accumulation Circuits (subarray level: adders, shiftAdds; PE/Tile/Global level: accumulation units) readDynamicEnergy is : 3210.27pJ
----------- Other Peripheries (e.g. decoders, mux, switchmatrix, buffers, IC, pooling and activation units) readDynamicEnergy is : 20003.1pJ

************************ Breakdown of Latency and Dynamic Energy *************************

-------------------- Estimation of Layer 39 ----------------------
layer39's readLatency is: 1.1646e+06ns
layer39's readDynamicEnergy is: 1.3004e+06pJ
layer39's leakagePower is: 127.581uW
layer39's leakageEnergy is: 4.51155e+06pJ
layer39's buffer latency is: 462051ns
layer39's buffer readDynamicEnergy is: 2096.17pJ
layer39's ic latency is: 197813ns
layer39's ic readDynamicEnergy is: 68805.6pJ

************************ Breakdown of Latency and Dynamic Energy *************************

----------- ADC (or S/As and precharger for SRAM) readLatency is : 427543ns
----------- Accumulation Circuits (subarray level: adders, shiftAdds; PE/Tile/Global level: accumulation units) readLatency is : 33401.8ns
----------- Other Peripheries (e.g. decoders, mux, switchmatrix, buffers, IC, pooling and activation units) readLatency is : 703658ns
----------- ADC (or S/As and precharger for SRAM) readDynamicEnergy is : 1.08606e+06pJ
----------- Accumulation Circuits (subarray level: adders, shiftAdds; PE/Tile/Global level: accumulation units) readDynamicEnergy is : 50075.2pJ
----------- Other Peripheries (e.g. decoders, mux, switchmatrix, buffers, IC, pooling and activation units) readDynamicEnergy is : 164265pJ

************************ Breakdown of Latency and Dynamic Energy *************************

-------------------- Estimation of Layer 40 ----------------------
layer40's readLatency is: 30403.8ns
layer40's readDynamicEnergy is: 781.772pJ
layer40's leakagePower is: 2.883uW
layer40's leakageEnergy is: 101949pJ
layer40's buffer latency is: 16555.9ns
layer40's buffer readDynamicEnergy is: 3.67595pJ
layer40's ic latency is: 7074.69ns
layer40's ic readDynamicEnergy is: 106.625pJ

************************ Breakdown of Latency and Dynamic Energy *************************

----------- ADC (or S/As and precharger for SRAM) readLatency is : 5938.1ns
----------- Accumulation Circuits (subarray level: adders, shiftAdds; PE/Tile/Global level: accumulation units) readLatency is : 92.7828ns
----------- Other Peripheries (e.g. decoders, mux, switchmatrix, buffers, IC, pooling and activation units) readLatency is : 24372.9ns
----------- ADC (or S/As and precharger for SRAM) readDynamicEnergy is : 532.561pJ
----------- Accumulation Circuits (subarray level: adders, shiftAdds; PE/Tile/Global level: accumulation units) readDynamicEnergy is : 34.8741pJ
----------- Other Peripheries (e.g. decoders, mux, switchmatrix, buffers, IC, pooling and activation units) readDynamicEnergy is : 214.336pJ

************************ Breakdown of Latency and Dynamic Energy *************************

------------------------------ Summary --------------------------------

ChipArea : 3.4153e+08um^2
Chip total CIM array : 3.55664e+06um^2
Total IC Area on chip (Global and Tile/PE local): 4.14396e+07um^2
Total ADC (or S/As and precharger for SRAM) Area on chip : 1.41608e+06um^2
Total Accumulation Circuits (subarray level: adders, shiftAdds; PE/Tile/Global level: accumulation units) on chip : 1.53616e+07um^2
Other Peripheries (e.g. decoders, mux, switchmatrix, buffers, pooling and activation units) : 5.31708e+07um^2

Chip clock period is: 742.262ns
Chip pipeline-system-clock-cycle (per image) is: 3.53622e+07ns
Chip pipeline-system readDynamicEnergy (per image) is: 1.5057e+08pJ
Chip pipeline-system leakage Energy (per image) is: 6.15008e+07pJ
Chip pipeline-system leakage Power (per image) is: 1739.17uW
Chip pipeline-system buffer readLatency (per image) is: 2.78097e+07ns
Chip pipeline-system buffer readDynamicEnergy (per image) is: 272337pJ
Chip pipeline-system ic readLatency (per image) is: 4.85291e+06ns
Chip pipeline-system ic readDynamicEnergy (per image) is: 1.02894e+07pJ

************************ Breakdown of Latency and Dynamic Energy *************************

----------- ADC (or S/As and precharger for SRAM) readLatency is : 3.04031e+06ns
----------- Accumulation Circuits (subarray level: adders, shiftAdds; PE/Tile/Global level: accumulation units) readLatency is : 734283ns
----------- Other Peripheries (e.g. decoders, mux, switchmatrix, buffers, IC, pooling and activation units) readLatency is : 3.22603e+07ns
----------- ADC (or S/As and precharger for SRAM) readDynamicEnergy is : 1.23973e+08pJ
----------- Accumulation Circuits (subarray level: adders, shiftAdds; PE/Tile/Global level: accumulation units) readDynamicEnergy is : 5.64443e+06pJ
----------- Other Peripheries (e.g. decoders, mux, switchmatrix, buffers, IC, pooling and activation units) readDynamicEnergy is : 2.09528e+07pJ

************************ Breakdown of Latency and Dynamic Energy *************************


----------------------------- Performance -------------------------------
Energy Efficiency TOPS/W (Pipelined Process): 2.18284
Throughput TOPS (Pipelined Process): 0.0159707
Throughput FPS (Pipelined Process): 28.2788
Compute efficiency TOPS/mm^2 (Pipelined Process): 4.67622e-05
-------------------------------------- Hardware Performance Done --------------------------------------

------------------------------ Simulation Performance --------------------------------
Total Run-time of NeuroSim: 64 seconds
------------------------------ Simulation Performance --------------------------------
