nohup: ignoring input
/home/qfc2zn/DNN_NeuroSim_V1.4/Inference_pytorch/log/default/ADCprecision=5/batch_size=200/cellBit=1/dataset=cifar10/decreasing_lr=140,180/detect=0/grad_scale=8/inference=1/lr=0.01/mode=WAGE/model=VGG8/onoffratio=20.0/parallelRead=128/seed=117/subArray=128/t=0/target=0/v=0/vari=0.25/wl_activate=8/wl_error=8/wl_grad=8/wl_weight=8
=================FLAGS==================
dataset: cifar10
model: VGG8
mode: WAGE
batch_size: 200
epochs: 200
grad_scale: 8
seed: 117
log_interval: 100
test_interval: 1
logdir: /home/qfc2zn/DNN_NeuroSim_V1.4/Inference_pytorch/log/default/ADCprecision=5/batch_size=200/cellBit=1/dataset=cifar10/decreasing_lr=140,180/detect=0/grad_scale=8/inference=1/lr=0.01/mode=WAGE/model=VGG8/onoffratio=20.0/parallelRead=128/seed=117/subArray=128/t=0/target=0/v=0/vari=0.25/wl_activate=8/wl_error=8/wl_grad=8/wl_weight=8
lr: 0.01
decreasing_lr: 140,180
wl_weight: 8
wl_grad: 8
wl_activate: 8
wl_error: 8
inference: 1
subArray: 128
parallelRead: 128
ADCprecision: 5
cellBit: 1
onoffratio: 20.0
vari: 0.25
t: 0
v: 0
detect: 0
target: 0
========================================
Building CIFAR-10 data loader with 1 workers
Files already downloaded and verified
Files already downloaded and verified
fan_in     27, float_limit 0.333333, float std 0.272166, quant limit 0.9921875, scale 2.0
fan_in   1152, float_limit 0.051031, float std 0.041667, quant limit 0.9921875, scale 16.0
fan_in   1152, float_limit 0.051031, float std 0.041667, quant limit 0.9921875, scale 16.0
fan_in   2304, float_limit 0.036084, float std 0.029463, quant limit 0.9921875, scale 16.0
fan_in   2304, float_limit 0.036084, float std 0.029463, quant limit 0.9921875, scale 16.0
fan_in   4608, float_limit 0.025516, float std 0.020833, quant limit 0.9921875, scale 32.0
fan_in   8192, float_limit 0.019137, float std 0.015625, quant limit 0.9921875, scale 32.0
fan_in   1024, float_limit 0.054127, float std 0.044194, quant limit 0.9921875, scale 16.0
/home/qfc2zn/DNN_NeuroSim_V1.4/Inference_pytorch/models/VGG.py:91: FutureWarning: You are using `torch.load` with `weights_only=False` (the current default value), which uses the default pickle module implicitly. It is possible to construct malicious pickle data which will execute arbitrary code during unpickling (See https://github.com/pytorch/pytorch/blob/main/SECURITY.md#untrusted-models for more details). In a future release, the default value for `weights_only` will be flipped to `True`. This limits the functions that could be executed during unpickling. Arbitrary objects will no longer be allowed to be loaded via this mode unless they are explicitly allowlisted by the user via `torch.serialization.add_safe_globals`. We recommend you start setting `weights_only=True` for any use case where you don't have full control of the loaded file. Please open an issue on GitHub for any issues related to this experimental feature.
  model.load_state_dict(torch.load(pretrained))
quantize layer  Conv0_
quantize layer  Conv1_
quantize layer  Conv3_
quantize layer  Conv4_
quantize layer  Conv6_
quantize layer  Conv7_
quantize layer  FC0_
quantize layer  FC1_
 --- Hardware Properties --- 
subArray size: 
128
parallel read: 
128
ADC precision: 
5
cell precision: 
1
on/off ratio: 
20.0
variation: 
0.25
Test set: Average loss: 1.6726, Accuracy: 8770/10000 (88%)
User assigned speed-up degree is larger than the upper bound (where no idle period during the whole process) 
The speed-up degree is auto-assigned as the upper bound (where no idle period during the whole process) 
------------------------------ FloorPlan --------------------------------

Tile and PE size are optimized to maximize memory utilization ( = memory mapped by synapse / total memory on chip)

Desired Conventional Mapped Tile Storage Size: 1024x1024
Desired Conventional PE Storage Size: 512x512
Desired Novel Mapped Tile Storage Size: 9x512x512
User-defined SubArray Size: 128x128

----------------- # of tile used for each layer -----------------
layer1: 2
layer2: 8
layer3: 4
layer4: 8
layer5: 8
layer6: 8
layer7: 64
layer8: 1

----------------- Speed-up of each layer ------------------
layer1: 16
layer2: 16
layer3: 4
layer4: 4
layer5: 2
layer6: 1
layer7: 1
layer8: 8

----------------- Utilization of each layer ------------------
layer1: 0.210938
layer2: 1
layer3: 1
layer4: 1
layer5: 1
layer6: 1
layer7: 1
layer8: 0.625
Memory Utilization of Whole Chip: 98.1038 % 

---------------------------- FloorPlan Done ------------------------------



clkPeriod: 1.66336e-09
-------------------------------------- Hardware Performance --------------------------------------
-------------------- Estimation of Layer 1 ----------------------
layer1's readLatency is: 130307ns
layer1's readDynamicEnergy is: 1.38602e+06pJ
layer1's leakagePower is: 0uW
layer1's leakageEnergy is: 0pJ
layer1's buffer latency is: 102835ns
layer1's buffer readDynamicEnergy is: 8031.1pJ
layer1's ic latency is: 20891.6ns
layer1's ic readDynamicEnergy is: 577383pJ

************************ Breakdown of Latency and Dynamic Energy *************************

----------- ADC (or S/As and precharger for SRAM) readLatency is : 5988.11ns
----------- Accumulation Circuits (subarray level: adders, shiftAdds; PE/Tile/Global level: accumulation units) readLatency is : 426.237ns
----------- Other Peripheries (e.g. decoders, mux, switchmatrix, buffers, IC, pooling and activation units) readLatency is : 123893ns
----------- ADC (or S/As and precharger for SRAM) readDynamicEnergy is : 542336pJ
----------- Accumulation Circuits (subarray level: adders, shiftAdds; PE/Tile/Global level: accumulation units) readDynamicEnergy is : 123824pJ
----------- Other Peripheries (e.g. decoders, mux, switchmatrix, buffers, IC, pooling and activation units) readDynamicEnergy is : 719856pJ

************************ Breakdown of Latency and Dynamic Energy *************************

-------------------- Estimation of Layer 2 ----------------------
layer2's readLatency is: 77139.2ns
layer2's readDynamicEnergy is: 1.04036e+07pJ
layer2's leakagePower is: 158.413uW
layer2's leakageEnergy is: 20642.4pJ
layer2's buffer latency is: 38093.8ns
layer2's buffer readDynamicEnergy is: 66070.4pJ
layer2's ic latency is: 28347.9ns
layer2's ic readDynamicEnergy is: 2.4289e+06pJ

************************ Breakdown of Latency and Dynamic Energy *************************

----------- ADC (or S/As and precharger for SRAM) readLatency is : 5988.11ns
----------- Accumulation Circuits (subarray level: adders, shiftAdds; PE/Tile/Global level: accumulation units) readLatency is : 3420.29ns
----------- Other Peripheries (e.g. decoders, mux, switchmatrix, buffers, IC, pooling and activation units) readLatency is : 67730.8ns
----------- ADC (or S/As and precharger for SRAM) readDynamicEnergy is : 5.30963e+06pJ
----------- Accumulation Circuits (subarray level: adders, shiftAdds; PE/Tile/Global level: accumulation units) readDynamicEnergy is : 1.11589e+06pJ
----------- Other Peripheries (e.g. decoders, mux, switchmatrix, buffers, IC, pooling and activation units) readDynamicEnergy is : 3.97809e+06pJ

************************ Breakdown of Latency and Dynamic Energy *************************

-------------------- Estimation of Layer 3 ----------------------
layer3's readLatency is: 38759.3ns
layer3's readDynamicEnergy is: 4.33701e+06pJ
layer3's leakagePower is: 136.383uW
layer3's leakageEnergy is: 17771.6pJ
layer3's buffer latency is: 9087.17ns
layer3's buffer readDynamicEnergy is: 28736.9pJ
layer3's ic latency is: 23649.1ns
layer3's ic readDynamicEnergy is: 1.07154e+06pJ

************************ Breakdown of Latency and Dynamic Energy *************************

----------- ADC (or S/As and precharger for SRAM) readLatency is : 5216.31ns
----------- Accumulation Circuits (subarray level: adders, shiftAdds; PE/Tile/Global level: accumulation units) readLatency is : 733.544ns
----------- Other Peripheries (e.g. decoders, mux, switchmatrix, buffers, IC, pooling and activation units) readLatency is : 32809.4ns
----------- ADC (or S/As and precharger for SRAM) readDynamicEnergy is : 2.18098e+06pJ
----------- Accumulation Circuits (subarray level: adders, shiftAdds; PE/Tile/Global level: accumulation units) readDynamicEnergy is : 481486pJ
----------- Other Peripheries (e.g. decoders, mux, switchmatrix, buffers, IC, pooling and activation units) readDynamicEnergy is : 1.67454e+06pJ

************************ Breakdown of Latency and Dynamic Energy *************************

-------------------- Estimation of Layer 4 ----------------------
layer4's readLatency is: 41307ns
layer4's readDynamicEnergy is: 7.29429e+06pJ
layer4's leakagePower is: 274.045uW
layer4's leakageEnergy is: 35710.1pJ
layer4's buffer latency is: 13080.9ns
layer4's buffer readDynamicEnergy is: 41564.3pJ
layer4's ic latency is: 21567.7ns
layer4's ic readDynamicEnergy is: 1.34636e+06pJ

************************ Breakdown of Latency and Dynamic Energy *************************

----------- ADC (or S/As and precharger for SRAM) readLatency is : 5216.31ns
----------- Accumulation Circuits (subarray level: adders, shiftAdds; PE/Tile/Global level: accumulation units) readLatency is : 879.92ns
----------- Other Peripheries (e.g. decoders, mux, switchmatrix, buffers, IC, pooling and activation units) readLatency is : 35210.8ns
----------- ADC (or S/As and precharger for SRAM) readDynamicEnergy is : 3.9715e+06pJ
----------- Accumulation Circuits (subarray level: adders, shiftAdds; PE/Tile/Global level: accumulation units) readDynamicEnergy is : 965026pJ
----------- Other Peripheries (e.g. decoders, mux, switchmatrix, buffers, IC, pooling and activation units) readDynamicEnergy is : 2.35776e+06pJ

************************ Breakdown of Latency and Dynamic Energy *************************

-------------------- Estimation of Layer 5 ----------------------
layer5's readLatency is: 12870.5ns
layer5's readDynamicEnergy is: 2.7425e+06pJ
layer5's leakagePower is: 361.606uW
layer5's leakageEnergy is: 47119.8pJ
layer5's buffer latency is: 2673.19ns
layer5's buffer readDynamicEnergy is: 15245.7pJ
layer5's ic latency is: 8104.75ns
layer5's ic readDynamicEnergy is: 499584pJ

************************ Breakdown of Latency and Dynamic Energy *************************

----------- ADC (or S/As and precharger for SRAM) readLatency is : 1916.2ns
----------- Accumulation Circuits (subarray level: adders, shiftAdds; PE/Tile/Global level: accumulation units) readLatency is : 149.703ns
----------- Other Peripheries (e.g. decoders, mux, switchmatrix, buffers, IC, pooling and activation units) readLatency is : 10804.6ns
----------- ADC (or S/As and precharger for SRAM) readDynamicEnergy is : 1.50213e+06pJ
----------- Accumulation Circuits (subarray level: adders, shiftAdds; PE/Tile/Global level: accumulation units) readDynamicEnergy is : 353944pJ
----------- Other Peripheries (e.g. decoders, mux, switchmatrix, buffers, IC, pooling and activation units) readDynamicEnergy is : 886432pJ

************************ Breakdown of Latency and Dynamic Energy *************************

-------------------- Estimation of Layer 6 ----------------------
layer6's readLatency is: 23811.2ns
layer6's readDynamicEnergy is: 4.78746e+06pJ
layer6's leakagePower is: 349.653uW
layer6's leakageEnergy is: 45562.3pJ
layer6's buffer latency is: 4398.93ns
layer6's buffer readDynamicEnergy is: 24659.3pJ
layer6's ic latency is: 15194ns
layer6's ic readDynamicEnergy is: 706492pJ

************************ Breakdown of Latency and Dynamic Energy *************************

----------- ADC (or S/As and precharger for SRAM) readLatency is : 3832.39ns
----------- Accumulation Circuits (subarray level: adders, shiftAdds; PE/Tile/Global level: accumulation units) readLatency is : 179.643ns
----------- Other Peripheries (e.g. decoders, mux, switchmatrix, buffers, IC, pooling and activation units) readLatency is : 19799.2ns
----------- ADC (or S/As and precharger for SRAM) readDynamicEnergy is : 2.70403e+06pJ
----------- Accumulation Circuits (subarray level: adders, shiftAdds; PE/Tile/Global level: accumulation units) readDynamicEnergy is : 708262pJ
----------- Other Peripheries (e.g. decoders, mux, switchmatrix, buffers, IC, pooling and activation units) readDynamicEnergy is : 1.37517e+06pJ

************************ Breakdown of Latency and Dynamic Energy *************************

-------------------- Estimation of Layer 7 ----------------------
layer7's readLatency is: 725.643ns
layer7's readDynamicEnergy is: 431491pJ
layer7's leakagePower is: 874.751uW
layer7's leakageEnergy is: 113986pJ
layer7's buffer latency is: 437.465ns
layer7's buffer readDynamicEnergy is: 2678.69pJ
layer7's ic latency is: 173.406ns
layer7's ic readDynamicEnergy is: 66972.1pJ

************************ Breakdown of Latency and Dynamic Energy *************************

----------- ADC (or S/As and precharger for SRAM) readLatency is : 106.455ns
----------- Accumulation Circuits (subarray level: adders, shiftAdds; PE/Tile/Global level: accumulation units) readLatency is : 6.65346ns
----------- Other Peripheries (e.g. decoders, mux, switchmatrix, buffers, IC, pooling and activation units) readLatency is : 612.534ns
----------- ADC (or S/As and precharger for SRAM) readDynamicEnergy is : 234162pJ
----------- Accumulation Circuits (subarray level: adders, shiftAdds; PE/Tile/Global level: accumulation units) readDynamicEnergy is : 70068.3pJ
----------- Other Peripheries (e.g. decoders, mux, switchmatrix, buffers, IC, pooling and activation units) readDynamicEnergy is : 127261pJ

************************ Breakdown of Latency and Dynamic Energy *************************

-------------------- Estimation of Layer 8 ----------------------
layer8's readLatency is: 404.297ns
layer8's readDynamicEnergy is: 2144.65pJ
layer8's leakagePower is: 13.7019uW
layer8's leakageEnergy is: 1785.45pJ
layer8's buffer latency is: 234.003ns
layer8's buffer readDynamicEnergy is: 26.7948pJ
layer8's ic latency is: 153.452ns
layer8's ic readDynamicEnergy is: 1487.57pJ

************************ Breakdown of Latency and Dynamic Energy *************************

----------- ADC (or S/As and precharger for SRAM) readLatency is : 13.3069ns
----------- Accumulation Circuits (subarray level: adders, shiftAdds; PE/Tile/Global level: accumulation units) readLatency is : 1.87129ns
----------- Other Peripheries (e.g. decoders, mux, switchmatrix, buffers, IC, pooling and activation units) readLatency is : 389.118ns
----------- ADC (or S/As and precharger for SRAM) readDynamicEnergy is : 343.402pJ
----------- Accumulation Circuits (subarray level: adders, shiftAdds; PE/Tile/Global level: accumulation units) readDynamicEnergy is : 145.912pJ
----------- Other Peripheries (e.g. decoders, mux, switchmatrix, buffers, IC, pooling and activation units) readDynamicEnergy is : 1655.34pJ

************************ Breakdown of Latency and Dynamic Energy *************************

------------------------------ Summary --------------------------------

ChipArea : 3.57963e+08um^2
Chip total CIM array : 3.60536e+06um^2
Total IC Area on chip (Global and Tile/PE local): 2.68117e+07um^2
Total ADC (or S/As and precharger for SRAM) Area on chip : 7.94913e+06um^2
Total Accumulation Circuits (subarray level: adders, shiftAdds; PE/Tile/Global level: accumulation units) on chip : 1.54545e+07um^2
Other Peripheries (e.g. decoders, mux, switchmatrix, buffers, pooling and activation units) : 4.68939e+07um^2

Chip clock period is: 1.66336ns
Chip pipeline-system-clock-cycle (per image) is: 130307ns
Chip pipeline-system readDynamicEnergy (per image) is: 3.13845e+07pJ
Chip pipeline-system leakage Energy (per image) is: 282578pJ
Chip pipeline-system leakage Power (per image) is: 2168.55uW
Chip pipeline-system buffer readLatency (per image) is: 102835ns
Chip pipeline-system buffer readDynamicEnergy (per image) is: 187013pJ
Chip pipeline-system ic readLatency (per image) is: 28347.9ns
Chip pipeline-system ic readDynamicEnergy (per image) is: 6.69872e+06pJ

************************ Breakdown of Latency and Dynamic Energy *************************

----------- ADC (or S/As and precharger for SRAM) readLatency is : 5988.11ns
----------- Accumulation Circuits (subarray level: adders, shiftAdds; PE/Tile/Global level: accumulation units) readLatency is : 3420.29ns
----------- Other Peripheries (e.g. decoders, mux, switchmatrix, buffers, IC, pooling and activation units) readLatency is : 123893ns
----------- ADC (or S/As and precharger for SRAM) readDynamicEnergy is : 1.64451e+07pJ
----------- Accumulation Circuits (subarray level: adders, shiftAdds; PE/Tile/Global level: accumulation units) readDynamicEnergy is : 3.81865e+06pJ
----------- Other Peripheries (e.g. decoders, mux, switchmatrix, buffers, IC, pooling and activation units) readDynamicEnergy is : 1.11208e+07pJ

************************ Breakdown of Latency and Dynamic Energy *************************


----------------------------- Performance -------------------------------
Energy Efficiency TOPS/W (Pipelined Process): 31.8848
Throughput TOPS (Pipelined Process): 9.45331
Throughput FPS (Pipelined Process): 7674.17
Compute efficiency TOPS/mm^2 (Pipelined Process): 0.0264086
-------------------------------------- Hardware Performance Done --------------------------------------

------------------------------ Simulation Performance --------------------------------
Total Run-time of NeuroSim: 77 seconds
------------------------------ Simulation Performance --------------------------------
