/home/qfc2zn/DNN_NeuroSim_V1.4/Inference_pytorch/log/default/ADCprecision=6/batch_size=200/cellBit=2/dataset=cifar10/decreasing_lr=140,180/detect=0/grad_scale=8/inference=1/lr=0.01/mode=WAGE/model=VGG8/onoffratio=10.0/parallelRead=128/seed=117/subArray=128/t=0/target=0/v=0/vari=0.0/wl_activate=8/wl_error=8/wl_grad=8/wl_weight=8
=================FLAGS==================
dataset: cifar10
model: VGG8
mode: WAGE
batch_size: 200
epochs: 200
grad_scale: 8
seed: 117
log_interval: 100
test_interval: 1
logdir: /home/qfc2zn/DNN_NeuroSim_V1.4/Inference_pytorch/log/default/ADCprecision=6/batch_size=200/cellBit=2/dataset=cifar10/decreasing_lr=140,180/detect=0/grad_scale=8/inference=1/lr=0.01/mode=WAGE/model=VGG8/onoffratio=10.0/parallelRead=128/seed=117/subArray=128/t=0/target=0/v=0/vari=0.0/wl_activate=8/wl_error=8/wl_grad=8/wl_weight=8
lr: 0.01
decreasing_lr: 140,180
wl_weight: 8
wl_grad: 8
wl_activate: 8
wl_error: 8
inference: 1
subArray: 128
parallelRead: 128
ADCprecision: 6
cellBit: 2
onoffratio: 10.0
vari: 0.0
t: 0
v: 0
detect: 0
target: 0
========================================
Building CIFAR-10 data loader with 1 workers
fan_in     27, float_limit 0.333333, float std 0.272166, quant limit 0.9921875, scale 2.0
fan_in   1152, float_limit 0.051031, float std 0.041667, quant limit 0.9921875, scale 16.0
fan_in   1152, float_limit 0.051031, float std 0.041667, quant limit 0.9921875, scale 16.0
fan_in   2304, float_limit 0.036084, float std 0.029463, quant limit 0.9921875, scale 16.0
fan_in   2304, float_limit 0.036084, float std 0.029463, quant limit 0.9921875, scale 16.0
fan_in   4608, float_limit 0.025516, float std 0.020833, quant limit 0.9921875, scale 32.0
fan_in   8192, float_limit 0.019137, float std 0.015625, quant limit 0.9921875, scale 32.0
fan_in   1024, float_limit 0.054127, float std 0.044194, quant limit 0.9921875, scale 16.0
quantize layer  Conv0_
quantize layer  Conv1_
quantize layer  Conv3_
quantize layer  Conv4_
quantize layer  Conv6_
quantize layer  Conv7_
quantize layer  FC0_
quantize layer  FC1_
 --- Hardware Properties --- 
subArray size: 
128
parallel read: 
128
ADC precision: 
6
cell precision: 
2
on/off ratio: 
10.0
variation: 
0.0
Test set: Average loss: 1.5066, Accuracy: 9218/10000 (92%)
User assigned speed-up degree is larger than the upper bound (where no idle period during the whole process) 
The speed-up degree is auto-assigned as the upper bound (where no idle period during the whole process) 
------------------------------ FloorPlan --------------------------------

Tile and PE size are optimized to maximize memory utilization ( = memory mapped by synapse / total memory on chip)

Desired Conventional Mapped Tile Storage Size: 1024x1024
Desired Conventional PE Storage Size: 512x512
Desired Novel Mapped Tile Storage Size: 9x512x512
User-defined SubArray Size: 128x128

----------------- # of tile used for each layer -----------------
layer1: 2
layer2: 8
layer3: 4
layer4: 8
layer5: 8
layer6: 8
layer7: 64
layer8: 1

----------------- Speed-up of each layer ------------------
layer1: 16
layer2: 16
layer3: 4
layer4: 4
layer5: 2
layer6: 1
layer7: 1
layer8: 8

----------------- Utilization of each layer ------------------
layer1: 0.210938
layer2: 1
layer3: 1
layer4: 1
layer5: 1
layer6: 1
layer7: 1
layer8: 0.625
Memory Utilization of Whole Chip: 98.1038 % 

---------------------------- FloorPlan Done ------------------------------



./layer_record_VGG8/trace_command.sh: line 1: 31789 Segmentation fault      (core dumped) ./NeuroSIM/main ./NeuroSIM/NetWork_VGG8.csv 8 8 128 128 ./layer_record_VGG8/weightConv0_.csv ./layer_record_VGG8/inputConv0_.csv ./layer_record_VGG8/weightConv6_.csv ./layer_record_VGG8/inputConv6_.csv ./layer_record_VGG8/weightConv1_.csv ./layer_record_VGG8/inputConv1_.csv ./layer_record_VGG8/weightConv7_.csv ./layer_record_VGG8/inputConv7_.csv ./layer_record_VGG8/weightConv3_.csv ./layer_record_VGG8/inputConv3_.csv ./layer_record_VGG8/weightConv4_.csv ./layer_record_VGG8/inputConv4_.csv ./layer_record_VGG8/weightConv6_.csv ./layer_record_VGG8/inputConv6_.csv ./layer_record_VGG8/weightFC0_.csv ./layer_record_VGG8/inputFC0_.csv ./layer_record_VGG8/weightFC1_.csv ./layer_record_VGG8/inputFC1_.csv ./layer_record_VGG8/weightConv7_.csv ./layer_record_VGG8/inputConv7_.csv ./layer_record_VGG8/weightFC0_.csv ./layer_record_VGG8/inputFC0_.csv ./layer_record_VGG8/weightFC1_.csv ./layer_record_VGG8/inputFC1_.csv
