nohup: ignoring input
/home/qfc2zn/DNN_NeuroSim_V1.4/Inference_pytorch/log/default/ADCprecision=6/batch_size=200/cellBit=2/dataset=cifar10/decreasing_lr=140,180/detect=0/grad_scale=8/inference=1/lr=0.01/mode=WAGE/model=VGG8/onoffratio=10/parallelRead=128/seed=117/subArray=128/t=0/target=0/v=0/vari=0.0/wl_activate=8/wl_error=8/wl_grad=8/wl_weight=8
=================FLAGS==================
dataset: cifar10
model: VGG8
mode: WAGE
batch_size: 200
epochs: 200
grad_scale: 8
seed: 117
log_interval: 100
test_interval: 1
logdir: /home/qfc2zn/DNN_NeuroSim_V1.4/Inference_pytorch/log/default/ADCprecision=6/batch_size=200/cellBit=2/dataset=cifar10/decreasing_lr=140,180/detect=0/grad_scale=8/inference=1/lr=0.01/mode=WAGE/model=VGG8/onoffratio=10/parallelRead=128/seed=117/subArray=128/t=0/target=0/v=0/vari=0.0/wl_activate=8/wl_error=8/wl_grad=8/wl_weight=8
lr: 0.01
decreasing_lr: 140,180
wl_weight: 8
wl_grad: 8
wl_activate: 8
wl_error: 8
inference: 1
subArray: 128
parallelRead: 128
ADCprecision: 6
cellBit: 2
onoffratio: 10
vari: 0.0
t: 0
v: 0
detect: 0
target: 0
========================================
Building CIFAR-10 data loader with 1 workers
fan_in     27, float_limit 0.333333, float std 0.272166, quant limit 0.9921875, scale 2.0
fan_in   1152, float_limit 0.051031, float std 0.041667, quant limit 0.9921875, scale 16.0
fan_in   1152, float_limit 0.051031, float std 0.041667, quant limit 0.9921875, scale 16.0
fan_in   2304, float_limit 0.036084, float std 0.029463, quant limit 0.9921875, scale 16.0
fan_in   2304, float_limit 0.036084, float std 0.029463, quant limit 0.9921875, scale 16.0
fan_in   4608, float_limit 0.025516, float std 0.020833, quant limit 0.9921875, scale 32.0
fan_in   8192, float_limit 0.019137, float std 0.015625, quant limit 0.9921875, scale 32.0
fan_in   1024, float_limit 0.054127, float std 0.044194, quant limit 0.9921875, scale 16.0
quantize layer  Conv0_
quantize layer  Conv1_
quantize layer  Conv3_
quantize layer  Conv4_
quantize layer  Conv6_
quantize layer  Conv7_
quantize layer  FC0_
quantize layer  FC1_
 --- Hardware Properties --- 
subArray size: 
128
parallel read: 
128
ADC precision: 
6
cell precision: 
2
on/off ratio: 
10
variation: 
0.0
Test set: Average loss: 1.5066, Accuracy: 9218/10000 (92%)
User assigned speed-up degree is larger than the upper bound (where no idle period during the whole process) 
The speed-up degree is auto-assigned as the upper bound (where no idle period during the whole process) 
------------------------------ FloorPlan --------------------------------

Tile and PE size are optimized to maximize memory utilization ( = memory mapped by synapse / total memory on chip)

Desired Conventional Mapped Tile Storage Size: 1024x1024
Desired Conventional PE Storage Size: 512x512
Desired Novel Mapped Tile Storage Size: 9x512x512
User-defined SubArray Size: 128x128

----------------- # of tile used for each layer -----------------
layer1: 2
layer2: 8
layer3: 4
layer4: 8
layer5: 8
layer6: 8
layer7: 64
layer8: 1

----------------- Speed-up of each layer ------------------
layer1: 16
layer2: 16
layer3: 4
layer4: 4
layer5: 2
layer6: 1
layer7: 1
layer8: 8

----------------- Utilization of each layer ------------------
layer1: 0.210938
layer2: 1
layer3: 1
layer4: 1
layer5: 1
layer6: 1
layer7: 1
layer8: 0.625
Memory Utilization of Whole Chip: 98.1038 % 

---------------------------- FloorPlan Done ------------------------------



clkPeriod: 2.11423e-09
-------------------------------------- Hardware Performance --------------------------------------
-------------------- Estimation of Layer 1 ----------------------
layer1's readLatency is: 165416ns
layer1's readDynamicEnergy is: 1.80805e+06pJ
layer1's leakagePower is: 0uW
layer1's leakageEnergy is: 0pJ
layer1's buffer latency is: 130709ns
layer1's buffer readDynamicEnergy is: 8031.1pJ
layer1's ic latency is: 26554.4ns
layer1's ic readDynamicEnergy is: 600262pJ

************************ Breakdown of Latency and Dynamic Energy *************************

----------- ADC (or S/As and precharger for SRAM) readLatency is : 7611.23ns
----------- Accumulation Circuits (subarray level: adders, shiftAdds; PE/Tile/Global level: accumulation units) readLatency is : 330.348ns
----------- Other Peripheries (e.g. decoders, mux, switchmatrix, buffers, IC, pooling and activation units) readLatency is : 157475ns
----------- ADC (or S/As and precharger for SRAM) readDynamicEnergy is : 825414pJ
----------- Accumulation Circuits (subarray level: adders, shiftAdds; PE/Tile/Global level: accumulation units) readDynamicEnergy is : 123824pJ
----------- Other Peripheries (e.g. decoders, mux, switchmatrix, buffers, IC, pooling and activation units) readDynamicEnergy is : 858816pJ

************************ Breakdown of Latency and Dynamic Energy *************************

-------------------- Estimation of Layer 2 ----------------------
layer2's readLatency is: 95934ns
layer2's readDynamicEnergy is: 1.45914e+07pJ
layer2's leakagePower is: 167.566uW
layer2's leakageEnergy is: 27718.2pJ
layer2's buffer latency is: 48419.3ns
layer2's buffer readDynamicEnergy is: 66070.4pJ
layer2's ic latency is: 36031.8ns
layer2's ic readDynamicEnergy is: 2.52479e+06pJ

************************ Breakdown of Latency and Dynamic Energy *************************

----------- ADC (or S/As and precharger for SRAM) readLatency is : 7611.23ns
----------- Accumulation Circuits (subarray level: adders, shiftAdds; PE/Tile/Global level: accumulation units) readLatency is : 2233.16ns
----------- Other Peripheries (e.g. decoders, mux, switchmatrix, buffers, IC, pooling and activation units) readLatency is : 86089.6ns
----------- ADC (or S/As and precharger for SRAM) readDynamicEnergy is : 8.38641e+06pJ
----------- Accumulation Circuits (subarray level: adders, shiftAdds; PE/Tile/Global level: accumulation units) readDynamicEnergy is : 1.11589e+06pJ
----------- Other Peripheries (e.g. decoders, mux, switchmatrix, buffers, IC, pooling and activation units) readDynamicEnergy is : 5.08906e+06pJ

************************ Breakdown of Latency and Dynamic Energy *************************

-------------------- Estimation of Layer 3 ----------------------
layer3's readLatency is: 48850.8ns
layer3's readDynamicEnergy is: 6.36924e+06pJ
layer3's leakagePower is: 140.557uW
layer3's leakageEnergy is: 23250.4pJ
layer3's buffer latency is: 11550.3ns
layer3's buffer readDynamicEnergy is: 28736.9pJ
layer3's ic latency is: 30059.3ns
layer3's ic readDynamicEnergy is: 1.11378e+06pJ

************************ Breakdown of Latency and Dynamic Energy *************************

----------- ADC (or S/As and precharger for SRAM) readLatency is : 6630.22ns
----------- Accumulation Circuits (subarray level: adders, shiftAdds; PE/Tile/Global level: accumulation units) readLatency is : 517.986ns
----------- Other Peripheries (e.g. decoders, mux, switchmatrix, buffers, IC, pooling and activation units) readLatency is : 41702.6ns
----------- ADC (or S/As and precharger for SRAM) readDynamicEnergy is : 3.65731e+06pJ
----------- Accumulation Circuits (subarray level: adders, shiftAdds; PE/Tile/Global level: accumulation units) readDynamicEnergy is : 481486pJ
----------- Other Peripheries (e.g. decoders, mux, switchmatrix, buffers, IC, pooling and activation units) readDynamicEnergy is : 2.23045e+06pJ

************************ Breakdown of Latency and Dynamic Energy *************************

-------------------- Estimation of Layer 4 ----------------------
layer4's readLatency is: 51996.1ns
layer4's readDynamicEnergy is: 1.03205e+07pJ
layer4's leakagePower is: 282.434uW
layer4's leakageEnergy is: 46719.1pJ
layer4's buffer latency is: 16626.6ns
layer4's buffer readDynamicEnergy is: 41564.3pJ
layer4's ic latency is: 27413.7ns
layer4's ic readDynamicEnergy is: 1.39384e+06pJ

************************ Breakdown of Latency and Dynamic Energy *************************

----------- ADC (or S/As and precharger for SRAM) readLatency is : 6630.22ns
----------- Accumulation Circuits (subarray level: adders, shiftAdds; PE/Tile/Global level: accumulation units) readLatency is : 611.012ns
----------- Other Peripheries (e.g. decoders, mux, switchmatrix, buffers, IC, pooling and activation units) readLatency is : 44754.9ns
----------- ADC (or S/As and precharger for SRAM) readDynamicEnergy is : 6.01388e+06pJ
----------- Accumulation Circuits (subarray level: adders, shiftAdds; PE/Tile/Global level: accumulation units) readDynamicEnergy is : 965026pJ
----------- Other Peripheries (e.g. decoders, mux, switchmatrix, buffers, IC, pooling and activation units) readDynamicEnergy is : 3.34163e+06pJ

************************ Breakdown of Latency and Dynamic Energy *************************

-------------------- Estimation of Layer 5 ----------------------
layer5's readLatency is: 16283ns
layer5's readDynamicEnergy is: 4.02152e+06pJ
layer5's leakagePower is: 371.365uW
layer5's leakageEnergy is: 61429.8pJ
layer5's buffer latency is: 3397.78ns
layer5's buffer readDynamicEnergy is: 15245.7pJ
layer5's ic latency is: 10301.6ns
layer5's ic readDynamicEnergy is: 517201pJ

************************ Breakdown of Latency and Dynamic Energy *************************

----------- ADC (or S/As and precharger for SRAM) readLatency is : 2435.59ns
----------- Accumulation Circuits (subarray level: adders, shiftAdds; PE/Tile/Global level: accumulation units) readLatency is : 114.168ns
----------- Other Peripheries (e.g. decoders, mux, switchmatrix, buffers, IC, pooling and activation units) readLatency is : 13733.2ns
----------- ADC (or S/As and precharger for SRAM) readDynamicEnergy is : 2.39777e+06pJ
----------- Accumulation Circuits (subarray level: adders, shiftAdds; PE/Tile/Global level: accumulation units) readDynamicEnergy is : 353944pJ
----------- Other Peripheries (e.g. decoders, mux, switchmatrix, buffers, IC, pooling and activation units) readDynamicEnergy is : 1.26981e+06pJ

************************ Breakdown of Latency and Dynamic Energy *************************

-------------------- Estimation of Layer 6 ----------------------
layer6's readLatency is: 30189.3ns
layer6's readDynamicEnergy is: 7.05212e+06pJ
layer6's leakagePower is: 358.477uW
layer6's leakageEnergy is: 59298pJ
layer6's buffer latency is: 5591.29ns
layer6's buffer readDynamicEnergy is: 24659.3pJ
layer6's ic latency is: 19312.4ns
layer6's ic readDynamicEnergy is: 728137pJ

************************ Breakdown of Latency and Dynamic Energy *************************

----------- ADC (or S/As and precharger for SRAM) readLatency is : 4871.18ns
----------- Accumulation Circuits (subarray level: adders, shiftAdds; PE/Tile/Global level: accumulation units) readLatency is : 152.225ns
----------- Other Peripheries (e.g. decoders, mux, switchmatrix, buffers, IC, pooling and activation units) readLatency is : 25165.9ns
----------- ADC (or S/As and precharger for SRAM) readDynamicEnergy is : 4.22603e+06pJ
----------- Accumulation Circuits (subarray level: adders, shiftAdds; PE/Tile/Global level: accumulation units) readDynamicEnergy is : 708262pJ
----------- Other Peripheries (e.g. decoders, mux, switchmatrix, buffers, IC, pooling and activation units) readDynamicEnergy is : 2.11782e+06pJ

************************ Breakdown of Latency and Dynamic Energy *************************

-------------------- Estimation of Layer 7 ----------------------
layer7's readLatency is: 920.218ns
layer7's readDynamicEnergy is: 604098pJ
layer7's leakagePower is: 889.694uW
layer7's leakageEnergy is: 147170pJ
layer7's buffer latency is: 556.042ns
layer7's buffer readDynamicEnergy is: 2678.69pJ
layer7's ic latency is: 220.408ns
layer7's ic readDynamicEnergy is: 69020.5pJ

************************ Breakdown of Latency and Dynamic Energy *************************

----------- ADC (or S/As and precharger for SRAM) readLatency is : 135.311ns
----------- Accumulation Circuits (subarray level: adders, shiftAdds; PE/Tile/Global level: accumulation units) readLatency is : 6.34269ns
----------- Other Peripheries (e.g. decoders, mux, switchmatrix, buffers, IC, pooling and activation units) readLatency is : 778.565ns
----------- ADC (or S/As and precharger for SRAM) readDynamicEnergy is : 337157pJ
----------- Accumulation Circuits (subarray level: adders, shiftAdds; PE/Tile/Global level: accumulation units) readDynamicEnergy is : 70068.3pJ
----------- Other Peripheries (e.g. decoders, mux, switchmatrix, buffers, IC, pooling and activation units) readDynamicEnergy is : 196873pJ

************************ Breakdown of Latency and Dynamic Energy *************************

-------------------- Estimation of Layer 8 ----------------------
layer8's readLatency is: 513.884ns
layer8's readDynamicEnergy is: 2550.59pJ
layer8's leakagePower is: 13.9358uW
layer8's leakageEnergy is: 2305.21pJ
layer8's buffer latency is: 297.431ns
layer8's buffer readDynamicEnergy is: 26.7948pJ
layer8's ic latency is: 195.046ns
layer8's ic readDynamicEnergy is: 1536.46pJ

************************ Breakdown of Latency and Dynamic Energy *************************

----------- ADC (or S/As and precharger for SRAM) readLatency is : 16.9138ns
----------- Accumulation Circuits (subarray level: adders, shiftAdds; PE/Tile/Global level: accumulation units) readLatency is : 2.37851ns
----------- Other Peripheries (e.g. decoders, mux, switchmatrix, buffers, IC, pooling and activation units) readLatency is : 494.591ns
----------- ADC (or S/As and precharger for SRAM) readDynamicEnergy is : 563.955pJ
----------- Accumulation Circuits (subarray level: adders, shiftAdds; PE/Tile/Global level: accumulation units) readDynamicEnergy is : 145.912pJ
----------- Other Peripheries (e.g. decoders, mux, switchmatrix, buffers, IC, pooling and activation units) readDynamicEnergy is : 1840.73pJ

************************ Breakdown of Latency and Dynamic Energy *************************

------------------------------ Summary --------------------------------

ChipArea : 3.83318e+08um^2
Chip total CIM array : 3.60536e+06um^2
Total IC Area on chip (Global and Tile/PE local): 2.77759e+07um^2
Total ADC (or S/As and precharger for SRAM) Area on chip : 7.94913e+06um^2
Total Accumulation Circuits (subarray level: adders, shiftAdds; PE/Tile/Global level: accumulation units) on chip : 1.54545e+07um^2
Other Peripheries (e.g. decoders, mux, switchmatrix, buffers, pooling and activation units) : 4.98298e+07um^2

Chip clock period is: 2.11423ns
Chip pipeline-system-clock-cycle (per image) is: 165416ns
Chip pipeline-system readDynamicEnergy (per image) is: 4.47695e+07pJ
Chip pipeline-system leakage Energy (per image) is: 367891pJ
Chip pipeline-system leakage Power (per image) is: 2224.03uW
Chip pipeline-system buffer readLatency (per image) is: 130709ns
Chip pipeline-system buffer readDynamicEnergy (per image) is: 187013pJ
Chip pipeline-system ic readLatency (per image) is: 36031.8ns
Chip pipeline-system ic readDynamicEnergy (per image) is: 6.94856e+06pJ

************************ Breakdown of Latency and Dynamic Energy *************************

----------- ADC (or S/As and precharger for SRAM) readLatency is : 7611.23ns
----------- Accumulation Circuits (subarray level: adders, shiftAdds; PE/Tile/Global level: accumulation units) readLatency is : 2233.16ns
----------- Other Peripheries (e.g. decoders, mux, switchmatrix, buffers, IC, pooling and activation units) readLatency is : 157475ns
----------- ADC (or S/As and precharger for SRAM) readDynamicEnergy is : 2.58445e+07pJ
----------- Accumulation Circuits (subarray level: adders, shiftAdds; PE/Tile/Global level: accumulation units) readDynamicEnergy is : 3.81865e+06pJ
----------- Other Peripheries (e.g. decoders, mux, switchmatrix, buffers, IC, pooling and activation units) readDynamicEnergy is : 1.51063e+07pJ

************************ Breakdown of Latency and Dynamic Energy *************************


----------------------------- Performance -------------------------------
Energy Efficiency TOPS/W (Pipelined Process): 22.3695
Throughput TOPS (Pipelined Process): 7.44688
Throughput FPS (Pipelined Process): 6045.35
Compute efficiency TOPS/mm^2 (Pipelined Process): 0.0194274
-------------------------------------- Hardware Performance Done --------------------------------------

------------------------------ Simulation Performance --------------------------------
Total Run-time of NeuroSim: 76 seconds
------------------------------ Simulation Performance --------------------------------
