Writing to finallog/20260425_162009_baseline_fair
/home/qfc2zn/DNN_NeuroSim_V1.4/Inference_pytorch/project/20260425_162009/VGG8/baseline_fair/sub128/ADCprecision=6/batch_size=200/cellBit=2/dataset=cifar10/decreasing_lr=140,180/detect=0/grad_scale=8.0/inference=1/lr=0.01/mode=WAGE/model=VGG8/onoffratio=10.0/parallelRead=128/seed=117/subArray=128/t=0.0/target=0.0/v=0.0/vari=0.0/wl_activate=8/wl_error=8/wl_grad=8/wl_weight=8
=================FLAGS==================
dataset: cifar10
model: VGG8
mode: WAGE
batch_size: 200
epochs: 200
grad_scale: 8.0
seed: 117
log_interval: 100
test_interval: 1
logdir: /home/qfc2zn/DNN_NeuroSim_V1.4/Inference_pytorch/project/20260425_162009/VGG8/baseline_fair/sub128/ADCprecision=6/batch_size=200/cellBit=2/dataset=cifar10/decreasing_lr=140,180/detect=0/grad_scale=8.0/inference=1/lr=0.01/mode=WAGE/model=VGG8/onoffratio=10.0/parallelRead=128/seed=117/subArray=128/t=0.0/target=0.0/v=0.0/vari=0.0/wl_activate=8/wl_error=8/wl_grad=8/wl_weight=8
lr: 0.01
decreasing_lr: 140,180
wl_weight: 8
wl_grad: 8
wl_activate: 8
wl_error: 8
inference: 1
subArray: 128
parallelRead: 128
ADCprecision: 6
cellBit: 2
onoffratio: 10.0
vari: 0.0
t: 0.0
v: 0.0
detect: 0
target: 0.0
========================================
Building CIFAR-10 data loader with 0 workers
fan_in     27, float_limit 0.333333, float std 0.272166, quant limit 0.9921875, scale 2.0
fan_in   1152, float_limit 0.051031, float std 0.041667, quant limit 0.9921875, scale 16.0
fan_in   1152, float_limit 0.051031, float std 0.041667, quant limit 0.9921875, scale 16.0
fan_in   2304, float_limit 0.036084, float std 0.029463, quant limit 0.9921875, scale 16.0
fan_in   2304, float_limit 0.036084, float std 0.029463, quant limit 0.9921875, scale 16.0
fan_in   4608, float_limit 0.025516, float std 0.020833, quant limit 0.9921875, scale 32.0
fan_in   8192, float_limit 0.019137, float std 0.015625, quant limit 0.9921875, scale 32.0
fan_in   1024, float_limit 0.054127, float std 0.044194, quant limit 0.9921875, scale 16.0
quantize layer  Conv0_
quantize layer  Conv1_
quantize layer  Conv3_
quantize layer  Conv4_
quantize layer  Conv6_
quantize layer  Conv7_
quantize layer  FC0_
quantize layer  FC1_
 --- Hardware Properties --- 
subArray size: 
128
parallel read: 
128
ADC precision: 
6
cell precision: 
2
on/off ratio: 
10.0
variation: 
0.0
Test set: Average loss: 1.5066, Accuracy: 9218/10000 (92%)
---------------- CiM interface (Param.cpp) ----------------
cimInterfaceMode: 0 (0=BASELINE_ADC, 1=SIGMA_DELTA_STREAM)
SARADC (baseline SAR vs MLSA): true
-------------------------------------------------------------

User assigned speed-up degree is larger than the upper bound (where no idle period during the whole process) 
The speed-up degree is auto-assigned as the upper bound (where no idle period during the whole process) 
------------------------------ FloorPlan --------------------------------

Tile and PE size are optimized to maximize memory utilization ( = memory mapped by synapse / total memory on chip)

Desired Conventional Mapped Tile Storage Size: 1024x1024
Desired Conventional PE Storage Size: 512x512
User-defined SubArray Size: 128x128

----------------- # of tile used for each layer -----------------
layer1: 2
layer2: 32
layer3: 16
layer4: 24
layer5: 12
layer6: 20
layer7: 64
layer8: 1

----------------- Speed-up of each layer ------------------
layer1: 16
layer2: 16
layer3: 4
layer4: 4
layer5: 1
layer6: 1
layer7: 1
layer8: 8

----------------- Utilization of each layer ------------------
layer1: 0.210938
layer2: 0.5625
layer3: 0.5625
layer4: 0.75
layer5: 0.75
layer6: 0.9
layer7: 1
layer8: 0.625
Memory Utilization of Whole Chip: 80.1444 % 

---------------------------- FloorPlan Done ------------------------------



clkPeriod: 8.43196e-09
-------------------------------------- Hardware Performance --------------------------------------
-------------------- Estimation of Layer 1 ----------------------
layer1's readLatency is: 259560ns
layer1's readDynamicEnergy is: 4.51499e+06pJ
layer1's leakagePower is: 0uW
layer1's leakageEnergy is: 0pJ
layer1's buffer latency is: 145358ns
layer1's buffer readDynamicEnergy is: 8818.85pJ
layer1's ic latency is: 108501ns
layer1's ic readDynamicEnergy is: 2.07339e+06pJ

************************ Breakdown of Latency and Dynamic Energy *************************

----------- ADC (or S/As and precharger for SRAM) readLatency is : 3794.38ns
----------- Accumulation Circuits (subarray level: adders, shiftAdds; PE/Tile/Global level: accumulation units) readLatency is : 952.812ns
----------- Other Peripheries (e.g. decoders, mux, switchmatrix, buffers, IC, pooling and activation units) readLatency is : 254812ns
----------- ADC (or S/As and precharger for SRAM) readDynamicEnergy is : 2.4132e+06pJ
----------- Accumulation Circuits (subarray level: adders, shiftAdds; PE/Tile/Global level: accumulation units) readDynamicEnergy is : 3453.59pJ
----------- Other Peripheries (e.g. decoders, mux, switchmatrix, buffers, IC, pooling and activation units) readDynamicEnergy is : 2.09834e+06pJ

************************ Breakdown of Latency and Dynamic Energy *************************

-------------------- Estimation of Layer 2 ----------------------
layer2's readLatency is: 1.27751e+06ns
layer2's readDynamicEnergy is: 4.28658e+07pJ
layer2's leakagePower is: 0uW
layer2's leakageEnergy is: 0pJ
layer2's buffer latency is: 1.13727e+06ns
layer2's buffer readDynamicEnergy is: 55519.5pJ
layer2's ic latency is: 126210ns
layer2's ic readDynamicEnergy is: 7.25207e+06pJ

************************ Breakdown of Latency and Dynamic Energy *************************

----------- ADC (or S/As and precharger for SRAM) readLatency is : 3794.38ns
----------- Accumulation Circuits (subarray level: adders, shiftAdds; PE/Tile/Global level: accumulation units) readLatency is : 8541.58ns
----------- Other Peripheries (e.g. decoders, mux, switchmatrix, buffers, IC, pooling and activation units) readLatency is : 1.26517e+06ns
----------- ADC (or S/As and precharger for SRAM) readDynamicEnergy is : 3.52568e+07pJ
----------- Accumulation Circuits (subarray level: adders, shiftAdds; PE/Tile/Global level: accumulation units) readDynamicEnergy is : 134827pJ
----------- Other Peripheries (e.g. decoders, mux, switchmatrix, buffers, IC, pooling and activation units) readDynamicEnergy is : 7.47417e+06pJ

************************ Breakdown of Latency and Dynamic Energy *************************

-------------------- Estimation of Layer 3 ----------------------
layer3's readLatency is: 311108ns
layer3's readDynamicEnergy is: 1.81947e+07pJ
layer3's leakagePower is: 670.906uW
layer3's leakageEnergy is: 857086pJ
layer3's buffer latency is: 251156ns
layer3's buffer readDynamicEnergy is: 23248.2pJ
layer3's ic latency is: 54166.9ns
layer3's ic readDynamicEnergy is: 2.64468e+06pJ

************************ Breakdown of Latency and Dynamic Energy *************************

----------- ADC (or S/As and precharger for SRAM) readLatency is : 3305.33ns
----------- Accumulation Circuits (subarray level: adders, shiftAdds; PE/Tile/Global level: accumulation units) readLatency is : 2065.83ns
----------- Other Peripheries (e.g. decoders, mux, switchmatrix, buffers, IC, pooling and activation units) readLatency is : 305737ns
----------- ADC (or S/As and precharger for SRAM) readDynamicEnergy is : 1.54329e+07pJ
----------- Accumulation Circuits (subarray level: adders, shiftAdds; PE/Tile/Global level: accumulation units) readDynamicEnergy is : 21396.5pJ
----------- Other Peripheries (e.g. decoders, mux, switchmatrix, buffers, IC, pooling and activation units) readDynamicEnergy is : 2.7404e+06pJ

************************ Breakdown of Latency and Dynamic Energy *************************

-------------------- Estimation of Layer 4 ----------------------
layer4's readLatency is: 314878ns
layer4's readDynamicEnergy is: 1.95301e+07pJ
layer4's leakagePower is: 1106.83uW
layer4's leakageEnergy is: 1.41398e+06pJ
layer4's buffer latency is: 260171ns
layer4's buffer readDynamicEnergy is: 42635.8pJ
layer4's ic latency is: 48593.4ns
layer4's ic readDynamicEnergy is: 4.09685e+06pJ

************************ Breakdown of Latency and Dynamic Energy *************************

----------- ADC (or S/As and precharger for SRAM) readLatency is : 3305.33ns
----------- Accumulation Circuits (subarray level: adders, shiftAdds; PE/Tile/Global level: accumulation units) readLatency is : 2065.83ns
----------- Other Peripheries (e.g. decoders, mux, switchmatrix, buffers, IC, pooling and activation units) readLatency is : 309506ns
----------- ADC (or S/As and precharger for SRAM) readDynamicEnergy is : 1.52432e+07pJ
----------- Accumulation Circuits (subarray level: adders, shiftAdds; PE/Tile/Global level: accumulation units) readDynamicEnergy is : 36642.5pJ
----------- Other Peripheries (e.g. decoders, mux, switchmatrix, buffers, IC, pooling and activation units) readDynamicEnergy is : 4.25029e+06pJ

************************ Breakdown of Latency and Dynamic Energy *************************

-------------------- Estimation of Layer 5 ----------------------
layer5's readLatency is: 78070.3ns
layer5's readDynamicEnergy is: 1.01173e+07pJ
layer5's leakagePower is: 689.553uW
layer5's leakageEnergy is: 880908pJ
layer5's buffer latency is: 49570.3ns
layer5's buffer readDynamicEnergy is: 16630.7pJ
layer5's ic latency is: 25464.5ns
layer5's ic readDynamicEnergy is: 1.38579e+06pJ

************************ Breakdown of Latency and Dynamic Energy *************************

----------- ADC (or S/As and precharger for SRAM) readLatency is : 2428.4ns
----------- Accumulation Circuits (subarray level: adders, shiftAdds; PE/Tile/Global level: accumulation units) readLatency is : 455.326ns
----------- Other Peripheries (e.g. decoders, mux, switchmatrix, buffers, IC, pooling and activation units) readLatency is : 75186.6ns
----------- ADC (or S/As and precharger for SRAM) readDynamicEnergy is : 8.65217e+06pJ
----------- Accumulation Circuits (subarray level: adders, shiftAdds; PE/Tile/Global level: accumulation units) readDynamicEnergy is : 12342pJ
----------- Other Peripheries (e.g. decoders, mux, switchmatrix, buffers, IC, pooling and activation units) readDynamicEnergy is : 1.45277e+06pJ

************************ Breakdown of Latency and Dynamic Energy *************************

-------------------- Estimation of Layer 6 ----------------------
layer6's readLatency is: 83110.3ns
layer6's readDynamicEnergy is: 1.26794e+07pJ
layer6's leakagePower is: 1365.45uW
layer6's leakageEnergy is: 1.74437e+06pJ
layer6's buffer latency is: 52881.8ns
layer6's buffer readDynamicEnergy is: 31323.1pJ
layer6's ic latency is: 27066.6ns
layer6's ic readDynamicEnergy is: 2.27465e+06pJ

************************ Breakdown of Latency and Dynamic Energy *************************

----------- ADC (or S/As and precharger for SRAM) readLatency is : 2428.4ns
----------- Accumulation Circuits (subarray level: adders, shiftAdds; PE/Tile/Global level: accumulation units) readLatency is : 455.326ns
----------- Other Peripheries (e.g. decoders, mux, switchmatrix, buffers, IC, pooling and activation units) readLatency is : 80226.6ns
----------- ADC (or S/As and precharger for SRAM) readDynamicEnergy is : 1.02666e+07pJ
----------- Accumulation Circuits (subarray level: adders, shiftAdds; PE/Tile/Global level: accumulation units) readDynamicEnergy is : 21323.1pJ
----------- Other Peripheries (e.g. decoders, mux, switchmatrix, buffers, IC, pooling and activation units) readDynamicEnergy is : 2.39146e+06pJ

************************ Breakdown of Latency and Dynamic Energy *************************

-------------------- Estimation of Layer 7 ----------------------
layer7's readLatency is: 2660.04ns
layer7's readDynamicEnergy is: 537588pJ
layer7's leakagePower is: 4663.74uW
layer7's leakageEnergy is: 5.95795e+06pJ
layer7's buffer latency is: 1679.82ns
layer7's buffer readDynamicEnergy is: 2336.38pJ
layer7's ic latency is: 887.464ns
layer7's ic readDynamicEnergy is: 186497pJ

************************ Breakdown of Latency and Dynamic Energy *************************

----------- ADC (or S/As and precharger for SRAM) readLatency is : 67.4557ns
----------- Accumulation Circuits (subarray level: adders, shiftAdds; PE/Tile/Global level: accumulation units) readLatency is : 16.8639ns
----------- Other Peripheries (e.g. decoders, mux, switchmatrix, buffers, IC, pooling and activation units) readLatency is : 2575.72ns
----------- ADC (or S/As and precharger for SRAM) readDynamicEnergy is : 340422pJ
----------- Accumulation Circuits (subarray level: adders, shiftAdds; PE/Tile/Global level: accumulation units) readDynamicEnergy is : 1965.24pJ
----------- Other Peripheries (e.g. decoders, mux, switchmatrix, buffers, IC, pooling and activation units) readDynamicEnergy is : 195201pJ

************************ Breakdown of Latency and Dynamic Energy *************************

-------------------- Estimation of Layer 8 ----------------------
layer8's readLatency is: 1954.44ns
layer8's readDynamicEnergy is: 6133.42pJ
layer8's leakagePower is: 72.9112uW
layer8's leakageEnergy is: 93144.5pJ
layer8's buffer latency is: 1142.83ns
layer8's buffer readDynamicEnergy is: 26.8637pJ
layer8's ic latency is: 786.313ns
layer8's ic readDynamicEnergy is: 4766.28pJ

************************ Breakdown of Latency and Dynamic Energy *************************

----------- ADC (or S/As and precharger for SRAM) readLatency is : 8.43196ns
----------- Accumulation Circuits (subarray level: adders, shiftAdds; PE/Tile/Global level: accumulation units) readLatency is : 8.43196ns
----------- Other Peripheries (e.g. decoders, mux, switchmatrix, buffers, IC, pooling and activation units) readLatency is : 1937.58ns
----------- ADC (or S/As and precharger for SRAM) readDynamicEnergy is : 1286.51pJ
----------- Accumulation Circuits (subarray level: adders, shiftAdds; PE/Tile/Global level: accumulation units) readDynamicEnergy is : 27.296pJ
----------- Other Peripheries (e.g. decoders, mux, switchmatrix, buffers, IC, pooling and activation units) readDynamicEnergy is : 4819.62pJ

************************ Breakdown of Latency and Dynamic Energy *************************

------------------------------ Summary --------------------------------

ChipArea : 2.5743e+09um^2
Chip total CIM array : 4.16565e+06um^2
Total IC Area on chip (Global and Tile/PE local): 3.89616e+07um^2
Total ADC (or S/As and precharger for SRAM) Area on chip : 1.74e+08um^2
Total Accumulation Circuits (subarray level: adders, shiftAdds; PE/Tile/Global level: accumulation units) on chip : 1.36003e+08um^2
Other Peripheries (e.g. decoders, mux, switchmatrix, buffers, pooling and activation units) : 5.80819e+07um^2

Chip clock period is: 8.43196ns
Chip pipeline-system-clock-cycle (per image) is: 1.27751e+06ns
Chip pipeline-system readDynamicEnergy (per image) is: 1.08446e+08pJ
Chip pipeline-system leakage Energy (per image) is: 1.09474e+07pJ
Chip pipeline-system leakage Power (per image) is: 8569.38uW
Chip pipeline-system buffer readLatency (per image) is: 1.13727e+06ns
Chip pipeline-system buffer readDynamicEnergy (per image) is: 180539pJ
Chip pipeline-system ic readLatency (per image) is: 126210ns
Chip pipeline-system ic readDynamicEnergy (per image) is: 1.99187e+07pJ

************************ Breakdown of Latency and Dynamic Energy *************************

----------- ADC (or S/As and precharger for SRAM) readLatency is : 3794.38ns
----------- Accumulation Circuits (subarray level: adders, shiftAdds; PE/Tile/Global level: accumulation units) readLatency is : 8541.58ns
----------- Other Peripheries (e.g. decoders, mux, switchmatrix, buffers, IC, pooling and activation units) readLatency is : 1.26517e+06ns
----------- ADC (or S/As and precharger for SRAM) readDynamicEnergy is : 8.76066e+07pJ
----------- Accumulation Circuits (subarray level: adders, shiftAdds; PE/Tile/Global level: accumulation units) readDynamicEnergy is : 231977pJ
----------- Other Peripheries (e.g. decoders, mux, switchmatrix, buffers, IC, pooling and activation units) readDynamicEnergy is : 2.06075e+07pJ

************************ Breakdown of Latency and Dynamic Energy *************************


----------------------------- Performance -------------------------------
Energy Efficiency TOPS/W (Pipelined Process): 8.45692
Throughput TOPS (Pipelined Process): 0.96425
Throughput FPS (Pipelined Process): 782.775
Compute efficiency TOPS/mm^2 (Pipelined Process): 0.000374568
-------------------------------------- Hardware Performance Done --------------------------------------

------------------------------ Simulation Performance --------------------------------
Total Run-time of NeuroSim: 76 seconds
------------------------------ Simulation Performance --------------------------------
