/home/qfc2zn/DNN_NeuroSim_V1.4/Inference_pytorch/project/20260425_195441/DenseNet40/sigmadelta/sub128/To6e-08_fc50e6/ADCprecision=6/batch_size=200/cellBit=2/dataset=cifar10/decreasing_lr=140,180/detect=0/grad_scale=8.0/inference=1/lr=0.01/mode=WAGE/model=DenseNet40/onoffratio=10.0/parallelRead=128/seed=117/subArray=128/t=0.0/target=0.0/v=0.0/vari=0.0/wl_activate=8/wl_error=8/wl_grad=8/wl_weight=8
=================FLAGS==================
dataset: cifar10
model: DenseNet40
mode: WAGE
batch_size: 200
epochs: 200
grad_scale: 8.0
seed: 117
log_interval: 100
test_interval: 1
logdir: /home/qfc2zn/DNN_NeuroSim_V1.4/Inference_pytorch/project/20260425_195441/DenseNet40/sigmadelta/sub128/To6e-08_fc50e6/ADCprecision=6/batch_size=200/cellBit=2/dataset=cifar10/decreasing_lr=140,180/detect=0/grad_scale=8.0/inference=1/lr=0.01/mode=WAGE/model=DenseNet40/onoffratio=10.0/parallelRead=128/seed=117/subArray=128/t=0.0/target=0.0/v=0.0/vari=0.0/wl_activate=8/wl_error=8/wl_grad=8/wl_weight=8
lr: 0.01
decreasing_lr: 140,180
wl_weight: 8
wl_grad: 8
wl_activate: 8
wl_error: 8
inference: 1
subArray: 128
parallelRead: 128
ADCprecision: 6
cellBit: 2
onoffratio: 10.0
vari: 0.0
t: 0.0
v: 0.0
detect: 0
target: 0.0
========================================
Building CIFAR-10 data loader with 0 workers
fan_in     27, float_limit 0.333333, float std 0.272166, quant limit 0.9921875, scale 2.0
fan_in     24, float_limit 0.353553, float std 0.288675, quant limit 0.9921875, scale 2.0
fan_in    432, float_limit 0.083333, float std 0.068041, quant limit 0.9921875, scale 8.0
fan_in     36, float_limit 0.288675, float std 0.235702, quant limit 0.9921875, scale 2.0
fan_in    432, float_limit 0.083333, float std 0.068041, quant limit 0.9921875, scale 8.0
fan_in     48, float_limit 0.250000, float std 0.204124, quant limit 0.9921875, scale 4.0
fan_in    432, float_limit 0.083333, float std 0.068041, quant limit 0.9921875, scale 8.0
fan_in     60, float_limit 0.223607, float std 0.182574, quant limit 0.9921875, scale 4.0
fan_in    432, float_limit 0.083333, float std 0.068041, quant limit 0.9921875, scale 8.0
fan_in     72, float_limit 0.204124, float std 0.166667, quant limit 0.9921875, scale 4.0
fan_in    432, float_limit 0.083333, float std 0.068041, quant limit 0.9921875, scale 8.0
fan_in     84, float_limit 0.188982, float std 0.154303, quant limit 0.9921875, scale 4.0
fan_in    432, float_limit 0.083333, float std 0.068041, quant limit 0.9921875, scale 8.0
fan_in     96, float_limit 0.176777, float std 0.144338, quant limit 0.9921875, scale 4.0
fan_in     48, float_limit 0.250000, float std 0.204124, quant limit 0.9921875, scale 4.0
fan_in    432, float_limit 0.083333, float std 0.068041, quant limit 0.9921875, scale 8.0
fan_in     60, float_limit 0.223607, float std 0.182574, quant limit 0.9921875, scale 4.0
fan_in    432, float_limit 0.083333, float std 0.068041, quant limit 0.9921875, scale 8.0
fan_in     72, float_limit 0.204124, float std 0.166667, quant limit 0.9921875, scale 4.0
fan_in    432, float_limit 0.083333, float std 0.068041, quant limit 0.9921875, scale 8.0
fan_in     84, float_limit 0.188982, float std 0.154303, quant limit 0.9921875, scale 4.0
fan_in    432, float_limit 0.083333, float std 0.068041, quant limit 0.9921875, scale 8.0
fan_in     96, float_limit 0.176777, float std 0.144338, quant limit 0.9921875, scale 4.0
fan_in    432, float_limit 0.083333, float std 0.068041, quant limit 0.9921875, scale 8.0
fan_in    108, float_limit 0.166667, float std 0.136083, quant limit 0.9921875, scale 4.0
fan_in    432, float_limit 0.083333, float std 0.068041, quant limit 0.9921875, scale 8.0
fan_in    120, float_limit 0.158114, float std 0.129099, quant limit 0.9921875, scale 4.0
fan_in     60, float_limit 0.223607, float std 0.182574, quant limit 0.9921875, scale 4.0
fan_in    432, float_limit 0.083333, float std 0.068041, quant limit 0.9921875, scale 8.0
fan_in     72, float_limit 0.204124, float std 0.166667, quant limit 0.9921875, scale 4.0
fan_in    432, float_limit 0.083333, float std 0.068041, quant limit 0.9921875, scale 8.0
fan_in     84, float_limit 0.188982, float std 0.154303, quant limit 0.9921875, scale 4.0
fan_in    432, float_limit 0.083333, float std 0.068041, quant limit 0.9921875, scale 8.0
fan_in     96, float_limit 0.176777, float std 0.144338, quant limit 0.9921875, scale 4.0
fan_in    432, float_limit 0.083333, float std 0.068041, quant limit 0.9921875, scale 8.0
fan_in    108, float_limit 0.166667, float std 0.136083, quant limit 0.9921875, scale 4.0
fan_in    432, float_limit 0.083333, float std 0.068041, quant limit 0.9921875, scale 8.0
fan_in    120, float_limit 0.158114, float std 0.129099, quant limit 0.9921875, scale 4.0
fan_in    432, float_limit 0.083333, float std 0.068041, quant limit 0.9921875, scale 8.0
fan_in    132, float_limit 0.150756, float std 0.123091, quant limit 0.9921875, scale 4.0
quantize layer  Conv0_
quantize layer  Conv1_
quantize layer  Conv2_
quantize layer  Conv3_
quantize layer  Conv4_
quantize layer  Conv5_
quantize layer  Conv6_
quantize layer  Conv7_
quantize layer  Conv8_
quantize layer  Conv9_
quantize layer  Conv10_
quantize layer  Conv11_
quantize layer  Conv12_
quantize layer  Conv13_
quantize layer  Conv14_
quantize layer  Conv15_
quantize layer  Conv16_
quantize layer  Conv17_
quantize layer  Conv18_
quantize layer  Conv19_
quantize layer  Conv20_
quantize layer  Conv21_
quantize layer  Conv22_
quantize layer  Conv23_
quantize layer  Conv24_
quantize layer  Conv25_
quantize layer  Conv26_
quantize layer  Conv27_
quantize layer  Conv28_
quantize layer  Conv29_
quantize layer  Conv30_
quantize layer  Conv31_
quantize layer  Conv32_
quantize layer  Conv33_
quantize layer  Conv34_
quantize layer  Conv35_
quantize layer  Conv36_
quantize layer  Conv37_
quantize layer  Conv38_
quantize layer  FC0_
 --- Hardware Properties --- 
subArray size: 
128
parallel read: 
128
ADC precision: 
6
cell precision: 
2
on/off ratio: 
10.0
variation: 
0.0
Test set: Average loss: 1.1747, Accuracy: 8029/10000 (80%)
---------------- CiM interface (Param.cpp) ----------------
cimInterfaceMode: 1 (0=BASELINE_ADC, 1=SIGMA_DELTA_STREAM)
SARADC (baseline SAR vs MLSA): true
Sigma-delta: f_c = 5e+07 Hz, T_o = 6e-08 s
Sigma-delta: C_int = 100 fF, I_ref = 20 nA
Sigma-delta: Vdd = 0.4 V
Sigma-delta: rowSigmaDeltaSeparateAccounting = false
Sigma-delta: settleCycles = 3
Sigma-delta: analogPoolActivate (integrate/compare pool+act PPA) = true
-------------------------------------------------------------

User assigned speed-up degree is larger than the upper bound (where no idle period during the whole process) 
The speed-up degree is auto-assigned as the upper bound (where no idle period during the whole process) 
------------------------------ FloorPlan --------------------------------

Tile and PE size are optimized to maximize memory utilization ( = memory mapped by synapse / total memory on chip)

Desired Conventional Mapped Tile Storage Size: 1024x1024
Desired Conventional PE Storage Size: 512x512
User-defined SubArray Size: 128x128

----------------- # of tile used for each layer -----------------
layer1: 1
layer2: 1
layer3: 4
layer4: 1
layer5: 4
layer6: 1
layer7: 4
layer8: 1
layer9: 8
layer10: 1
layer11: 8
layer12: 1
layer13: 8
layer14: 1
layer15: 1
layer16: 1
layer17: 1
layer18: 2
layer19: 1
layer20: 2
layer21: 1
layer22: 2
layer23: 1
layer24: 2
layer25: 1
layer26: 2
layer27: 1
layer28: 1
layer29: 1
layer30: 1
layer31: 1
layer32: 1
layer33: 1
layer34: 1
layer35: 1
layer36: 1
layer37: 1
layer38: 1
layer39: 2
layer40: 1

----------------- Speed-up of each layer ------------------
layer1: 32
layer2: 16
layer3: 16
layer4: 16
layer5: 16
layer6: 16
layer7: 16
layer8: 16
layer9: 16
layer10: 16
layer11: 16
layer12: 16
layer13: 16
layer14: 16
layer15: 16
layer16: 4
layer17: 16
layer18: 4
layer19: 16
layer20: 4
layer21: 16
layer22: 4
layer23: 16
layer24: 4
layer25: 16
layer26: 4
layer27: 16
layer28: 16
layer29: 2
layer30: 16
layer31: 2
layer32: 16
layer33: 2
layer34: 16
layer35: 2
layer36: 16
layer37: 2
layer38: 16
layer39: 2
layer40: 32

----------------- Utilization of each layer ------------------
layer1: 0.158203
layer2: 0.140625
layer3: 0.474609
layer4: 0.210938
layer5: 0.632812
layer6: 0.28125
layer7: 0.791016
layer8: 0.351562
layer9: 0.474609
layer10: 0.421875
layer11: 0.553711
layer12: 0.492188
layer13: 0.632812
layer14: 0.5625
layer15: 0.28125
layer16: 0.791016
layer17: 0.351562
layer18: 0.474609
layer19: 0.421875
layer20: 0.553711
layer21: 0.492188
layer22: 0.632812
layer23: 0.5625
layer24: 0.711914
layer25: 0.632812
layer26: 0.791016
layer27: 0.878906
layer28: 0.351562
layer29: 0.474609
layer30: 0.421875
layer31: 0.553711
layer32: 0.492188
layer33: 0.632812
layer34: 0.5625
layer35: 0.711914
layer36: 0.632812
layer37: 0.791016
layer38: 0.703125
layer39: 0.435059
layer40: 0.322266
Memory Utilization of Whole Chip: 54.9509 % 

---------------------------- FloorPlan Done ------------------------------



clkPeriod: 1.08032e-07
-------------------------------------- Hardware Performance --------------------------------------
-------------------- Estimation of Layer 1 ----------------------
layer1's readLatency is: 24307.2ns
layer1's readDynamicEnergy is: 33799pJ
layer1's leakagePower is: 0uW
layer1's leakageEnergy is: 0pJ
layer1's buffer latency is: 0ns
layer1's buffer readDynamicEnergy is: 0pJ
layer1's ic latency is: 0ns
layer1's ic readDynamicEnergy is: 0pJ

************************ Breakdown of Latency and Dynamic Energy *************************

----------- ADC (or S/As and precharger for SRAM) readLatency is : 24307.2ns
----------- Accumulation Circuits (subarray level: adders, shiftAdds; PE/Tile/Global level: accumulation units) readLatency is : 0ns
----------- Other Peripheries (e.g. decoders, mux, switchmatrix, buffers, IC, pooling and activation units) readLatency is : 0.000285204ns
----------- ADC (or S/As and precharger for SRAM) readDynamicEnergy is : 26038pJ
----------- Accumulation Circuits (subarray level: adders, shiftAdds; PE/Tile/Global level: accumulation units) readDynamicEnergy is : 0pJ
----------- Other Peripheries (e.g. decoders, mux, switchmatrix, buffers, IC, pooling and activation units) readDynamicEnergy is : 7761pJ

************************ Breakdown of Latency and Dynamic Energy *************************

-------------------- Estimation of Layer 2 ----------------------
layer2's readLatency is: 55312.4ns
layer2's readDynamicEnergy is: 57982.3pJ
layer2's leakagePower is: 0uW
layer2's leakageEnergy is: 0pJ
layer2's buffer latency is: 0ns
layer2's buffer readDynamicEnergy is: 0pJ
layer2's ic latency is: 0ns
layer2's ic readDynamicEnergy is: 0pJ

************************ Breakdown of Latency and Dynamic Energy *************************

----------- ADC (or S/As and precharger for SRAM) readLatency is : 55312.4ns
----------- Accumulation Circuits (subarray level: adders, shiftAdds; PE/Tile/Global level: accumulation units) readLatency is : 0ns
----------- Other Peripheries (e.g. decoders, mux, switchmatrix, buffers, IC, pooling and activation units) readLatency is : 0.000622264ns
----------- ADC (or S/As and precharger for SRAM) readDynamicEnergy is : 44098.1pJ
----------- Accumulation Circuits (subarray level: adders, shiftAdds; PE/Tile/Global level: accumulation units) readDynamicEnergy is : 0pJ
----------- Other Peripheries (e.g. decoders, mux, switchmatrix, buffers, IC, pooling and activation units) readDynamicEnergy is : 13884.2pJ

************************ Breakdown of Latency and Dynamic Energy *************************

-------------------- Estimation of Layer 3 ----------------------
layer3's readLatency is: 48614.4ns
layer3's readDynamicEnergy is: 159360pJ
layer3's leakagePower is: 14.5431uW
layer3's leakageEnergy is: 804.413pJ
layer3's buffer latency is: 0ns
layer3's buffer readDynamicEnergy is: 0pJ
layer3's ic latency is: 0ns
layer3's ic readDynamicEnergy is: 0pJ

************************ Breakdown of Latency and Dynamic Energy *************************

----------- ADC (or S/As and precharger for SRAM) readLatency is : 48614.4ns
----------- Accumulation Circuits (subarray level: adders, shiftAdds; PE/Tile/Global level: accumulation units) readLatency is : 0ns
----------- Other Peripheries (e.g. decoders, mux, switchmatrix, buffers, IC, pooling and activation units) readLatency is : 0.000414843ns
----------- ADC (or S/As and precharger for SRAM) readDynamicEnergy is : 131377pJ
----------- Accumulation Circuits (subarray level: adders, shiftAdds; PE/Tile/Global level: accumulation units) readDynamicEnergy is : 0pJ
----------- Other Peripheries (e.g. decoders, mux, switchmatrix, buffers, IC, pooling and activation units) readDynamicEnergy is : 27982.8pJ

************************ Breakdown of Latency and Dynamic Energy *************************

-------------------- Estimation of Layer 4 ----------------------
layer4's readLatency is: 55312.4ns
layer4's readDynamicEnergy is: 60222.7pJ
layer4's leakagePower is: 0uW
layer4's leakageEnergy is: 0pJ
layer4's buffer latency is: 0ns
layer4's buffer readDynamicEnergy is: 0pJ
layer4's ic latency is: 0ns
layer4's ic readDynamicEnergy is: 0pJ

************************ Breakdown of Latency and Dynamic Energy *************************

----------- ADC (or S/As and precharger for SRAM) readLatency is : 55312.4ns
----------- Accumulation Circuits (subarray level: adders, shiftAdds; PE/Tile/Global level: accumulation units) readLatency is : 0ns
----------- Other Peripheries (e.g. decoders, mux, switchmatrix, buffers, IC, pooling and activation units) readLatency is : 0.000622264ns
----------- ADC (or S/As and precharger for SRAM) readDynamicEnergy is : 46027.5pJ
----------- Accumulation Circuits (subarray level: adders, shiftAdds; PE/Tile/Global level: accumulation units) readDynamicEnergy is : 0pJ
----------- Other Peripheries (e.g. decoders, mux, switchmatrix, buffers, IC, pooling and activation units) readDynamicEnergy is : 14195.3pJ

************************ Breakdown of Latency and Dynamic Energy *************************

-------------------- Estimation of Layer 5 ----------------------
layer5's readLatency is: 48614.4ns
layer5's readDynamicEnergy is: 200157pJ
layer5's leakagePower is: 14.5431uW
layer5's leakageEnergy is: 804.413pJ
layer5's buffer latency is: 0ns
layer5's buffer readDynamicEnergy is: 0pJ
layer5's ic latency is: 0ns
layer5's ic readDynamicEnergy is: 0pJ

************************ Breakdown of Latency and Dynamic Energy *************************

----------- ADC (or S/As and precharger for SRAM) readLatency is : 48614.4ns
----------- Accumulation Circuits (subarray level: adders, shiftAdds; PE/Tile/Global level: accumulation units) readLatency is : 0ns
----------- Other Peripheries (e.g. decoders, mux, switchmatrix, buffers, IC, pooling and activation units) readLatency is : 0.000557445ns
----------- ADC (or S/As and precharger for SRAM) readDynamicEnergy is : 170624pJ
----------- Accumulation Circuits (subarray level: adders, shiftAdds; PE/Tile/Global level: accumulation units) readDynamicEnergy is : 0pJ
----------- Other Peripheries (e.g. decoders, mux, switchmatrix, buffers, IC, pooling and activation units) readDynamicEnergy is : 29532.8pJ

************************ Breakdown of Latency and Dynamic Energy *************************

-------------------- Estimation of Layer 6 ----------------------
layer6's readLatency is: 55312.4ns
layer6's readDynamicEnergy is: 62462.2pJ
layer6's leakagePower is: 0uW
layer6's leakageEnergy is: 0pJ
layer6's buffer latency is: 0ns
layer6's buffer readDynamicEnergy is: 0pJ
layer6's ic latency is: 0ns
layer6's ic readDynamicEnergy is: 0pJ

************************ Breakdown of Latency and Dynamic Energy *************************

----------- ADC (or S/As and precharger for SRAM) readLatency is : 55312.4ns
----------- Accumulation Circuits (subarray level: adders, shiftAdds; PE/Tile/Global level: accumulation units) readLatency is : 0ns
----------- Other Peripheries (e.g. decoders, mux, switchmatrix, buffers, IC, pooling and activation units) readLatency is : 0.000622264ns
----------- ADC (or S/As and precharger for SRAM) readDynamicEnergy is : 47901.3pJ
----------- Accumulation Circuits (subarray level: adders, shiftAdds; PE/Tile/Global level: accumulation units) readDynamicEnergy is : 0pJ
----------- Other Peripheries (e.g. decoders, mux, switchmatrix, buffers, IC, pooling and activation units) readDynamicEnergy is : 14560.9pJ

************************ Breakdown of Latency and Dynamic Energy *************************

-------------------- Estimation of Layer 7 ----------------------
layer7's readLatency is: 48614.4ns
layer7's readDynamicEnergy is: 255576pJ
layer7's leakagePower is: 14.5431uW
layer7's leakageEnergy is: 804.413pJ
layer7's buffer latency is: 0ns
layer7's buffer readDynamicEnergy is: 0pJ
layer7's ic latency is: 0ns
layer7's ic readDynamicEnergy is: 0pJ

************************ Breakdown of Latency and Dynamic Energy *************************

----------- ADC (or S/As and precharger for SRAM) readLatency is : 48614.4ns
----------- Accumulation Circuits (subarray level: adders, shiftAdds; PE/Tile/Global level: accumulation units) readLatency is : 0ns
----------- Other Peripheries (e.g. decoders, mux, switchmatrix, buffers, IC, pooling and activation units) readLatency is : 0.000687083ns
----------- ADC (or S/As and precharger for SRAM) readDynamicEnergy is : 216936pJ
----------- Accumulation Circuits (subarray level: adders, shiftAdds; PE/Tile/Global level: accumulation units) readDynamicEnergy is : 0pJ
----------- Other Peripheries (e.g. decoders, mux, switchmatrix, buffers, IC, pooling and activation units) readDynamicEnergy is : 38640.2pJ

************************ Breakdown of Latency and Dynamic Energy *************************

-------------------- Estimation of Layer 8 ----------------------
layer8's readLatency is: 55312.4ns
layer8's readDynamicEnergy is: 64209.2pJ
layer8's leakagePower is: 0uW
layer8's leakageEnergy is: 0pJ
layer8's buffer latency is: 0ns
layer8's buffer readDynamicEnergy is: 0pJ
layer8's ic latency is: 0ns
layer8's ic readDynamicEnergy is: 0pJ

************************ Breakdown of Latency and Dynamic Energy *************************

----------- ADC (or S/As and precharger for SRAM) readLatency is : 55312.4ns
----------- Accumulation Circuits (subarray level: adders, shiftAdds; PE/Tile/Global level: accumulation units) readLatency is : 0ns
----------- Other Peripheries (e.g. decoders, mux, switchmatrix, buffers, IC, pooling and activation units) readLatency is : 0.000622264ns
----------- ADC (or S/As and precharger for SRAM) readDynamicEnergy is : 49340.5pJ
----------- Accumulation Circuits (subarray level: adders, shiftAdds; PE/Tile/Global level: accumulation units) readDynamicEnergy is : 0pJ
----------- Other Peripheries (e.g. decoders, mux, switchmatrix, buffers, IC, pooling and activation units) readDynamicEnergy is : 14868.7pJ

************************ Breakdown of Latency and Dynamic Energy *************************

-------------------- Estimation of Layer 9 ----------------------
layer9's readLatency is: 48614.4ns
layer9's readDynamicEnergy is: 316680pJ
layer9's leakagePower is: 29.0862uW
layer9's leakageEnergy is: 1608.83pJ
layer9's buffer latency is: 0ns
layer9's buffer readDynamicEnergy is: 0pJ
layer9's ic latency is: 0ns
layer9's ic readDynamicEnergy is: 0pJ

************************ Breakdown of Latency and Dynamic Energy *************************

----------- ADC (or S/As and precharger for SRAM) readLatency is : 48614.4ns
----------- Accumulation Circuits (subarray level: adders, shiftAdds; PE/Tile/Global level: accumulation units) readLatency is : 0ns
----------- Other Peripheries (e.g. decoders, mux, switchmatrix, buffers, IC, pooling and activation units) readLatency is : 0.000829685ns
----------- ADC (or S/As and precharger for SRAM) readDynamicEnergy is : 267679pJ
----------- Accumulation Circuits (subarray level: adders, shiftAdds; PE/Tile/Global level: accumulation units) readDynamicEnergy is : 0pJ
----------- Other Peripheries (e.g. decoders, mux, switchmatrix, buffers, IC, pooling and activation units) readDynamicEnergy is : 49001.2pJ

************************ Breakdown of Latency and Dynamic Energy *************************

-------------------- Estimation of Layer 10 ----------------------
layer10's readLatency is: 55312.4ns
layer10's readDynamicEnergy is: 65992.4pJ
layer10's leakagePower is: 0uW
layer10's leakageEnergy is: 0pJ
layer10's buffer latency is: 0ns
layer10's buffer readDynamicEnergy is: 0pJ
layer10's ic latency is: 0ns
layer10's ic readDynamicEnergy is: 0pJ

************************ Breakdown of Latency and Dynamic Energy *************************

----------- ADC (or S/As and precharger for SRAM) readLatency is : 55312.4ns
----------- Accumulation Circuits (subarray level: adders, shiftAdds; PE/Tile/Global level: accumulation units) readLatency is : 0ns
----------- Other Peripheries (e.g. decoders, mux, switchmatrix, buffers, IC, pooling and activation units) readLatency is : 0.000622264ns
----------- ADC (or S/As and precharger for SRAM) readDynamicEnergy is : 50808.4pJ
----------- Accumulation Circuits (subarray level: adders, shiftAdds; PE/Tile/Global level: accumulation units) readDynamicEnergy is : 0pJ
----------- Other Peripheries (e.g. decoders, mux, switchmatrix, buffers, IC, pooling and activation units) readDynamicEnergy is : 15184pJ

************************ Breakdown of Latency and Dynamic Energy *************************

-------------------- Estimation of Layer 11 ----------------------
layer11's readLatency is: 48614.4ns
layer11's readDynamicEnergy is: 362534pJ
layer11's leakagePower is: 29.0862uW
layer11's leakageEnergy is: 1608.83pJ
layer11's buffer latency is: 0ns
layer11's buffer readDynamicEnergy is: 0pJ
layer11's ic latency is: 0ns
layer11's ic readDynamicEnergy is: 0pJ

************************ Breakdown of Latency and Dynamic Energy *************************

----------- ADC (or S/As and precharger for SRAM) readLatency is : 48614.4ns
----------- Accumulation Circuits (subarray level: adders, shiftAdds; PE/Tile/Global level: accumulation units) readLatency is : 0ns
----------- Other Peripheries (e.g. decoders, mux, switchmatrix, buffers, IC, pooling and activation units) readLatency is : 0.000959324ns
----------- ADC (or S/As and precharger for SRAM) readDynamicEnergy is : 306148pJ
----------- Accumulation Circuits (subarray level: adders, shiftAdds; PE/Tile/Global level: accumulation units) readDynamicEnergy is : 0pJ
----------- Other Peripheries (e.g. decoders, mux, switchmatrix, buffers, IC, pooling and activation units) readDynamicEnergy is : 56386.1pJ

************************ Breakdown of Latency and Dynamic Energy *************************

-------------------- Estimation of Layer 12 ----------------------
layer12's readLatency is: 55312.4ns
layer12's readDynamicEnergy is: 67506.9pJ
layer12's leakagePower is: 0uW
layer12's leakageEnergy is: 0pJ
layer12's buffer latency is: 0ns
layer12's buffer readDynamicEnergy is: 0pJ
layer12's ic latency is: 0ns
layer12's ic readDynamicEnergy is: 0pJ

************************ Breakdown of Latency and Dynamic Energy *************************

----------- ADC (or S/As and precharger for SRAM) readLatency is : 55312.4ns
----------- Accumulation Circuits (subarray level: adders, shiftAdds; PE/Tile/Global level: accumulation units) readLatency is : 0ns
----------- Other Peripheries (e.g. decoders, mux, switchmatrix, buffers, IC, pooling and activation units) readLatency is : 0.000622264ns
----------- ADC (or S/As and precharger for SRAM) readDynamicEnergy is : 52052.8pJ
----------- Accumulation Circuits (subarray level: adders, shiftAdds; PE/Tile/Global level: accumulation units) readDynamicEnergy is : 0pJ
----------- Other Peripheries (e.g. decoders, mux, switchmatrix, buffers, IC, pooling and activation units) readDynamicEnergy is : 15454.1pJ

************************ Breakdown of Latency and Dynamic Energy *************************

-------------------- Estimation of Layer 13 ----------------------
layer13's readLatency is: 48614.4ns
layer13's readDynamicEnergy is: 386223pJ
layer13's leakagePower is: 29.0862uW
layer13's leakageEnergy is: 1608.82pJ
layer13's buffer latency is: 0ns
layer13's buffer readDynamicEnergy is: 0pJ
layer13's ic latency is: 0ns
layer13's ic readDynamicEnergy is: 0pJ

************************ Breakdown of Latency and Dynamic Energy *************************

----------- ADC (or S/As and precharger for SRAM) readLatency is : 48614.4ns
----------- Accumulation Circuits (subarray level: adders, shiftAdds; PE/Tile/Global level: accumulation units) readLatency is : 0ns
----------- Other Peripheries (e.g. decoders, mux, switchmatrix, buffers, IC, pooling and activation units) readLatency is : 0.00110193ns
----------- ADC (or S/As and precharger for SRAM) readDynamicEnergy is : 328688pJ
----------- Accumulation Circuits (subarray level: adders, shiftAdds; PE/Tile/Global level: accumulation units) readDynamicEnergy is : 0pJ
----------- Other Peripheries (e.g. decoders, mux, switchmatrix, buffers, IC, pooling and activation units) readDynamicEnergy is : 57535.1pJ

************************ Breakdown of Latency and Dynamic Energy *************************

-------------------- Estimation of Layer 14 ----------------------
layer14's readLatency is: 55312.4ns
layer14's readDynamicEnergy is: 75975.6pJ
layer14's leakagePower is: 0uW
layer14's leakageEnergy is: 0pJ
layer14's buffer latency is: 0ns
layer14's buffer readDynamicEnergy is: 0pJ
layer14's ic latency is: 0ns
layer14's ic readDynamicEnergy is: 0pJ

************************ Breakdown of Latency and Dynamic Energy *************************

----------- ADC (or S/As and precharger for SRAM) readLatency is : 55312.4ns
----------- Accumulation Circuits (subarray level: adders, shiftAdds; PE/Tile/Global level: accumulation units) readLatency is : 0ns
----------- Other Peripheries (e.g. decoders, mux, switchmatrix, buffers, IC, pooling and activation units) readLatency is : 0.00077783ns
----------- ADC (or S/As and precharger for SRAM) readDynamicEnergy is : 53557.4pJ
----------- Accumulation Circuits (subarray level: adders, shiftAdds; PE/Tile/Global level: accumulation units) readDynamicEnergy is : 0pJ
----------- Other Peripheries (e.g. decoders, mux, switchmatrix, buffers, IC, pooling and activation units) readDynamicEnergy is : 22418.2pJ

************************ Breakdown of Latency and Dynamic Energy *************************

-------------------- Estimation of Layer 15 ----------------------
layer15's readLatency is: 13828.1ns
layer15's readDynamicEnergy is: 15726.5pJ
layer15's leakagePower is: 22.5183uW
layer15's leakageEnergy is: 1245.54pJ
layer15's buffer latency is: 0ns
layer15's buffer readDynamicEnergy is: 0pJ
layer15's ic latency is: 0ns
layer15's ic readDynamicEnergy is: 0pJ

************************ Breakdown of Latency and Dynamic Energy *************************

----------- ADC (or S/As and precharger for SRAM) readLatency is : 13828.1ns
----------- Accumulation Circuits (subarray level: adders, shiftAdds; PE/Tile/Global level: accumulation units) readLatency is : 0ns
----------- Other Peripheries (e.g. decoders, mux, switchmatrix, buffers, IC, pooling and activation units) readLatency is : 0.000155566ns
----------- ADC (or S/As and precharger for SRAM) readDynamicEnergy is : 12054.5pJ
----------- Accumulation Circuits (subarray level: adders, shiftAdds; PE/Tile/Global level: accumulation units) readDynamicEnergy is : 0pJ
----------- Other Peripheries (e.g. decoders, mux, switchmatrix, buffers, IC, pooling and activation units) readDynamicEnergy is : 3671.97pJ

************************ Breakdown of Latency and Dynamic Energy *************************

-------------------- Estimation of Layer 16 ----------------------
layer16's readLatency is: 42348.5ns
layer16's readDynamicEnergy is: 58162.5pJ
layer16's leakagePower is: 7.03698uW
layer16's leakageEnergy is: 389.232pJ
layer16's buffer latency is: 0ns
layer16's buffer readDynamicEnergy is: 0pJ
layer16's ic latency is: 0ns
layer16's ic readDynamicEnergy is: 0pJ

************************ Breakdown of Latency and Dynamic Energy *************************

----------- ADC (or S/As and precharger for SRAM) readLatency is : 42348.5ns
----------- Accumulation Circuits (subarray level: adders, shiftAdds; PE/Tile/Global level: accumulation units) readLatency is : 0ns
----------- Other Peripheries (e.g. decoders, mux, switchmatrix, buffers, IC, pooling and activation units) readLatency is : 0.000155566ns
----------- ADC (or S/As and precharger for SRAM) readDynamicEnergy is : 49306.8pJ
----------- Accumulation Circuits (subarray level: adders, shiftAdds; PE/Tile/Global level: accumulation units) readDynamicEnergy is : 0pJ
----------- Other Peripheries (e.g. decoders, mux, switchmatrix, buffers, IC, pooling and activation units) readDynamicEnergy is : 8855.7pJ

************************ Breakdown of Latency and Dynamic Energy *************************

-------------------- Estimation of Layer 17 ----------------------
layer17's readLatency is: 13828.1ns
layer17's readDynamicEnergy is: 16204pJ
layer17's leakagePower is: 22.5183uW
layer17's leakageEnergy is: 1245.54pJ
layer17's buffer latency is: 0ns
layer17's buffer readDynamicEnergy is: 0pJ
layer17's ic latency is: 0ns
layer17's ic readDynamicEnergy is: 0pJ

************************ Breakdown of Latency and Dynamic Energy *************************

----------- ADC (or S/As and precharger for SRAM) readLatency is : 13828.1ns
----------- Accumulation Circuits (subarray level: adders, shiftAdds; PE/Tile/Global level: accumulation units) readLatency is : 0ns
----------- Other Peripheries (e.g. decoders, mux, switchmatrix, buffers, IC, pooling and activation units) readLatency is : 0.000155566ns
----------- ADC (or S/As and precharger for SRAM) readDynamicEnergy is : 12453.8pJ
----------- Accumulation Circuits (subarray level: adders, shiftAdds; PE/Tile/Global level: accumulation units) readDynamicEnergy is : 0pJ
----------- Other Peripheries (e.g. decoders, mux, switchmatrix, buffers, IC, pooling and activation units) readDynamicEnergy is : 3750.25pJ

************************ Breakdown of Latency and Dynamic Energy *************************

-------------------- Estimation of Layer 18 ----------------------
layer18's readLatency is: 42348.5ns
layer18's readDynamicEnergy is: 67787pJ
layer18's leakagePower is: 14.074uW
layer18's leakageEnergy is: 778.464pJ
layer18's buffer latency is: 0ns
layer18's buffer readDynamicEnergy is: 0pJ
layer18's ic latency is: 0ns
layer18's ic readDynamicEnergy is: 0pJ

************************ Breakdown of Latency and Dynamic Energy *************************

----------- ADC (or S/As and precharger for SRAM) readLatency is : 42348.5ns
----------- Accumulation Circuits (subarray level: adders, shiftAdds; PE/Tile/Global level: accumulation units) readLatency is : 0ns
----------- Other Peripheries (e.g. decoders, mux, switchmatrix, buffers, IC, pooling and activation units) readLatency is : 0.000181494ns
----------- ADC (or S/As and precharger for SRAM) readDynamicEnergy is : 57342.5pJ
----------- Accumulation Circuits (subarray level: adders, shiftAdds; PE/Tile/Global level: accumulation units) readDynamicEnergy is : 0pJ
----------- Other Peripheries (e.g. decoders, mux, switchmatrix, buffers, IC, pooling and activation units) readDynamicEnergy is : 10444.4pJ

************************ Breakdown of Latency and Dynamic Energy *************************

-------------------- Estimation of Layer 19 ----------------------
layer19's readLatency is: 13828.1ns
layer19's readDynamicEnergy is: 16738pJ
layer19's leakagePower is: 22.5183uW
layer19's leakageEnergy is: 1245.54pJ
layer19's buffer latency is: 0ns
layer19's buffer readDynamicEnergy is: 0pJ
layer19's ic latency is: 0ns
layer19's ic readDynamicEnergy is: 0pJ

************************ Breakdown of Latency and Dynamic Energy *************************

----------- ADC (or S/As and precharger for SRAM) readLatency is : 13828.1ns
----------- Accumulation Circuits (subarray level: adders, shiftAdds; PE/Tile/Global level: accumulation units) readLatency is : 0ns
----------- Other Peripheries (e.g. decoders, mux, switchmatrix, buffers, IC, pooling and activation units) readLatency is : 0.000155566ns
----------- ADC (or S/As and precharger for SRAM) readDynamicEnergy is : 12898.3pJ
----------- Accumulation Circuits (subarray level: adders, shiftAdds; PE/Tile/Global level: accumulation units) readDynamicEnergy is : 0pJ
----------- Other Peripheries (e.g. decoders, mux, switchmatrix, buffers, IC, pooling and activation units) readDynamicEnergy is : 3839.74pJ

************************ Breakdown of Latency and Dynamic Energy *************************

-------------------- Estimation of Layer 20 ----------------------
layer20's readLatency is: 42348.5ns
layer20's readDynamicEnergy is: 78739.7pJ
layer20's leakagePower is: 14.074uW
layer20's leakageEnergy is: 778.464pJ
layer20's buffer latency is: 0ns
layer20's buffer readDynamicEnergy is: 0pJ
layer20's ic latency is: 0ns
layer20's ic readDynamicEnergy is: 0pJ

************************ Breakdown of Latency and Dynamic Energy *************************

----------- ADC (or S/As and precharger for SRAM) readLatency is : 42348.5ns
----------- Accumulation Circuits (subarray level: adders, shiftAdds; PE/Tile/Global level: accumulation units) readLatency is : 0ns
----------- Other Peripheries (e.g. decoders, mux, switchmatrix, buffers, IC, pooling and activation units) readLatency is : 0.000220385ns
----------- ADC (or S/As and precharger for SRAM) readDynamicEnergy is : 66317.4pJ
----------- Accumulation Circuits (subarray level: adders, shiftAdds; PE/Tile/Global level: accumulation units) readDynamicEnergy is : 0pJ
----------- Other Peripheries (e.g. decoders, mux, switchmatrix, buffers, IC, pooling and activation units) readDynamicEnergy is : 12422.3pJ

************************ Breakdown of Latency and Dynamic Energy *************************

-------------------- Estimation of Layer 21 ----------------------
layer21's readLatency is: 13828.1ns
layer21's readDynamicEnergy is: 17169.9pJ
layer21's leakagePower is: 22.5183uW
layer21's leakageEnergy is: 1245.54pJ
layer21's buffer latency is: 0ns
layer21's buffer readDynamicEnergy is: 0pJ
layer21's ic latency is: 0ns
layer21's ic readDynamicEnergy is: 0pJ

************************ Breakdown of Latency and Dynamic Energy *************************

----------- ADC (or S/As and precharger for SRAM) readLatency is : 13828.1ns
----------- Accumulation Circuits (subarray level: adders, shiftAdds; PE/Tile/Global level: accumulation units) readLatency is : 0ns
----------- Other Peripheries (e.g. decoders, mux, switchmatrix, buffers, IC, pooling and activation units) readLatency is : 0.000155566ns
----------- ADC (or S/As and precharger for SRAM) readDynamicEnergy is : 13253.8pJ
----------- Accumulation Circuits (subarray level: adders, shiftAdds; PE/Tile/Global level: accumulation units) readDynamicEnergy is : 0pJ
----------- Other Peripheries (e.g. decoders, mux, switchmatrix, buffers, IC, pooling and activation units) readDynamicEnergy is : 3916.1pJ

************************ Breakdown of Latency and Dynamic Energy *************************

-------------------- Estimation of Layer 22 ----------------------
layer22's readLatency is: 42348.5ns
layer22's readDynamicEnergy is: 87361.9pJ
layer22's leakagePower is: 14.074uW
layer22's leakageEnergy is: 778.464pJ
layer22's buffer latency is: 0ns
layer22's buffer readDynamicEnergy is: 0pJ
layer22's ic latency is: 0ns
layer22's ic readDynamicEnergy is: 0pJ

************************ Breakdown of Latency and Dynamic Energy *************************

----------- ADC (or S/As and precharger for SRAM) readLatency is : 42348.5ns
----------- Accumulation Circuits (subarray level: adders, shiftAdds; PE/Tile/Global level: accumulation units) readLatency is : 0ns
----------- Other Peripheries (e.g. decoders, mux, switchmatrix, buffers, IC, pooling and activation units) readLatency is : 0.000246313ns
----------- ADC (or S/As and precharger for SRAM) readDynamicEnergy is : 74410.3pJ
----------- Accumulation Circuits (subarray level: adders, shiftAdds; PE/Tile/Global level: accumulation units) readDynamicEnergy is : 0pJ
----------- Other Peripheries (e.g. decoders, mux, switchmatrix, buffers, IC, pooling and activation units) readDynamicEnergy is : 12951.7pJ

************************ Breakdown of Latency and Dynamic Energy *************************

-------------------- Estimation of Layer 23 ----------------------
layer23's readLatency is: 13828.1ns
layer23's readDynamicEnergy is: 17554.5pJ
layer23's leakagePower is: 22.5183uW
layer23's leakageEnergy is: 1245.54pJ
layer23's buffer latency is: 0ns
layer23's buffer readDynamicEnergy is: 0pJ
layer23's ic latency is: 0ns
layer23's ic readDynamicEnergy is: 0pJ

************************ Breakdown of Latency and Dynamic Energy *************************

----------- ADC (or S/As and precharger for SRAM) readLatency is : 13828.1ns
----------- Accumulation Circuits (subarray level: adders, shiftAdds; PE/Tile/Global level: accumulation units) readLatency is : 0ns
----------- Other Peripheries (e.g. decoders, mux, switchmatrix, buffers, IC, pooling and activation units) readLatency is : 0.000155566ns
----------- ADC (or S/As and precharger for SRAM) readDynamicEnergy is : 13569.5pJ
----------- Accumulation Circuits (subarray level: adders, shiftAdds; PE/Tile/Global level: accumulation units) readDynamicEnergy is : 0pJ
----------- Other Peripheries (e.g. decoders, mux, switchmatrix, buffers, IC, pooling and activation units) readDynamicEnergy is : 3985.01pJ

************************ Breakdown of Latency and Dynamic Energy *************************

-------------------- Estimation of Layer 24 ----------------------
layer24's readLatency is: 42348.5ns
layer24's readDynamicEnergy is: 90840.1pJ
layer24's leakagePower is: 14.074uW
layer24's leakageEnergy is: 778.464pJ
layer24's buffer latency is: 0ns
layer24's buffer readDynamicEnergy is: 0pJ
layer24's ic latency is: 0ns
layer24's ic readDynamicEnergy is: 0pJ

************************ Breakdown of Latency and Dynamic Energy *************************

----------- ADC (or S/As and precharger for SRAM) readLatency is : 42348.5ns
----------- Accumulation Circuits (subarray level: adders, shiftAdds; PE/Tile/Global level: accumulation units) readLatency is : 0ns
----------- Other Peripheries (e.g. decoders, mux, switchmatrix, buffers, IC, pooling and activation units) readLatency is : 0.000272241ns
----------- ADC (or S/As and precharger for SRAM) readDynamicEnergy is : 76922.9pJ
----------- Accumulation Circuits (subarray level: adders, shiftAdds; PE/Tile/Global level: accumulation units) readDynamicEnergy is : 0pJ
----------- Other Peripheries (e.g. decoders, mux, switchmatrix, buffers, IC, pooling and activation units) readDynamicEnergy is : 13917.3pJ

************************ Breakdown of Latency and Dynamic Energy *************************

-------------------- Estimation of Layer 25 ----------------------
layer25's readLatency is: 13828.1ns
layer25's readDynamicEnergy is: 18003.5pJ
layer25's leakagePower is: 22.5183uW
layer25's leakageEnergy is: 1245.54pJ
layer25's buffer latency is: 0ns
layer25's buffer readDynamicEnergy is: 0pJ
layer25's ic latency is: 0ns
layer25's ic readDynamicEnergy is: 0pJ

************************ Breakdown of Latency and Dynamic Energy *************************

----------- ADC (or S/As and precharger for SRAM) readLatency is : 13828.1ns
----------- Accumulation Circuits (subarray level: adders, shiftAdds; PE/Tile/Global level: accumulation units) readLatency is : 0ns
----------- Other Peripheries (e.g. decoders, mux, switchmatrix, buffers, IC, pooling and activation units) readLatency is : 0.000155566ns
----------- ADC (or S/As and precharger for SRAM) readDynamicEnergy is : 13938pJ
----------- Accumulation Circuits (subarray level: adders, shiftAdds; PE/Tile/Global level: accumulation units) readDynamicEnergy is : 0pJ
----------- Other Peripheries (e.g. decoders, mux, switchmatrix, buffers, IC, pooling and activation units) readDynamicEnergy is : 4065.47pJ

************************ Breakdown of Latency and Dynamic Energy *************************

-------------------- Estimation of Layer 26 ----------------------
layer26's readLatency is: 42348.5ns
layer26's readDynamicEnergy is: 102211pJ
layer26's leakagePower is: 14.074uW
layer26's leakageEnergy is: 778.464pJ
layer26's buffer latency is: 0ns
layer26's buffer readDynamicEnergy is: 0pJ
layer26's ic latency is: 0ns
layer26's ic readDynamicEnergy is: 0pJ

************************ Breakdown of Latency and Dynamic Energy *************************

----------- ADC (or S/As and precharger for SRAM) readLatency is : 42348.5ns
----------- Accumulation Circuits (subarray level: adders, shiftAdds; PE/Tile/Global level: accumulation units) readLatency is : 0ns
----------- Other Peripheries (e.g. decoders, mux, switchmatrix, buffers, IC, pooling and activation units) readLatency is : 0.000298168ns
----------- ADC (or S/As and precharger for SRAM) readDynamicEnergy is : 86454.9pJ
----------- Accumulation Circuits (subarray level: adders, shiftAdds; PE/Tile/Global level: accumulation units) readDynamicEnergy is : 0pJ
----------- Other Peripheries (e.g. decoders, mux, switchmatrix, buffers, IC, pooling and activation units) readDynamicEnergy is : 15755.7pJ

************************ Breakdown of Latency and Dynamic Energy *************************

-------------------- Estimation of Layer 27 ----------------------
layer27's readLatency is: 13828.1ns
layer27's readDynamicEnergy is: 25601.3pJ
layer27's leakagePower is: 22.5183uW
layer27's leakageEnergy is: 1245.54pJ
layer27's buffer latency is: 0ns
layer27's buffer readDynamicEnergy is: 0pJ
layer27's ic latency is: 0ns
layer27's ic readDynamicEnergy is: 0pJ

************************ Breakdown of Latency and Dynamic Energy *************************

----------- ADC (or S/As and precharger for SRAM) readLatency is : 13828.1ns
----------- Accumulation Circuits (subarray level: adders, shiftAdds; PE/Tile/Global level: accumulation units) readLatency is : 0ns
----------- Other Peripheries (e.g. decoders, mux, switchmatrix, buffers, IC, pooling and activation units) readLatency is : 0.000246313ns
----------- ADC (or S/As and precharger for SRAM) readDynamicEnergy is : 18072.7pJ
----------- Accumulation Circuits (subarray level: adders, shiftAdds; PE/Tile/Global level: accumulation units) readDynamicEnergy is : 0pJ
----------- Other Peripheries (e.g. decoders, mux, switchmatrix, buffers, IC, pooling and activation units) readDynamicEnergy is : 7528.67pJ

************************ Breakdown of Latency and Dynamic Energy *************************

-------------------- Estimation of Layer 28 ----------------------
layer28's readLatency is: 3457.02ns
layer28's readDynamicEnergy is: 4060.39pJ
layer28's leakagePower is: 28.1479uW
layer28's leakageEnergy is: 1556.93pJ
layer28's buffer latency is: 0ns
layer28's buffer readDynamicEnergy is: 0pJ
layer28's ic latency is: 0ns
layer28's ic readDynamicEnergy is: 0pJ

************************ Breakdown of Latency and Dynamic Energy *************************

----------- ADC (or S/As and precharger for SRAM) readLatency is : 3457.02ns
----------- Accumulation Circuits (subarray level: adders, shiftAdds; PE/Tile/Global level: accumulation units) readLatency is : 0ns
----------- Other Peripheries (e.g. decoders, mux, switchmatrix, buffers, IC, pooling and activation units) readLatency is : 3.88915e-05ns
----------- ADC (or S/As and precharger for SRAM) readDynamicEnergy is : 3122.96pJ
----------- Accumulation Circuits (subarray level: adders, shiftAdds; PE/Tile/Global level: accumulation units) readDynamicEnergy is : 0pJ
----------- Other Peripheries (e.g. decoders, mux, switchmatrix, buffers, IC, pooling and activation units) readDynamicEnergy is : 937.435pJ

************************ Breakdown of Latency and Dynamic Energy *************************

-------------------- Estimation of Layer 29 ----------------------
layer29's readLatency is: 15556.6ns
layer29's readDynamicEnergy is: 12873.7pJ
layer29's leakagePower is: 21.5801uW
layer29's leakageEnergy is: 1193.64pJ
layer29's buffer latency is: 0ns
layer29's buffer readDynamicEnergy is: 0pJ
layer29's ic latency is: 0ns
layer29's ic readDynamicEnergy is: 0pJ

************************ Breakdown of Latency and Dynamic Energy *************************

----------- ADC (or S/As and precharger for SRAM) readLatency is : 15556.6ns
----------- Accumulation Circuits (subarray level: adders, shiftAdds; PE/Tile/Global level: accumulation units) readLatency is : 0ns
----------- Other Peripheries (e.g. decoders, mux, switchmatrix, buffers, IC, pooling and activation units) readLatency is : 3.88915e-05ns
----------- ADC (or S/As and precharger for SRAM) readDynamicEnergy is : 10832.8pJ
----------- Accumulation Circuits (subarray level: adders, shiftAdds; PE/Tile/Global level: accumulation units) readDynamicEnergy is : 0pJ
----------- Other Peripheries (e.g. decoders, mux, switchmatrix, buffers, IC, pooling and activation units) readDynamicEnergy is : 2040.91pJ

************************ Breakdown of Latency and Dynamic Energy *************************

-------------------- Estimation of Layer 30 ----------------------
layer30's readLatency is: 3457.02ns
layer30's readDynamicEnergy is: 4270.55pJ
layer30's leakagePower is: 28.1479uW
layer30's leakageEnergy is: 1556.93pJ
layer30's buffer latency is: 0ns
layer30's buffer readDynamicEnergy is: 0pJ
layer30's ic latency is: 0ns
layer30's ic readDynamicEnergy is: 0pJ

************************ Breakdown of Latency and Dynamic Energy *************************

----------- ADC (or S/As and precharger for SRAM) readLatency is : 3457.02ns
----------- Accumulation Circuits (subarray level: adders, shiftAdds; PE/Tile/Global level: accumulation units) readLatency is : 0ns
----------- Other Peripheries (e.g. decoders, mux, switchmatrix, buffers, IC, pooling and activation units) readLatency is : 3.88915e-05ns
----------- ADC (or S/As and precharger for SRAM) readDynamicEnergy is : 3295.47pJ
----------- Accumulation Circuits (subarray level: adders, shiftAdds; PE/Tile/Global level: accumulation units) readDynamicEnergy is : 0pJ
----------- Other Peripheries (e.g. decoders, mux, switchmatrix, buffers, IC, pooling and activation units) readDynamicEnergy is : 975.079pJ

************************ Breakdown of Latency and Dynamic Energy *************************

-------------------- Estimation of Layer 31 ----------------------
layer31's readLatency is: 15556.6ns
layer31's readDynamicEnergy is: 14781.9pJ
layer31's leakagePower is: 21.5801uW
layer31's leakageEnergy is: 1193.64pJ
layer31's buffer latency is: 0ns
layer31's buffer readDynamicEnergy is: 0pJ
layer31's ic latency is: 0ns
layer31's ic readDynamicEnergy is: 0pJ

************************ Breakdown of Latency and Dynamic Energy *************************

----------- ADC (or S/As and precharger for SRAM) readLatency is : 15556.6ns
----------- Accumulation Circuits (subarray level: adders, shiftAdds; PE/Tile/Global level: accumulation units) readLatency is : 0ns
----------- Other Peripheries (e.g. decoders, mux, switchmatrix, buffers, IC, pooling and activation units) readLatency is : 3.88915e-05ns
----------- ADC (or S/As and precharger for SRAM) readDynamicEnergy is : 12410.3pJ
----------- Accumulation Circuits (subarray level: adders, shiftAdds; PE/Tile/Global level: accumulation units) readDynamicEnergy is : 0pJ
----------- Other Peripheries (e.g. decoders, mux, switchmatrix, buffers, IC, pooling and activation units) readDynamicEnergy is : 2371.62pJ

************************ Breakdown of Latency and Dynamic Energy *************************

-------------------- Estimation of Layer 32 ----------------------
layer32's readLatency is: 3457.02ns
layer32's readDynamicEnergy is: 4438.24pJ
layer32's leakagePower is: 28.1479uW
layer32's leakageEnergy is: 1556.93pJ
layer32's buffer latency is: 0ns
layer32's buffer readDynamicEnergy is: 0pJ
layer32's ic latency is: 0ns
layer32's ic readDynamicEnergy is: 0pJ

************************ Breakdown of Latency and Dynamic Energy *************************

----------- ADC (or S/As and precharger for SRAM) readLatency is : 3457.02ns
----------- Accumulation Circuits (subarray level: adders, shiftAdds; PE/Tile/Global level: accumulation units) readLatency is : 0ns
----------- Other Peripheries (e.g. decoders, mux, switchmatrix, buffers, IC, pooling and activation units) readLatency is : 3.88915e-05ns
----------- ADC (or S/As and precharger for SRAM) readDynamicEnergy is : 3433.11pJ
----------- Accumulation Circuits (subarray level: adders, shiftAdds; PE/Tile/Global level: accumulation units) readDynamicEnergy is : 0pJ
----------- Other Peripheries (e.g. decoders, mux, switchmatrix, buffers, IC, pooling and activation units) readDynamicEnergy is : 1005.13pJ

************************ Breakdown of Latency and Dynamic Energy *************************

-------------------- Estimation of Layer 33 ----------------------
layer33's readLatency is: 15556.6ns
layer33's readDynamicEnergy is: 15267.5pJ
layer33's leakagePower is: 21.5801uW
layer33's leakageEnergy is: 1193.64pJ
layer33's buffer latency is: 0ns
layer33's buffer readDynamicEnergy is: 0pJ
layer33's ic latency is: 0ns
layer33's ic readDynamicEnergy is: 0pJ

************************ Breakdown of Latency and Dynamic Energy *************************

----------- ADC (or S/As and precharger for SRAM) readLatency is : 15556.6ns
----------- Accumulation Circuits (subarray level: adders, shiftAdds; PE/Tile/Global level: accumulation units) readLatency is : 0ns
----------- Other Peripheries (e.g. decoders, mux, switchmatrix, buffers, IC, pooling and activation units) readLatency is : 5.18553e-05ns
----------- ADC (or S/As and precharger for SRAM) readDynamicEnergy is : 12892.7pJ
----------- Accumulation Circuits (subarray level: adders, shiftAdds; PE/Tile/Global level: accumulation units) readDynamicEnergy is : 0pJ
----------- Other Peripheries (e.g. decoders, mux, switchmatrix, buffers, IC, pooling and activation units) readDynamicEnergy is : 2374.75pJ

************************ Breakdown of Latency and Dynamic Energy *************************

-------------------- Estimation of Layer 34 ----------------------
layer34's readLatency is: 3457.02ns
layer34's readDynamicEnergy is: 4623.63pJ
layer34's leakagePower is: 28.1479uW
layer34's leakageEnergy is: 1556.93pJ
layer34's buffer latency is: 0ns
layer34's buffer readDynamicEnergy is: 0pJ
layer34's ic latency is: 0ns
layer34's ic readDynamicEnergy is: 0pJ

************************ Breakdown of Latency and Dynamic Energy *************************

----------- ADC (or S/As and precharger for SRAM) readLatency is : 3457.02ns
----------- Accumulation Circuits (subarray level: adders, shiftAdds; PE/Tile/Global level: accumulation units) readLatency is : 0ns
----------- Other Peripheries (e.g. decoders, mux, switchmatrix, buffers, IC, pooling and activation units) readLatency is : 3.88915e-05ns
----------- ADC (or S/As and precharger for SRAM) readDynamicEnergy is : 3585.25pJ
----------- Accumulation Circuits (subarray level: adders, shiftAdds; PE/Tile/Global level: accumulation units) readDynamicEnergy is : 0pJ
----------- Other Peripheries (e.g. decoders, mux, switchmatrix, buffers, IC, pooling and activation units) readDynamicEnergy is : 1038.38pJ

************************ Breakdown of Latency and Dynamic Energy *************************

-------------------- Estimation of Layer 35 ----------------------
layer35's readLatency is: 15556.6ns
layer35's readDynamicEnergy is: 17296.4pJ
layer35's leakagePower is: 21.5801uW
layer35's leakageEnergy is: 1193.64pJ
layer35's buffer latency is: 0ns
layer35's buffer readDynamicEnergy is: 0pJ
layer35's ic latency is: 0ns
layer35's ic readDynamicEnergy is: 0pJ

************************ Breakdown of Latency and Dynamic Energy *************************

----------- ADC (or S/As and precharger for SRAM) readLatency is : 15556.6ns
----------- Accumulation Circuits (subarray level: adders, shiftAdds; PE/Tile/Global level: accumulation units) readLatency is : 0ns
----------- Other Peripheries (e.g. decoders, mux, switchmatrix, buffers, IC, pooling and activation units) readLatency is : 5.18553e-05ns
----------- ADC (or S/As and precharger for SRAM) readDynamicEnergy is : 14686.7pJ
----------- Accumulation Circuits (subarray level: adders, shiftAdds; PE/Tile/Global level: accumulation units) readDynamicEnergy is : 0pJ
----------- Other Peripheries (e.g. decoders, mux, switchmatrix, buffers, IC, pooling and activation units) readDynamicEnergy is : 2609.72pJ

************************ Breakdown of Latency and Dynamic Energy *************************

-------------------- Estimation of Layer 36 ----------------------
layer36's readLatency is: 3457.02ns
layer36's readDynamicEnergy is: 4739.97pJ
layer36's leakagePower is: 28.1479uW
layer36's leakageEnergy is: 1556.93pJ
layer36's buffer latency is: 0ns
layer36's buffer readDynamicEnergy is: 0pJ
layer36's ic latency is: 0ns
layer36's ic readDynamicEnergy is: 0pJ

************************ Breakdown of Latency and Dynamic Energy *************************

----------- ADC (or S/As and precharger for SRAM) readLatency is : 3457.02ns
----------- Accumulation Circuits (subarray level: adders, shiftAdds; PE/Tile/Global level: accumulation units) readLatency is : 0ns
----------- Other Peripheries (e.g. decoders, mux, switchmatrix, buffers, IC, pooling and activation units) readLatency is : 3.88915e-05ns
----------- ADC (or S/As and precharger for SRAM) readDynamicEnergy is : 3680.75pJ
----------- Accumulation Circuits (subarray level: adders, shiftAdds; PE/Tile/Global level: accumulation units) readDynamicEnergy is : 0pJ
----------- Other Peripheries (e.g. decoders, mux, switchmatrix, buffers, IC, pooling and activation units) readDynamicEnergy is : 1059.22pJ

************************ Breakdown of Latency and Dynamic Energy *************************

-------------------- Estimation of Layer 37 ----------------------
layer37's readLatency is: 15556.6ns
layer37's readDynamicEnergy is: 18990.7pJ
layer37's leakagePower is: 21.5801uW
layer37's leakageEnergy is: 1193.64pJ
layer37's buffer latency is: 0ns
layer37's buffer readDynamicEnergy is: 0pJ
layer37's ic latency is: 0ns
layer37's ic readDynamicEnergy is: 0pJ

************************ Breakdown of Latency and Dynamic Energy *************************

----------- ADC (or S/As and precharger for SRAM) readLatency is : 15556.6ns
----------- Accumulation Circuits (subarray level: adders, shiftAdds; PE/Tile/Global level: accumulation units) readLatency is : 0ns
----------- Other Peripheries (e.g. decoders, mux, switchmatrix, buffers, IC, pooling and activation units) readLatency is : 6.48192e-05ns
----------- ADC (or S/As and precharger for SRAM) readDynamicEnergy is : 15888.9pJ
----------- Accumulation Circuits (subarray level: adders, shiftAdds; PE/Tile/Global level: accumulation units) readDynamicEnergy is : 0pJ
----------- Other Peripheries (e.g. decoders, mux, switchmatrix, buffers, IC, pooling and activation units) readDynamicEnergy is : 3101.77pJ

************************ Breakdown of Latency and Dynamic Energy *************************

-------------------- Estimation of Layer 38 ----------------------
layer38's readLatency is: 3457.02ns
layer38's readDynamicEnergy is: 4865.6pJ
layer38's leakagePower is: 28.1479uW
layer38's leakageEnergy is: 1556.93pJ
layer38's buffer latency is: 0ns
layer38's buffer readDynamicEnergy is: 0pJ
layer38's ic latency is: 0ns
layer38's ic readDynamicEnergy is: 0pJ

************************ Breakdown of Latency and Dynamic Energy *************************

----------- ADC (or S/As and precharger for SRAM) readLatency is : 3457.02ns
----------- Accumulation Circuits (subarray level: adders, shiftAdds; PE/Tile/Global level: accumulation units) readLatency is : 0ns
----------- Other Peripheries (e.g. decoders, mux, switchmatrix, buffers, IC, pooling and activation units) readLatency is : 3.88915e-05ns
----------- ADC (or S/As and precharger for SRAM) readDynamicEnergy is : 3783.85pJ
----------- Accumulation Circuits (subarray level: adders, shiftAdds; PE/Tile/Global level: accumulation units) readDynamicEnergy is : 0pJ
----------- Other Peripheries (e.g. decoders, mux, switchmatrix, buffers, IC, pooling and activation units) readDynamicEnergy is : 1081.75pJ

************************ Breakdown of Latency and Dynamic Energy *************************

-------------------- Estimation of Layer 39 ----------------------
layer39's readLatency is: 15556.6ns
layer39's readDynamicEnergy is: 24469.8pJ
layer39's leakagePower is: 43.1601uW
layer39's leakageEnergy is: 2387.29pJ
layer39's buffer latency is: 0ns
layer39's buffer readDynamicEnergy is: 0pJ
layer39's ic latency is: 0ns
layer39's ic readDynamicEnergy is: 0pJ

************************ Breakdown of Latency and Dynamic Energy *************************

----------- ADC (or S/As and precharger for SRAM) readLatency is : 15556.6ns
----------- Accumulation Circuits (subarray level: adders, shiftAdds; PE/Tile/Global level: accumulation units) readLatency is : 0ns
----------- Other Peripheries (e.g. decoders, mux, switchmatrix, buffers, IC, pooling and activation units) readLatency is : 9.07468e-05ns
----------- ADC (or S/As and precharger for SRAM) readDynamicEnergy is : 19733.9pJ
----------- Accumulation Circuits (subarray level: adders, shiftAdds; PE/Tile/Global level: accumulation units) readDynamicEnergy is : 0pJ
----------- Other Peripheries (e.g. decoders, mux, switchmatrix, buffers, IC, pooling and activation units) readDynamicEnergy is : 4735.99pJ

************************ Breakdown of Latency and Dynamic Energy *************************

-------------------- Estimation of Layer 40 ----------------------
layer40's readLatency is: 27.008ns
layer40's readDynamicEnergy is: 212.389pJ
layer40's leakagePower is: 30.0098uW
layer40's leakageEnergy is: 1659.91pJ
layer40's buffer latency is: 0ns
layer40's buffer readDynamicEnergy is: 0pJ
layer40's ic latency is: 0ns
layer40's ic readDynamicEnergy is: 0pJ

************************ Breakdown of Latency and Dynamic Energy *************************

----------- ADC (or S/As and precharger for SRAM) readLatency is : 27.008ns
----------- Accumulation Circuits (subarray level: adders, shiftAdds; PE/Tile/Global level: accumulation units) readLatency is : 0ns
----------- Other Peripheries (e.g. decoders, mux, switchmatrix, buffers, IC, pooling and activation units) readLatency is : 1.29638e-05ns
----------- ADC (or S/As and precharger for SRAM) readDynamicEnergy is : 23.3023pJ
----------- Accumulation Circuits (subarray level: adders, shiftAdds; PE/Tile/Global level: accumulation units) readDynamicEnergy is : 0pJ
----------- Other Peripheries (e.g. decoders, mux, switchmatrix, buffers, IC, pooling and activation units) readDynamicEnergy is : 189.086pJ

************************ Breakdown of Latency and Dynamic Energy *************************

------------------------------ Summary --------------------------------

ChipArea : 5.09957e+08um^2
Chip total CIM array : 1.8514e+06um^2
Total IC Area on chip (Global and Tile/PE local): 1.40142e+07um^2
Total ADC (or S/As and precharger for SRAM) Area on chip : 5.89712e+06um^2
Total Accumulation Circuits (subarray level: adders, shiftAdds; PE/Tile/Global level: accumulation units) on chip : 4.33242e+07um^2
Other Peripheries (e.g. decoders, mux, switchmatrix, buffers, pooling and activation units) : 2.10414e+07um^2

Chip clock period is: 108.032ns
Chip pipeline-system-clock-cycle (per image) is: 55312.4ns
Chip pipeline-system readDynamicEnergy (per image) is: 2.91167e+06pJ
Chip pipeline-system leakage Energy (per image) is: 39597pJ
Chip pipeline-system leakage Power (per image) is: 715.881uW
Chip pipeline-system buffer readLatency (per image) is: 0ns
Chip pipeline-system buffer readDynamicEnergy (per image) is: 0pJ
Chip pipeline-system ic readLatency (per image) is: 0ns
Chip pipeline-system ic readDynamicEnergy (per image) is: 0pJ

************************ Breakdown of Latency and Dynamic Energy *************************

----------- ADC (or S/As and precharger for SRAM) readLatency is : 55312.4ns
----------- Accumulation Circuits (subarray level: adders, shiftAdds; PE/Tile/Global level: accumulation units) readLatency is : 0ns
----------- Other Peripheries (e.g. decoders, mux, switchmatrix, buffers, IC, pooling and activation units) readLatency is : 0.00110193ns
----------- ADC (or S/As and precharger for SRAM) readDynamicEnergy is : 2.40564e+06pJ
----------- Accumulation Circuits (subarray level: adders, shiftAdds; PE/Tile/Global level: accumulation units) readDynamicEnergy is : 0pJ
----------- Other Peripheries (e.g. decoders, mux, switchmatrix, buffers, IC, pooling and activation units) readDynamicEnergy is : 506030pJ

************************ Breakdown of Latency and Dynamic Energy *************************


----------------------------- Performance -------------------------------
Energy Efficiency TOPS/W (Pipelined Process): 156.854
Throughput TOPS (Pipelined Process): 10.2104
Throughput FPS (Pipelined Process): 18079.1
Compute efficiency TOPS/mm^2 (Pipelined Process): 0.020022
-------------------------------------- Hardware Performance Done --------------------------------------

------------------------------ Simulation Performance --------------------------------
Total Run-time of NeuroSim: 61 seconds
------------------------------ Simulation Performance --------------------------------
