=================FLAGS==================
dataset: cifar10
model: VGG8
mode: WAGE
batch_size: 200
epochs: 200
grad_scale: 8
seed: 117
log_interval: 100
test_interval: 1
logdir: /home/qfc2zn/DNN_NeuroSim_V1.4/Inference_pytorch/log/default/ADCprecision=6/batch_size=200/cellBit=2/dataset=cifar10/decreasing_lr=140,180/detect=0/grad_scale=8/inference=1/lr=0.01/mode=WAGE/model=VGG8/onoffratio=10/parallelRead=128/seed=117/subArray=128/t=0/target=0/v=0/vari=0.0/wl_activate=8/wl_error=8/wl_grad=8/wl_weight=8
lr: 0.01
decreasing_lr: 140,180
wl_weight: 8
wl_grad: 8
wl_activate: 8
wl_error: 8
inference: 1
subArray: 128
parallelRead: 128
ADCprecision: 6
cellBit: 2
onoffratio: 10
vari: 0.0
t: 0
v: 0
detect: 0
target: 0
========================================
/home/qfc2zn/DNN_NeuroSim_V1.4/Inference_pytorch/log/default/ADCprecision=6/batch_size=200/cellBit=2/dataset=cifar10/decreasing_lr=140,180/detect=0/grad_scale=8/inference=1/lr=0.01/mode=WAGE/model=VGG8/onoffratio=10/parallelRead=128/seed=117/subArray=128/t=0/target=0/v=0/vari=0.0/wl_activate=8/wl_error=8/wl_grad=8/wl_weight=8
Building CIFAR-10 data loader with 1 workers
fan_in     27, float_limit 0.333333, float std 0.272166, quant limit 0.9921875, scale 2.0
fan_in   1152, float_limit 0.051031, float std 0.041667, quant limit 0.9921875, scale 16.0
fan_in   1152, float_limit 0.051031, float std 0.041667, quant limit 0.9921875, scale 16.0
fan_in   2304, float_limit 0.036084, float std 0.029463, quant limit 0.9921875, scale 16.0
fan_in   2304, float_limit 0.036084, float std 0.029463, quant limit 0.9921875, scale 16.0
fan_in   4608, float_limit 0.025516, float std 0.020833, quant limit 0.9921875, scale 32.0
fan_in   8192, float_limit 0.019137, float std 0.015625, quant limit 0.9921875, scale 32.0
fan_in   1024, float_limit 0.054127, float std 0.044194, quant limit 0.9921875, scale 16.0
Test set: Average loss: 1.5066, Accuracy: 9218/10000 (92%)
---------------- CiM interface (Param.cpp) ----------------
cimInterfaceMode: 1 (0=BASELINE_ADC, 1=SIGMA_DELTA_STREAM)
SARADC (baseline SAR vs MLSA): true
Sigma-delta: f_c = 1e+08 Hz, T_o = 5e-09 s
Sigma-delta: C_int = 100 fF, I_ref = 20 nA
Sigma-delta: Vdd = 0.4 V
Sigma-delta: rowSigmaDeltaSeparateAccounting = false
Sigma-delta: settleCycles = 3
-------------------------------------------------------------

User assigned speed-up degree is larger than the upper bound (where no idle period during the whole process) 
The speed-up degree is auto-assigned as the upper bound (where no idle period during the whole process) 
------------------------------ FloorPlan --------------------------------

Tile and PE size are optimized to maximize memory utilization ( = memory mapped by synapse / total memory on chip)

Desired Conventional Mapped Tile Storage Size: 1024x1024
Desired Conventional PE Storage Size: 512x512
Desired Novel Mapped Tile Storage Size: 9x512x512
User-defined SubArray Size: 128x128

----------------- # of tile used for each layer -----------------
layer1: 2
layer2: 8
layer3: 4
layer4: 8
layer5: 8
layer6: 8
layer7: 64
layer8: 1

----------------- Speed-up of each layer ------------------
layer1: 16
layer2: 16
layer3: 4
layer4: 4
layer5: 2
layer6: 1
layer7: 1
layer8: 8

----------------- Utilization of each layer ------------------
layer1: 0.210938
layer2: 1
layer3: 1
layer4: 1
layer5: 1
layer6: 1
layer7: 1
layer8: 0.625
Memory Utilization of Whole Chip: 98.1038 % 

---------------------------- FloorPlan Done ------------------------------



clkPeriod: 9.26232e-09
-------------------------------------- Hardware Performance --------------------------------------
-------------------- Estimation of Layer 1 ----------------------
layer1's readLatency is: 724680ns
layer1's readDynamicEnergy is: 1.12709e+06pJ
layer1's leakagePower is: 0uW
layer1's leakageEnergy is: 0pJ
layer1's buffer latency is: 572629ns
layer1's buffer readDynamicEnergy is: 8031.1pJ
layer1's ic latency is: 116333ns
layer1's ic readDynamicEnergy is: 546940pJ

************************ Breakdown of Latency and Dynamic Energy *************************

----------- ADC (or S/As and precharger for SRAM) readLatency is : 33344.4ns
----------- Accumulation Circuits (subarray level: adders, shiftAdds; PE/Tile/Global level: accumulation units) readLatency is : 1447.24ns
----------- Other Peripheries (e.g. decoders, mux, switchmatrix, buffers, IC, pooling and activation units) readLatency is : 689888ns
----------- ADC (or S/As and precharger for SRAM) readDynamicEnergy is : 197777pJ
----------- Accumulation Circuits (subarray level: adders, shiftAdds; PE/Tile/Global level: accumulation units) readDynamicEnergy is : 123824pJ
----------- Other Peripheries (e.g. decoders, mux, switchmatrix, buffers, IC, pooling and activation units) readDynamicEnergy is : 805494pJ

************************ Breakdown of Latency and Dynamic Energy *************************

-------------------- Estimation of Layer 2 ----------------------
layer2's readLatency is: 345812ns
layer2's readDynamicEnergy is: 8.87467e+06pJ
layer2's leakagePower is: 183.925uW
layer2's leakageEnergy is: 133286pJ
layer2's buffer latency is: 212122ns
layer2's buffer readDynamicEnergy is: 66070.4pJ
layer2's ic latency is: 83384ns
layer2's ic readDynamicEnergy is: 2.30245e+06pJ

************************ Breakdown of Latency and Dynamic Energy *************************

----------- ADC (or S/As and precharger for SRAM) readLatency is : 33344.4ns
----------- Accumulation Circuits (subarray level: adders, shiftAdds; PE/Tile/Global level: accumulation units) readLatency is : 9783.33ns
----------- Other Peripheries (e.g. decoders, mux, switchmatrix, buffers, IC, pooling and activation units) readLatency is : 302685ns
----------- ADC (or S/As and precharger for SRAM) readDynamicEnergy is : 2.89205e+06pJ
----------- Accumulation Circuits (subarray level: adders, shiftAdds; PE/Tile/Global level: accumulation units) readDynamicEnergy is : 1.11589e+06pJ
----------- Other Peripheries (e.g. decoders, mux, switchmatrix, buffers, IC, pooling and activation units) readDynamicEnergy is : 4.86673e+06pJ

************************ Breakdown of Latency and Dynamic Energy *************************

-------------------- Estimation of Layer 3 ----------------------
layer3's readLatency is: 149139ns
layer3's readDynamicEnergy is: 3.87337e+06pJ
layer3's leakagePower is: 139.701uW
layer3's leakageEnergy is: 101238pJ
layer3's buffer latency is: 50601.2ns
layer3's buffer readDynamicEnergy is: 28736.9pJ
layer3's ic latency is: 66814.8ns
layer3's ic readDynamicEnergy is: 1.01583e+06pJ

************************ Breakdown of Latency and Dynamic Energy *************************

----------- ADC (or S/As and precharger for SRAM) readLatency is : 29046.6ns
----------- Accumulation Circuits (subarray level: adders, shiftAdds; PE/Tile/Global level: accumulation units) readLatency is : 2269.27ns
----------- Other Peripheries (e.g. decoders, mux, switchmatrix, buffers, IC, pooling and activation units) readLatency is : 117824ns
----------- ADC (or S/As and precharger for SRAM) readDynamicEnergy is : 1.25939e+06pJ
----------- Accumulation Circuits (subarray level: adders, shiftAdds; PE/Tile/Global level: accumulation units) readDynamicEnergy is : 481486pJ
----------- Other Peripheries (e.g. decoders, mux, switchmatrix, buffers, IC, pooling and activation units) readDynamicEnergy is : 2.1325e+06pJ

************************ Breakdown of Latency and Dynamic Energy *************************

-------------------- Estimation of Layer 4 ----------------------
layer4's readLatency is: 169319ns
layer4's readDynamicEnergy is: 5.49295e+06pJ
layer4's leakagePower is: 279.558uW
layer4's leakageEnergy is: 202590pJ
layer4's buffer latency is: 72840.1ns
layer4's buffer readDynamicEnergy is: 41564.3pJ
layer4's ic latency is: 61624.8ns
layer4's ic readDynamicEnergy is: 1.28361e+06pJ

************************ Breakdown of Latency and Dynamic Energy *************************

----------- ADC (or S/As and precharger for SRAM) readLatency is : 29046.6ns
----------- Accumulation Circuits (subarray level: adders, shiftAdds; PE/Tile/Global level: accumulation units) readLatency is : 2676.81ns
----------- Other Peripheries (e.g. decoders, mux, switchmatrix, buffers, IC, pooling and activation units) readLatency is : 137596ns
----------- ADC (or S/As and precharger for SRAM) readDynamicEnergy is : 1.29652e+06pJ
----------- Accumulation Circuits (subarray level: adders, shiftAdds; PE/Tile/Global level: accumulation units) readDynamicEnergy is : 965026pJ
----------- Other Peripheries (e.g. decoders, mux, switchmatrix, buffers, IC, pooling and activation units) readDynamicEnergy is : 3.2314e+06pJ

************************ Breakdown of Latency and Dynamic Energy *************************

-------------------- Estimation of Layer 5 ----------------------
layer5's readLatency is: 49058.8ns
layer5's readDynamicEnergy is: 2.22789e+06pJ
layer5's leakagePower is: 340.095uW
layer5's leakageEnergy is: 246460pJ
layer5's buffer latency is: 14885.5ns
layer5's buffer readDynamicEnergy is: 15245.7pJ
layer5's ic latency is: 22854.8ns
layer5's ic readDynamicEnergy is: 476300pJ

************************ Breakdown of Latency and Dynamic Energy *************************

----------- ADC (or S/As and precharger for SRAM) readLatency is : 10670.2ns
----------- Accumulation Circuits (subarray level: adders, shiftAdds; PE/Tile/Global level: accumulation units) readLatency is : 500.165ns
----------- Other Peripheries (e.g. decoders, mux, switchmatrix, buffers, IC, pooling and activation units) readLatency is : 37888.5ns
----------- ADC (or S/As and precharger for SRAM) readDynamicEnergy is : 645036pJ
----------- Accumulation Circuits (subarray level: adders, shiftAdds; PE/Tile/Global level: accumulation units) readDynamicEnergy is : 353944pJ
----------- Other Peripheries (e.g. decoders, mux, switchmatrix, buffers, IC, pooling and activation units) readDynamicEnergy is : 1.22891e+06pJ

************************ Breakdown of Latency and Dynamic Energy *************************

-------------------- Estimation of Layer 6 ----------------------
layer6's readLatency is: 90466ns
layer6's readDynamicEnergy is: 3.56823e+06pJ
layer6's leakagePower is: 342.526uW
layer6's leakageEnergy is: 248222pJ
layer6's buffer latency is: 24495.1ns
layer6's buffer readDynamicEnergy is: 24659.3pJ
layer6's ic latency is: 42815.1ns
layer6's ic readDynamicEnergy is: 677807pJ

************************ Breakdown of Latency and Dynamic Energy *************************

----------- ADC (or S/As and precharger for SRAM) readLatency is : 21340.4ns
----------- Accumulation Circuits (subarray level: adders, shiftAdds; PE/Tile/Global level: accumulation units) readLatency is : 666.887ns
----------- Other Peripheries (e.g. decoders, mux, switchmatrix, buffers, IC, pooling and activation units) readLatency is : 68458.7ns
----------- ADC (or S/As and precharger for SRAM) readDynamicEnergy is : 792469pJ
----------- Accumulation Circuits (subarray level: adders, shiftAdds; PE/Tile/Global level: accumulation units) readDynamicEnergy is : 708262pJ
----------- Other Peripheries (e.g. decoders, mux, switchmatrix, buffers, IC, pooling and activation units) readDynamicEnergy is : 2.06749e+06pJ

************************ Breakdown of Latency and Dynamic Energy *************************

-------------------- Estimation of Layer 7 ----------------------
layer7's readLatency is: 4031.43ns
layer7's readDynamicEnergy is: 293876pJ
layer7's leakagePower is: 776.479uW
layer7's leakageEnergy is: 562699pJ
layer7's buffer latency is: 2435.99ns
layer7's buffer readDynamicEnergy is: 2678.69pJ
layer7's ic latency is: 965.597ns
layer7's ic readDynamicEnergy is: 64258.7pJ

************************ Breakdown of Latency and Dynamic Energy *************************

----------- ADC (or S/As and precharger for SRAM) readLatency is : 592.789ns
----------- Accumulation Circuits (subarray level: adders, shiftAdds; PE/Tile/Global level: accumulation units) readLatency is : 27.787ns
----------- Other Peripheries (e.g. decoders, mux, switchmatrix, buffers, IC, pooling and activation units) readLatency is : 3410.85ns
----------- ADC (or S/As and precharger for SRAM) readDynamicEnergy is : 31696.9pJ
----------- Accumulation Circuits (subarray level: adders, shiftAdds; PE/Tile/Global level: accumulation units) readDynamicEnergy is : 70068.3pJ
----------- Other Peripheries (e.g. decoders, mux, switchmatrix, buffers, IC, pooling and activation units) readDynamicEnergy is : 192111pJ

************************ Breakdown of Latency and Dynamic Energy *************************

-------------------- Estimation of Layer 8 ----------------------
layer8's readLatency is: 2251.29ns
layer8's readDynamicEnergy is: 2016.96pJ
layer8's leakagePower is: 12.1625uW
layer8's leakageEnergy is: 8813.89pJ
layer8's buffer latency is: 1303.03ns
layer8's buffer readDynamicEnergy is: 26.7948pJ
layer8's ic latency is: 854.485ns
layer8's ic readDynamicEnergy is: 1422.08pJ

************************ Breakdown of Latency and Dynamic Energy *************************

----------- ADC (or S/As and precharger for SRAM) readLatency is : 74.0986ns
----------- Accumulation Circuits (subarray level: adders, shiftAdds; PE/Tile/Global level: accumulation units) readLatency is : 10.4201ns
----------- Other Peripheries (e.g. decoders, mux, switchmatrix, buffers, IC, pooling and activation units) readLatency is : 2166.78ns
----------- ADC (or S/As and precharger for SRAM) readDynamicEnergy is : 144.703pJ
----------- Accumulation Circuits (subarray level: adders, shiftAdds; PE/Tile/Global level: accumulation units) readDynamicEnergy is : 145.912pJ
----------- Other Peripheries (e.g. decoders, mux, switchmatrix, buffers, IC, pooling and activation units) readDynamicEnergy is : 1726.35pJ

************************ Breakdown of Latency and Dynamic Energy *************************

------------------------------ Summary --------------------------------

ChipArea : 3.2534e+08um^2
Chip total CIM array : 3.60536e+06um^2
Total IC Area on chip (Global and Tile/PE local): 2.55189e+07um^2
Total ADC (or S/As and precharger for SRAM) Area on chip : 1.43548e+06um^2
Total Accumulation Circuits (subarray level: adders, shiftAdds; PE/Tile/Global level: accumulation units) on chip : 1.54545e+07um^2
Other Peripheries (e.g. decoders, mux, switchmatrix, buffers, pooling and activation units) : 4.96364e+07um^2

Chip clock period is: 9.26232ns
Chip pipeline-system-clock-cycle (per image) is: 724680ns
Chip pipeline-system readDynamicEnergy (per image) is: 2.54601e+07pJ
Chip pipeline-system leakage Energy (per image) is: 1.50331e+06pJ
Chip pipeline-system leakage Power (per image) is: 2074.45uW
Chip pipeline-system buffer readLatency (per image) is: 572629ns
Chip pipeline-system buffer readDynamicEnergy (per image) is: 187013pJ
Chip pipeline-system ic readLatency (per image) is: 116333ns
Chip pipeline-system ic readDynamicEnergy (per image) is: 6.36862e+06pJ

************************ Breakdown of Latency and Dynamic Energy *************************

----------- ADC (or S/As and precharger for SRAM) readLatency is : 33344.4ns
----------- Accumulation Circuits (subarray level: adders, shiftAdds; PE/Tile/Global level: accumulation units) readLatency is : 9783.33ns
----------- Other Peripheries (e.g. decoders, mux, switchmatrix, buffers, IC, pooling and activation units) readLatency is : 689888ns
----------- ADC (or S/As and precharger for SRAM) readDynamicEnergy is : 7.11509e+06pJ
----------- Accumulation Circuits (subarray level: adders, shiftAdds; PE/Tile/Global level: accumulation units) readDynamicEnergy is : 3.81865e+06pJ
----------- Other Peripheries (e.g. decoders, mux, switchmatrix, buffers, IC, pooling and activation units) readDynamicEnergy is : 1.45264e+07pJ

************************ Breakdown of Latency and Dynamic Energy *************************


----------------------------- Performance -------------------------------
Energy Efficiency TOPS/W (Pipelined Process): 37.4471
Throughput TOPS (Pipelined Process): 1.69983
Throughput FPS (Pipelined Process): 1379.92
Compute efficiency TOPS/mm^2 (Pipelined Process): 0.0052248
-------------------------------------- Hardware Performance Done --------------------------------------

------------------------------ Simulation Performance --------------------------------
Total Run-time of NeuroSim: 77 seconds
------------------------------ Simulation Performance --------------------------------
quantize layer  Conv0_
quantize layer  Conv1_
quantize layer  Conv3_
quantize layer  Conv4_
quantize layer  Conv6_
quantize layer  Conv7_
quantize layer  FC0_
quantize layer  FC1_
 --- Hardware Properties --- 
subArray size: 
128
parallel read: 
128
ADC precision: 
6
cell precision: 
2
on/off ratio: 
10
variation: 
0.0
